  Determining projects to restore...
  Nothing to do. None of the projects specified contain packages to restore.
CSC : error CS5001: Program does not contain a static 'Main' method suitable for an entry point [G:\CSharp\EsportsTournamentManager\EsportsTournamentManager\EsportsTournamentManager.csproj]
G:\CSharp\EsportsTournamentManager\EsportsTournamentManager\Views\User\Tournaments\TournamentOverview.xaml.cs(26,13): error CS0103: The name 'InitializeComponent' does not exist in the current context [G:\CSharp\EsportsTournamentManager\EsportsTournamentManager\EsportsTournamentManager.csproj]
G:\CSharp\EsportsTournamentManager\EsportsTournamentManager\MainWindow.xaml.cs(17,13): error CS0103: The name 'InitializeComponent' does not exist in the current context [G:\CSharp\EsportsTournamentManager\EsportsTournamentManager\EsportsTournamentManager.csproj]
G:\CSharp\EsportsTournamentManager\EsportsTournamentManager\MainWindow.xaml.cs(20,13): error CS0103: The name 'LoginSection' does not exist in the current context [G:\CSharp\EsportsTournamentManager\EsportsTournamentManager\EsportsTournamentManager.csproj]
G:\CSharp\EsportsTournamentManager\EsportsTournamentManager\MainWindow.xaml.cs(21,13): error CS0103: The name 'AdminMainSection' does not exist in the current context [G:\CSharp\EsportsTournamentManager\EsportsTournamentManager\EsportsTournamentManager.csproj]
G:\CSharp\EsportsTournamentManager\EsportsTournamentManager\MainWindow.xaml.cs(22,13): error CS0103: The name 'UserMainSection' does not exist in the current context [G:\CSharp\EsportsTournamentManager\EsportsTournamentManager\EsportsTournamentManager.csproj]
G:\CSharp\EsportsTournamentManager\EsportsTournamentManager\MainWindow.xaml.cs(30,17): error CS0103: The name 'LoginSection' does not exist in the current context [G:\CSharp\EsportsTournamentManager\EsportsTournamentManager\EsportsTournamentManager.csproj]
G:\CSharp\EsportsTournamentManager\EsportsTournamentManager\MainWindow.xaml.cs(33,21): error CS0103: The name 'AdminMainSection' does not exist in the current context [G:\CSharp\EsportsTournamentManager\EsportsTournamentManager\EsportsTournamentManager.csproj]
G:\CSharp\EsportsTournamentManager\EsportsTournamentManager\MainWindow.xaml.cs(34,21): error CS0103: The name 'AdminMainSection' does not exist in the current context [G:\CSharp\EsportsTournamentManager\EsportsTournamentManager\EsportsTournamentManager.csproj]
G:\CSharp\EsportsTournamentManager\EsportsTournamentManager\MainWindow.xaml.cs(38,21): error CS0103: The name 'UserMainSection' does not exist in the current context [G:\CSharp\EsportsTournamentManager\EsportsTournamentManager\EsportsTournamentManager.csproj]
G:\CSharp\EsportsTournamentManager\EsportsTournamentManager\MainWindow.xaml.cs(39,21): error CS0103: The name 'UserMainSection' does not exist in the current context [G:\CSharp\EsportsTournamentManager\EsportsTournamentManager\EsportsTournamentManager.csproj]
G:\CSharp\EsportsTournamentManager\EsportsTournamentManager\MainWindow.xaml.cs(57,13): error CS0103: The name 'AdminMainSection' does not exist in the current context [G:\CSharp\EsportsTournamentManager\EsportsTournamentManager\EsportsTournamentManager.csproj]
G:\CSharp\EsportsTournamentManager\EsportsTournamentManager\MainWindow.xaml.cs(58,13): error CS0103: The name 'UserMainSection' does not exist in the current context [G:\CSharp\EsportsTournamentManager\EsportsTournamentManager\EsportsTournamentManager.csproj]
G:\CSharp\EsportsTournamentManager\EsportsTournamentManager\MainWindow.xaml.cs(59,13): error CS0103: The name 'LoginSection' does not exist in the current context [G:\CSharp\EsportsTournamentManager\EsportsTournamentManager\EsportsTournamentManager.csproj]
G:\CSharp\EsportsTournamentManager\EsportsTournamentManager\Views\Admin\PrizePools\PrizePoolsView.xaml.cs(17,13): error CS0103: The name 'InitializeComponent' does not exist in the current context [G:\CSharp\EsportsTournamentManager\EsportsTournamentManager\EsportsTournamentManager.csproj]
G:\CSharp\EsportsTournamentManager\EsportsTournamentManager\Views\Admin\AdminMain.xaml.cs(13,13): error CS0103: The name 'InitializeComponent' does not exist in the current context [G:\CSharp\EsportsTournamentManager\EsportsTournamentManager\EsportsTournamentManager.csproj]
G:\CSharp\EsportsTournamentManager\EsportsTournamentManager\Views\Admin\AdminMain.xaml.cs(18,13): error CS0103: The name 'TxtHeaderUserName' does not exist in the current context [G:\CSharp\EsportsTournamentManager\EsportsTournamentManager\EsportsTournamentManager.csproj]
G:\CSharp\EsportsTournamentManager\EsportsTournamentManager\Views\Admin\AdminMain.xaml.cs(19,13): error CS0103: The name 'TxtHeaderUserRole' does not exist in the current context [G:\CSharp\EsportsTournamentManager\EsportsTournamentManager\EsportsTournamentManager.csproj]
G:\CSharp\EsportsTournamentManager\EsportsTournamentManager\Views\Auth\LoginView.xaml.cs(16,13): error CS0103: The name 'InitializeComponent' does not exist in the current context [G:\CSharp\EsportsTournamentManager\EsportsTournamentManager\EsportsTournamentManager.csproj]
G:\CSharp\EsportsTournamentManager\EsportsTournamentManager\Views\Admin\Dashboard\DashboardView.xaml.cs(15,13): error CS0103: The name 'InitializeComponent' does not exist in the current context [G:\CSharp\EsportsTournamentManager\EsportsTournamentManager\EsportsTournamentManager.csproj]
G:\CSharp\EsportsTournamentManager\EsportsTournamentManager\Views\Admin\Tournaments\MatchDetailDialog.xaml.cs(25,13): error CS0103: The name 'InitializeComponent' does not exist in the current context [G:\CSharp\EsportsTournamentManager\EsportsTournamentManager\EsportsTournamentManager.csproj]
G:\CSharp\EsportsTournamentManager\EsportsTournamentManager\Views\Admin\PrizePools\PrizePoolsView.xaml.cs(30,21): error CS0103: The name 'CboTournaments' does not exist in the current context [G:\CSharp\EsportsTournamentManager\EsportsTournamentManager\EsportsTournamentManager.csproj]
G:\CSharp\EsportsTournamentManager\EsportsTournamentManager\Views\Admin\PrizePools\PrizePoolsView.xaml.cs(34,25): error CS0103: The name 'CboTournaments' does not exist in the current context [G:\CSharp\EsportsTournamentManager\EsportsTournamentManager\EsportsTournamentManager.csproj]
G:\CSharp\EsportsTournamentManager\EsportsTournamentManager\Views\Admin\PrizePools\PrizePoolsView.xaml.cs(38,25): error CS0103: The name 'PanelTournamentDetails' does not exist in the current context [G:\CSharp\EsportsTournamentManager\EsportsTournamentManager\EsportsTournamentManager.csproj]
G:\CSharp\EsportsTournamentManager\EsportsTournamentManager\Views\Admin\Teams\TeamDialog.xaml.cs(14,13): error CS0103: The name 'InitializeComponent' does not exist in the current context [G:\CSharp\EsportsTournamentManager\EsportsTournamentManager\EsportsTournamentManager.csproj]
G:\CSharp\EsportsTournamentManager\EsportsTournamentManager\Views\Admin\Teams\TeamDialog.xaml.cs(20,17): error CS0103: The name 'TxtTitle' does not exist in the current context [G:\CSharp\EsportsTournamentManager\EsportsTournamentManager\EsportsTournamentManager.csproj]
G:\CSharp\EsportsTournamentManager\EsportsTournamentManager\Views\Admin\Teams\TeamDialog.xaml.cs(21,17): error CS0103: The name 'TxtTeamName' does not exist in the current context [G:\CSharp\EsportsTournamentManager\EsportsTournamentManager\EsportsTournamentManager.csproj]
G:\CSharp\EsportsTournamentManager\EsportsTournamentManager\Views\Admin\Teams\TeamDialog.xaml.cs(22,17): error CS0103: The name 'TxtAcronym' does not exist in the current context [G:\CSharp\EsportsTournamentManager\EsportsTournamentManager\EsportsTournamentManager.csproj]
G:\CSharp\EsportsTournamentManager\EsportsTournamentManager\Views\Admin\Teams\TeamDialog.xaml.cs(23,17): error CS0103: The name 'TxtCoach' does not exist in the current context [G:\CSharp\EsportsTournamentManager\EsportsTournamentManager\EsportsTournamentManager.csproj]
G:\CSharp\EsportsTournamentManager\EsportsTournamentManager\Views\Admin\Teams\TeamDialog.xaml.cs(24,17): error CS0103: The name 'TxtLogoPath' does not exist in the current context [G:\CSharp\EsportsTournamentManager\EsportsTournamentManager\EsportsTournamentManager.csproj]
G:\CSharp\EsportsTournamentManager\EsportsTournamentManager\Views\Admin\Teams\TeamsView.xaml.cs(21,13): error CS0103: The name 'InitializeComponent' does not exist in the current context [G:\CSharp\EsportsTournamentManager\EsportsTournamentManager\EsportsTournamentManager.csproj]
G:\CSharp\EsportsTournamentManager\EsportsTournamentManager\Views\Admin\PrizePools\PrizePoolsView.xaml.cs(50,17): error CS0103: The name 'CboTournaments' does not exist in the current context [G:\CSharp\EsportsTournamentManager\EsportsTournamentManager\EsportsTournamentManager.csproj]
G:\CSharp\EsportsTournamentManager\EsportsTournamentManager\Views\Admin\PrizePools\PrizePoolsView.xaml.cs(56,17): error CS0103: The name 'PanelTournamentDetails' does not exist in the current context [G:\CSharp\EsportsTournamentManager\EsportsTournamentManager\EsportsTournamentManager.csproj]
G:\CSharp\EsportsTournamentManager\EsportsTournamentManager\Views\Auth\LoginView.xaml.cs(27,31): error CS0103: The name 'TxtUsername' does not exist in the current context [G:\CSharp\EsportsTournamentManager\EsportsTournamentManager\EsportsTournamentManager.csproj]
G:\CSharp\EsportsTournamentManager\EsportsTournamentManager\Views\Auth\LoginView.xaml.cs(28,31): error CS0103: The name 'TxtPassword' does not exist in the current context [G:\CSharp\EsportsTournamentManager\EsportsTournamentManager\EsportsTournamentManager.csproj]
G:\CSharp\EsportsTournamentManager\EsportsTournamentManager\Views\Auth\LoginView.xaml.cs(30,13): error CS0103: The name 'LblLoginError' does not exist in the current context [G:\CSharp\EsportsTournamentManager\EsportsTournamentManager\EsportsTournamentManager.csproj]
G:\CSharp\EsportsTournamentManager\EsportsTournamentManager\Views\Auth\LoginView.xaml.cs(34,17): error CS0103: The name 'LblLoginError' does not exist in the current context [G:\CSharp\EsportsTournamentManager\EsportsTournamentManager\EsportsTournamentManager.csproj]
G:\CSharp\EsportsTournamentManager\EsportsTournamentManager\Views\Auth\LoginView.xaml.cs(35,17): error CS0103: The name 'LblLoginError' does not exist in the current context [G:\CSharp\EsportsTournamentManager\EsportsTournamentManager\EsportsTournamentManager.csproj]
G:\CSharp\EsportsTournamentManager\EsportsTournamentManager\Views\Auth\LoginView.xaml.cs(45,21): error CS0103: The name 'TxtUsername' does not exist in the current context [G:\CSharp\EsportsTournamentManager\EsportsTournamentManager\EsportsTournamentManager.csproj]
G:\CSharp\EsportsTournamentManager\EsportsTournamentManager\Views\Auth\LoginView.xaml.cs(46,21): error CS0103: The name 'TxtPassword' does not exist in the current context [G:\CSharp\EsportsTournamentManager\EsportsTournamentManager\EsportsTournamentManager.csproj]
G:\CSharp\EsportsTournamentManager\EsportsTournamentManager\Views\Auth\LoginView.xaml.cs(52,21): error CS0103: The name 'LblLoginError' does not exist in the current context [G:\CSharp\EsportsTournamentManager\EsportsTournamentManager\EsportsTournamentManager.csproj]
G:\CSharp\EsportsTournamentManager\EsportsTournamentManager\Views\Auth\LoginView.xaml.cs(53,21): error CS0103: The name 'LblLoginError' does not exist in the current context [G:\CSharp\EsportsTournamentManager\EsportsTournamentManager\EsportsTournamentManager.csproj]
G:\CSharp\EsportsTournamentManager\EsportsTournamentManager\Views\Auth\LoginView.xaml.cs(58,17): error CS0103: The name 'LblLoginError' does not exist in the current context [G:\CSharp\EsportsTournamentManager\EsportsTournamentManager\EsportsTournamentManager.csproj]
G:\CSharp\EsportsTournamentManager\EsportsTournamentManager\Views\Auth\LoginView.xaml.cs(59,17): error CS0103: The name 'LblLoginError' does not exist in the current context [G:\CSharp\EsportsTournamentManager\EsportsTournamentManager\EsportsTournamentManager.csproj]
G:\CSharp\EsportsTournamentManager\EsportsTournamentManager\Views\Admin\Teams\TeamsView.xaml.cs(41,17): error CS0103: The name 'ComboTeamsFilter' does not exist in the current context [G:\CSharp\EsportsTournamentManager\EsportsTournamentManager\EsportsTournamentManager.csproj]
G:\CSharp\EsportsTournamentManager\EsportsTournamentManager\Views\User\Tournaments\TournamentOverview.xaml.cs(37,17): error CS0103: The name 'TxtTournamentOverviewHeader' does not exist in the current context [G:\CSharp\EsportsTournamentManager\EsportsTournamentManager\EsportsTournamentManager.csproj]
G:\CSharp\EsportsTournamentManager\EsportsTournamentManager\Views\User\Tournaments\TournamentOverview.xaml.cs(38,17): error CS0103: The name 'TxtInfoGameType' does not exist in the current context [G:\CSharp\EsportsTournamentManager\EsportsTournamentManager\EsportsTournamentManager.csproj]
G:\CSharp\EsportsTournamentManager\EsportsTournamentManager\Views\User\Tournaments\TournamentOverview.xaml.cs(41,49): error CS0103: The name 'TxtInfoFormat' does not exist in the current context [G:\CSharp\EsportsTournamentManager\EsportsTournamentManager\EsportsTournamentManager.csproj]
G:\CSharp\EsportsTournamentManager\EsportsTournamentManager\Views\User\Tournaments\TournamentOverview.xaml.cs(42,54): error CS0103: The name 'TxtInfoFormat' does not exist in the current context [G:\CSharp\EsportsTournamentManager\EsportsTournamentManager\EsportsTournamentManager.csproj]
G:\CSharp\EsportsTournamentManager\EsportsTournamentManager\Views\User\Tournaments\TournamentOverview.xaml.cs(43,22): error CS0103: The name 'TxtInfoFormat' does not exist in the current context [G:\CSharp\EsportsTournamentManager\EsportsTournamentManager\EsportsTournamentManager.csproj]
G:\CSharp\EsportsTournamentManager\EsportsTournamentManager\Views\User\Tournaments\TournamentOverview.xaml.cs(45,17): error CS0103: The name 'TxtInfoMaxTeams' does not exist in the current context [G:\CSharp\EsportsTournamentManager\EsportsTournamentManager\EsportsTournamentManager.csproj]
G:\CSharp\EsportsTournamentManager\EsportsTournamentManager\Views\User\Tournaments\TournamentOverview.xaml.cs(59,17): error CS0103: The name 'TxtInfoStatus' does not exist in the current context [G:\CSharp\EsportsTournamentManager\EsportsTournamentManager\EsportsTournamentManager.csproj]
G:\CSharp\EsportsTournamentManager\EsportsTournamentManager\Views\User\Tournaments\TournamentOverview.xaml.cs(60,17): error CS0103: The name 'TxtInfoStatus' does not exist in the current context [G:\CSharp\EsportsTournamentManager\EsportsTournamentManager\EsportsTournamentManager.csproj]
G:\CSharp\EsportsTournamentManager\EsportsTournamentManager\Views\User\Tournaments\TournamentOverview.xaml.cs(64,17): error CS0103: The name 'TxtOverviewAvgKills' does not exist in the current context [G:\CSharp\EsportsTournamentManager\EsportsTournamentManager\EsportsTournamentManager.csproj]
G:\CSharp\EsportsTournamentManager\EsportsTournamentManager\Views\User\Tournaments\TournamentOverview.xaml.cs(65,17): error CS0103: The name 'TxtOverviewAvgCS' does not exist in the current context [G:\CSharp\EsportsTournamentManager\EsportsTournamentManager\EsportsTournamentManager.csproj]
G:\CSharp\EsportsTournamentManager\EsportsTournamentManager\Views\User\Tournaments\TournamentOverview.xaml.cs(66,17): error CS0103: The name 'TxtOverviewAvgDamage' does not exist in the current context [G:\CSharp\EsportsTournamentManager\EsportsTournamentManager\EsportsTournamentManager.csproj]
G:\CSharp\EsportsTournamentManager\EsportsTournamentManager\Views\User\Tournaments\TournamentOverview.xaml.cs(67,17): error CS0103: The name 'TxtOverviewTopTeam' does not exist in the current context [G:\CSharp\EsportsTournamentManager\EsportsTournamentManager\EsportsTournamentManager.csproj]
G:\CSharp\EsportsTournamentManager\EsportsTournamentManager\Views\User\Tournaments\TournamentOverview.xaml.cs(73,21): error CS0103: The name 'TxtChampionName' does not exist in the current context [G:\CSharp\EsportsTournamentManager\EsportsTournamentManager\EsportsTournamentManager.csproj]
G:\CSharp\EsportsTournamentManager\EsportsTournamentManager\Views\User\Tournaments\TournamentOverview.xaml.cs(74,21): error CS0103: The name 'TxtChampionName' does not exist in the current context [G:\CSharp\EsportsTournamentManager\EsportsTournamentManager\EsportsTournamentManager.csproj]
G:\CSharp\EsportsTournamentManager\EsportsTournamentManager\Views\User\Tournaments\TournamentOverview.xaml.cs(75,21): error CS0103: The name 'PanelTournamentChampion' does not exist in the current context [G:\CSharp\EsportsTournamentManager\EsportsTournamentManager\EsportsTournamentManager.csproj]
G:\CSharp\EsportsTournamentManager\EsportsTournamentManager\Views\User\Tournaments\TournamentOverview.xaml.cs(76,21): error CS0103: The name 'TxtChampionNotDecided' does not exist in the current context [G:\CSharp\EsportsTournamentManager\EsportsTournamentManager\EsportsTournamentManager.csproj]
G:\CSharp\EsportsTournamentManager\EsportsTournamentManager\Views\User\Tournaments\TournamentOverview.xaml.cs(80,21): error CS0103: The name 'PanelTournamentChampion' does not exist in the current context [G:\CSharp\EsportsTournamentManager\EsportsTournamentManager\EsportsTournamentManager.csproj]
G:\CSharp\EsportsTournamentManager\EsportsTournamentManager\Views\User\Tournaments\TournamentOverview.xaml.cs(81,21): error CS0103: The name 'TxtChampionNotDecided' does not exist in the current context [G:\CSharp\EsportsTournamentManager\EsportsTournamentManager\EsportsTournamentManager.csproj]
G:\CSharp\EsportsTournamentManager\EsportsTournamentManager\Views\User\Tournaments\TournamentOverview.xaml.cs(89,21): error CS0103: The name 'TxtMvpName' does not exist in the current context [G:\CSharp\EsportsTournamentManager\EsportsTournamentManager\EsportsTournamentManager.csproj]
G:\CSharp\EsportsTournamentManager\EsportsTournamentManager\Views\User\Tournaments\TournamentOverview.xaml.cs(90,21): error CS0103: The name 'TxtMvpName' does not exist in the current context [G:\CSharp\EsportsTournamentManager\EsportsTournamentManager\EsportsTournamentManager.csproj]
G:\CSharp\EsportsTournamentManager\EsportsTournamentManager\Views\User\Tournaments\TournamentOverview.xaml.cs(91,21): error CS0103: The name 'TxtMvpScore' does not exist in the current context [G:\CSharp\EsportsTournamentManager\EsportsTournamentManager\EsportsTournamentManager.csproj]
G:\CSharp\EsportsTournamentManager\EsportsTournamentManager\Views\User\Tournaments\TournamentOverview.xaml.cs(92,21): error CS0103: The name 'PanelTournamentMvp' does not exist in the current context [G:\CSharp\EsportsTournamentManager\EsportsTournamentManager\EsportsTournamentManager.csproj]
G:\CSharp\EsportsTournamentManager\EsportsTournamentManager\Views\User\Tournaments\TournamentOverview.xaml.cs(93,21): error CS0103: The name 'TxtMvpNotDecided' does not exist in the current context [G:\CSharp\EsportsTournamentManager\EsportsTournamentManager\EsportsTournamentManager.csproj]
G:\CSharp\EsportsTournamentManager\EsportsTournamentManager\Views\User\Tournaments\TournamentOverview.xaml.cs(97,21): error CS0103: The name 'PanelTournamentMvp' does not exist in the current context [G:\CSharp\EsportsTournamentManager\EsportsTournamentManager\EsportsTournamentManager.csproj]
G:\CSharp\EsportsTournamentManager\EsportsTournamentManager\Views\User\Tournaments\TournamentOverview.xaml.cs(98,21): error CS0103: The name 'TxtMvpNotDecided' does not exist in the current context [G:\CSharp\EsportsTournamentManager\EsportsTournamentManager\EsportsTournamentManager.csproj]
G:\CSharp\EsportsTournamentManager\EsportsTournamentManager\Views\User\Tournaments\TournamentOverview.xaml.cs(102,17): error CS0103: The name 'ListShowTeams' does not exist in the current context [G:\CSharp\EsportsTournamentManager\EsportsTournamentManager\EsportsTournamentManager.csproj]
G:\CSharp\EsportsTournamentManager\EsportsTournamentManager\Views\User\Tournaments\TournamentOverview.xaml.cs(105,17): error CS0103: The name 'ListTournamentMatches' does not exist in the current context [G:\CSharp\EsportsTournamentManager\EsportsTournamentManager\EsportsTournamentManager.csproj]
G:\CSharp\EsportsTournamentManager\EsportsTournamentManager\Views\Admin\AdminMain.xaml.cs(47,30): error CS0103: The name 'BtnMenuDashboard' does not exist in the current context [G:\CSharp\EsportsTournamentManager\EsportsTournamentManager\EsportsTournamentManager.csproj]
G:\CSharp\EsportsTournamentManager\EsportsTournamentManager\Views\Admin\AdminMain.xaml.cs(48,37): error CS0103: The name 'DashboardSection' does not exist in the current context [G:\CSharp\EsportsTournamentManager\EsportsTournamentManager\EsportsTournamentManager.csproj]
G:\CSharp\EsportsTournamentManager\EsportsTournamentManager\Views\Admin\AdminMain.xaml.cs(49,13): error CS0103: The name 'TxtHeaderTitle' does not exist in the current context [G:\CSharp\EsportsTournamentManager\EsportsTournamentManager\EsportsTournamentManager.csproj]
G:\CSharp\EsportsTournamentManager\EsportsTournamentManager\Views\Admin\Teams\TeamDialog.xaml.cs(49,31): error CS0103: The name 'TxtTeamName' does not exist in the current context [G:\CSharp\EsportsTournamentManager\EsportsTournamentManager\EsportsTournamentManager.csproj]
G:\CSharp\EsportsTournamentManager\EsportsTournamentManager\Views\Admin\Teams\TeamDialog.xaml.cs(50,30): error CS0103: The name 'TxtAcronym' does not exist in the current context [G:\CSharp\EsportsTournamentManager\EsportsTournamentManager\EsportsTournamentManager.csproj]
G:\CSharp\EsportsTournamentManager\EsportsTournamentManager\Views\Admin\Teams\TeamDialog.xaml.cs(60,52): error CS0103: The name 'TxtCoach' does not exist in the current context [G:\CSharp\EsportsTournamentManager\EsportsTournamentManager\EsportsTournamentManager.csproj]
G:\CSharp\EsportsTournamentManager\EsportsTournamentManager\Views\Admin\Teams\TeamDialog.xaml.cs(60,76): error CS0103: The name 'TxtCoach' does not exist in the current context [G:\CSharp\EsportsTournamentManager\EsportsTournamentManager\EsportsTournamentManager.csproj]
G:\CSharp\EsportsTournamentManager\EsportsTournamentManager\Views\Admin\Teams\TeamDialog.xaml.cs(61,55): error CS0103: The name 'TxtLogoPath' does not exist in the current context [G:\CSharp\EsportsTournamentManager\EsportsTournamentManager\EsportsTournamentManager.csproj]
G:\CSharp\EsportsTournamentManager\EsportsTournamentManager\Views\Admin\Teams\TeamDialog.xaml.cs(61,82): error CS0103: The name 'TxtLogoPath' does not exist in the current context [G:\CSharp\EsportsTournamentManager\EsportsTournamentManager\EsportsTournamentManager.csproj]
G:\CSharp\EsportsTournamentManager\EsportsTournamentManager\Views\Admin\Teams\TeamsView.xaml.cs(53,33): error CS0103: The name 'TxtSearchTeam' does not exist in the current context [G:\CSharp\EsportsTournamentManager\EsportsTournamentManager\EsportsTournamentManager.csproj]
G:\CSharp\EsportsTournamentManager\EsportsTournamentManager\Views\Admin\Teams\TeamsView.xaml.cs(56,17): error CS0103: The name 'GridTeams' does not exist in the current context [G:\CSharp\EsportsTournamentManager\EsportsTournamentManager\EsportsTournamentManager.csproj]
G:\CSharp\EsportsTournamentManager\EsportsTournamentManager\Views\Admin\Teams\TeamsView.xaml.cs(60,17): error CS0103: The name 'GridTeams' does not exist in the current context [G:\CSharp\EsportsTournamentManager\EsportsTournamentManager\EsportsTournamentManager.csproj]
G:\CSharp\EsportsTournamentManager\EsportsTournamentManager\Views\Admin\Teams\TeamsView.xaml.cs(75,29): error CS0103: The name 'GridTeams' does not exist in the current context [G:\CSharp\EsportsTournamentManager\EsportsTournamentManager\EsportsTournamentManager.csproj]
G:\CSharp\EsportsTournamentManager\EsportsTournamentManager\Views\Admin\PrizePools\PrizePoolsView.xaml.cs(75,25): error CS0103: The name 'PanelAddPrize' does not exist in the current context [G:\CSharp\EsportsTournamentManager\EsportsTournamentManager\EsportsTournamentManager.csproj]
G:\CSharp\EsportsTournamentManager\EsportsTournamentManager\Views\Admin\PrizePools\PrizePoolsView.xaml.cs(76,25): error CS0103: The name 'TxtReadOnlyInfo' does not exist in the current context [G:\CSharp\EsportsTournamentManager\EsportsTournamentManager\EsportsTournamentManager.csproj]
G:\CSharp\EsportsTournamentManager\EsportsTournamentManager\Views\Admin\PrizePools\PrizePoolsView.xaml.cs(77,25): error CS0103: The name 'ColDeletePrize' does not exist in the current context [G:\CSharp\EsportsTournamentManager\EsportsTournamentManager\EsportsTournamentManager.csproj]
G:\CSharp\EsportsTournamentManager\EsportsTournamentManager\Views\Admin\PrizePools\PrizePoolsView.xaml.cs(81,25): error CS0103: The name 'PanelAddPrize' does not exist in the current context [G:\CSharp\EsportsTournamentManager\EsportsTournamentManager\EsportsTournamentManager.csproj]
G:\CSharp\EsportsTournamentManager\EsportsTournamentManager\Views\Admin\PrizePools\PrizePoolsView.xaml.cs(82,25): error CS0103: The name 'TxtReadOnlyInfo' does not exist in the current context [G:\CSharp\EsportsTournamentManager\EsportsTournamentManager\EsportsTournamentManager.csproj]
G:\CSharp\EsportsTournamentManager\EsportsTournamentManager\Views\Admin\PrizePools\PrizePoolsView.xaml.cs(83,25): error CS0103: The name 'ColDeletePrize' does not exist in the current context [G:\CSharp\EsportsTournamentManager\EsportsTournamentManager\EsportsTournamentManager.csproj]
G:\CSharp\EsportsTournamentManager\EsportsTournamentManager\Views\Admin\PrizePools\PrizePoolsView.xaml.cs(100,21): error CS0103: The name 'GridPrizePool' does not exist in the current context [G:\CSharp\EsportsTournamentManager\EsportsTournamentManager\EsportsTournamentManager.csproj]
G:\CSharp\EsportsTournamentManager\EsportsTournamentManager\Views\Admin\PrizePools\PrizePoolsView.xaml.cs(101,21): error CS0103: The name 'PanelTournamentDetails' does not exist in the current context [G:\CSharp\EsportsTournamentManager\EsportsTournamentManager\EsportsTournamentManager.csproj]
G:\CSharp\EsportsTournamentManager\EsportsTournamentManager\Views\Admin\Teams\TeamsView.xaml.cs(83,17): error CS0103: The name 'ComboTeamsFilter' does not exist in the current context [G:\CSharp\EsportsTournamentManager\EsportsTournamentManager\EsportsTournamentManager.csproj]
G:\CSharp\EsportsTournamentManager\EsportsTournamentManager\Views\Admin\Teams\PlayerDialog.xaml.cs(15,13): error CS0103: The name 'InitializeComponent' does not exist in the current context [G:\CSharp\EsportsTournamentManager\EsportsTournamentManager\EsportsTournamentManager.csproj]
G:\CSharp\EsportsTournamentManager\EsportsTournamentManager\Views\Admin\Teams\PlayerDialog.xaml.cs(21,17): error CS0103: The name 'TxtTitle' does not exist in the current context [G:\CSharp\EsportsTournamentManager\EsportsTournamentManager\EsportsTournamentManager.csproj]
G:\CSharp\EsportsTournamentManager\EsportsTournamentManager\Views\Admin\Teams\PlayerDialog.xaml.cs(22,17): error CS0103: The name 'TxtInGameName' does not exist in the current context [G:\CSharp\EsportsTournamentManager\EsportsTournamentManager\EsportsTournamentManager.csproj]
G:\CSharp\EsportsTournamentManager\EsportsTournamentManager\Views\Admin\Teams\PlayerDialog.xaml.cs(23,17): error CS0103: The name 'TxtRealName' does not exist in the current context [G:\CSharp\EsportsTournamentManager\EsportsTournamentManager\EsportsTournamentManager.csproj]
G:\CSharp\EsportsTournamentManager\EsportsTournamentManager\Views\Admin\Teams\PlayerDialog.xaml.cs(24,17): error CS0103: The name 'ChkIsActive' does not exist in the current context [G:\CSharp\EsportsTournamentManager\EsportsTournamentManager\EsportsTournamentManager.csproj]
G:\CSharp\EsportsTournamentManager\EsportsTournamentManager\Views\Admin\Teams\PlayerDialog.xaml.cs(27,47): error CS0103: The name 'CboPosition' does not exist in the current context [G:\CSharp\EsportsTournamentManager\EsportsTournamentManager\EsportsTournamentManager.csproj]
G:\CSharp\EsportsTournamentManager\EsportsTournamentManager\Views\Admin\Teams\PlayerDialog.xaml.cs(31,25): error CS0103: The name 'CboPosition' does not exist in the current context [G:\CSharp\EsportsTournamentManager\EsportsTournamentManager\EsportsTournamentManager.csproj]
G:\CSharp\EsportsTournamentManager\EsportsTournamentManager\Views\Admin\Teams\TeamsView.xaml.cs(92,17): error CS0103: The name 'PanelTeams' does not exist in the current context [G:\CSharp\EsportsTournamentManager\EsportsTournamentManager\EsportsTournamentManager.csproj]
G:\CSharp\EsportsTournamentManager\EsportsTournamentManager\Views\Admin\Teams\TeamsView.xaml.cs(93,17): error CS0103: The name 'PanelPlayers' does not exist in the current context [G:\CSharp\EsportsTournamentManager\EsportsTournamentManager\EsportsTournamentManager.csproj]
G:\CSharp\EsportsTournamentManager\EsportsTournamentManager\Views\Admin\Teams\TeamsView.xaml.cs(95,17): error CS0103: The name 'TxtPlayersHeader' does not exist in the current context [G:\CSharp\EsportsTournamentManager\EsportsTournamentManager\EsportsTournamentManager.csproj]
G:\CSharp\EsportsTournamentManager\EsportsTournamentManager\Views\Admin\Teams\TeamsView.xaml.cs(102,13): error CS0103: The name 'PanelPlayers' does not exist in the current context [G:\CSharp\EsportsTournamentManager\EsportsTournamentManager\EsportsTournamentManager.csproj]
G:\CSharp\EsportsTournamentManager\EsportsTournamentManager\Views\Admin\Teams\TeamsView.xaml.cs(103,13): error CS0103: The name 'PanelTeams' does not exist in the current context [G:\CSharp\EsportsTournamentManager\EsportsTournamentManager\EsportsTournamentManager.csproj]
G:\CSharp\EsportsTournamentManager\EsportsTournamentManager\Views\Admin\Teams\TeamsView.xaml.cs(109,17): error CS0103: The name 'ComboTeamsFilter' does not exist in the current context [G:\CSharp\EsportsTournamentManager\EsportsTournamentManager\EsportsTournamentManager.csproj]
G:\CSharp\EsportsTournamentManager\EsportsTournamentManager\Views\Admin\Teams\TeamsView.xaml.cs(112,17): error CS0103: The name 'TxtPlayersHeader' does not exist in the current context [G:\CSharp\EsportsTournamentManager\EsportsTournamentManager\EsportsTournamentManager.csproj]
G:\CSharp\EsportsTournamentManager\EsportsTournamentManager\Views\Admin\Teams\PlayerDialog.xaml.cs(59,33): error CS0103: The name 'TxtInGameName' does not exist in the current context [G:\CSharp\EsportsTournamentManager\EsportsTournamentManager\EsportsTournamentManager.csproj]
G:\CSharp\EsportsTournamentManager\EsportsTournamentManager\Views\Admin\Teams\PlayerDialog.xaml.cs(60,31): error CS0103: The name 'TxtRealName' does not exist in the current context [G:\CSharp\EsportsTournamentManager\EsportsTournamentManager\EsportsTournamentManager.csproj]
G:\CSharp\EsportsTournamentManager\EsportsTournamentManager\Views\Admin\Teams\PlayerDialog.xaml.cs(71,17): error CS0103: The name 'CboPosition' does not exist in the current context [G:\CSharp\EsportsTournamentManager\EsportsTournamentManager\EsportsTournamentManager.csproj]
G:\CSharp\EsportsTournamentManager\EsportsTournamentManager\Views\Admin\Teams\PlayerDialog.xaml.cs(80,31): error CS0103: The name 'ChkIsActive' does not exist in the current context [G:\CSharp\EsportsTournamentManager\EsportsTournamentManager\EsportsTournamentManager.csproj]
G:\CSharp\EsportsTournamentManager\EsportsTournamentManager\Views\Admin\Teams\TeamsView.xaml.cs(124,17): error CS0103: The name 'GridPlayers' does not exist in the current context [G:\CSharp\EsportsTournamentManager\EsportsTournamentManager\EsportsTournamentManager.csproj]
G:\CSharp\EsportsTournamentManager\EsportsTournamentManager\Views\User\Dashboard\UserMatchDetailDialog.xaml.cs(24,13): error CS0103: The name 'InitializeComponent' does not exist in the current context [G:\CSharp\EsportsTournamentManager\EsportsTournamentManager\EsportsTournamentManager.csproj]
G:\CSharp\EsportsTournamentManager\EsportsTournamentManager\Views\Admin\Tournaments\TournamentsView.xaml.cs(24,13): error CS0103: The name 'InitializeComponent' does not exist in the current context [G:\CSharp\EsportsTournamentManager\EsportsTournamentManager\EsportsTournamentManager.csproj]
G:\CSharp\EsportsTournamentManager\EsportsTournamentManager\Views\Admin\AdminMain.xaml.cs(67,49): error CS0103: The name 'DashboardSection' does not exist in the current context [G:\CSharp\EsportsTournamentManager\EsportsTournamentManager\EsportsTournamentManager.csproj]
G:\CSharp\EsportsTournamentManager\EsportsTournamentManager\Views\Admin\AdminMain.xaml.cs(68,25): error CS0103: The name 'TxtHeaderTitle' does not exist in the current context [G:\CSharp\EsportsTournamentManager\EsportsTournamentManager\EsportsTournamentManager.csproj]
G:\CSharp\EsportsTournamentManager\EsportsTournamentManager\Views\Admin\AdminMain.xaml.cs(72,49): error CS0103: The name 'TeamsSection' does not exist in the current context [G:\CSharp\EsportsTournamentManager\EsportsTournamentManager\EsportsTournamentManager.csproj]
G:\CSharp\EsportsTournamentManager\EsportsTournamentManager\Views\Admin\AdminMain.xaml.cs(73,25): error CS0103: The name 'TxtHeaderTitle' does not exist in the current context [G:\CSharp\EsportsTournamentManager\EsportsTournamentManager\EsportsTournamentManager.csproj]
G:\CSharp\EsportsTournamentManager\EsportsTournamentManager\Views\Admin\AdminMain.xaml.cs(74,25): error CS0103: The name 'TeamsSection' does not exist in the current context [G:\CSharp\EsportsTournamentManager\EsportsTournamentManager\EsportsTournamentManager.csproj]
G:\CSharp\EsportsTournamentManager\EsportsTournamentManager\Views\Admin\AdminMain.xaml.cs(77,49): error CS0103: The name 'TournamentsSection' does not exist in the current context [G:\CSharp\EsportsTournamentManager\EsportsTournamentManager\EsportsTournamentManager.csproj]
G:\CSharp\EsportsTournamentManager\EsportsTournamentManager\Views\Admin\AdminMain.xaml.cs(78,25): error CS0103: The name 'TxtHeaderTitle' does not exist in the current context [G:\CSharp\EsportsTournamentManager\EsportsTournamentManager\EsportsTournamentManager.csproj]
G:\CSharp\EsportsTournamentManager\EsportsTournamentManager\Views\Admin\AdminMain.xaml.cs(81,49): error CS0103: The name 'PrizePoolsSection' does not exist in the current context [G:\CSharp\EsportsTournamentManager\EsportsTournamentManager\EsportsTournamentManager.csproj]
G:\CSharp\EsportsTournamentManager\EsportsTournamentManager\Views\Admin\AdminMain.xaml.cs(82,25): error CS0103: The name 'TxtHeaderTitle' does not exist in the current context [G:\CSharp\EsportsTournamentManager\EsportsTournamentManager\EsportsTournamentManager.csproj]
G:\CSharp\EsportsTournamentManager\EsportsTournamentManager\Views\Admin\AdminMain.xaml.cs(83,25): error CS0103: The name 'PrizePoolsSection' does not exist in the current context [G:\CSharp\EsportsTournamentManager\EsportsTournamentManager\EsportsTournamentManager.csproj]
G:\CSharp\EsportsTournamentManager\EsportsTournamentManager\Views\Admin\Tournaments\TournamentsView.xaml.cs(37,17): error CS0103: The name 'GridTournaments' does not exist in the current context [G:\CSharp\EsportsTournamentManager\EsportsTournamentManager\EsportsTournamentManager.csproj]
G:\CSharp\EsportsTournamentManager\EsportsTournamentManager\Views\Admin\Teams\TeamsView.xaml.cs(163,30): error CS0103: The name 'GridTeams' does not exist in the current context [G:\CSharp\EsportsTournamentManager\EsportsTournamentManager\EsportsTournamentManager.csproj]
G:\CSharp\EsportsTournamentManager\EsportsTournamentManager\Views\Admin\AdminMain.xaml.cs(94,13): error CS0103: The name 'BtnMenuDashboard' does not exist in the current context [G:\CSharp\EsportsTournamentManager\EsportsTournamentManager\EsportsTournamentManager.csproj]
G:\CSharp\EsportsTournamentManager\EsportsTournamentManager\Views\Admin\AdminMain.xaml.cs(95,13): error CS0103: The name 'BtnMenuTeams' does not exist in the current context [G:\CSharp\EsportsTournamentManager\EsportsTournamentManager\EsportsTournamentManager.csproj]
G:\CSharp\EsportsTournamentManager\EsportsTournamentManager\Views\Admin\AdminMain.xaml.cs(96,13): error CS0103: The name 'BtnMenuTournaments' does not exist in the current context [G:\CSharp\EsportsTournamentManager\EsportsTournamentManager\EsportsTournamentManager.csproj]
G:\CSharp\EsportsTournamentManager\EsportsTournamentManager\Views\Admin\AdminMain.xaml.cs(97,13): error CS0103: The name 'BtnMenuPrizePools' does not exist in the current context [G:\CSharp\EsportsTournamentManager\EsportsTournamentManager\EsportsTournamentManager.csproj]
G:\CSharp\EsportsTournamentManager\EsportsTournamentManager\Views\Admin\AdminMain.xaml.cs(104,13): error CS0103: The name 'DashboardSection' does not exist in the current context [G:\CSharp\EsportsTournamentManager\EsportsTournamentManager\EsportsTournamentManager.csproj]
G:\CSharp\EsportsTournamentManager\EsportsTournamentManager\Views\Admin\AdminMain.xaml.cs(105,13): error CS0103: The name 'TeamsSection' does not exist in the current context [G:\CSharp\EsportsTournamentManager\EsportsTournamentManager\EsportsTournamentManager.csproj]
G:\CSharp\EsportsTournamentManager\EsportsTournamentManager\Views\Admin\AdminMain.xaml.cs(106,13): error CS0103: The name 'TournamentsSection' does not exist in the current context [G:\CSharp\EsportsTournamentManager\EsportsTournamentManager\EsportsTournamentManager.csproj]
G:\CSharp\EsportsTournamentManager\EsportsTournamentManager\Views\Admin\AdminMain.xaml.cs(107,13): error CS0103: The name 'PrizePoolsSection' does not exist in the current context [G:\CSharp\EsportsTournamentManager\EsportsTournamentManager\EsportsTournamentManager.csproj]
G:\CSharp\EsportsTournamentManager\EsportsTournamentManager\Views\Admin\AdminMain.xaml.cs(114,13): error CS0103: The name 'DashboardSection' does not exist in the current context [G:\CSharp\EsportsTournamentManager\EsportsTournamentManager\EsportsTournamentManager.csproj]
G:\CSharp\EsportsTournamentManager\EsportsTournamentManager\Views\Admin\Tournaments\TournamentDialog.xaml.cs(14,13): error CS0103: The name 'InitializeComponent' does not exist in the current context [G:\CSharp\EsportsTournamentManager\EsportsTournamentManager\EsportsTournamentManager.csproj]
G:\CSharp\EsportsTournamentManager\EsportsTournamentManager\Views\Admin\Tournaments\TournamentDialog.xaml.cs(20,17): error CS0103: The name 'TxtTitle' does not exist in the current context [G:\CSharp\EsportsTournamentManager\EsportsTournamentManager\EsportsTournamentManager.csproj]
G:\CSharp\EsportsTournamentManager\EsportsTournamentManager\Views\Admin\Tournaments\TournamentDialog.xaml.cs(21,17): error CS0103: The name 'TxtName' does not exist in the current context [G:\CSharp\EsportsTournamentManager\EsportsTournamentManager\EsportsTournamentManager.csproj]
G:\CSharp\EsportsTournamentManager\EsportsTournamentManager\Views\Admin\Tournaments\TournamentDialog.xaml.cs(24,44): error CS0103: The name 'CboGameType' does not exist in the current context [G:\CSharp\EsportsTournamentManager\EsportsTournamentManager\EsportsTournamentManager.csproj]
G:\CSharp\EsportsTournamentManager\EsportsTournamentManager\Views\Admin\Tournaments\TournamentDialog.xaml.cs(25,44): error CS0103: The name 'CboFormat' does not exist in the current context [G:\CSharp\EsportsTournamentManager\EsportsTournamentManager\EsportsTournamentManager.csproj]
G:\CSharp\EsportsTournamentManager\EsportsTournamentManager\Views\Admin\Tournaments\TournamentDialog.xaml.cs(29,44): error CS0103: The name 'CboMaxTeams' does not exist in the current context [G:\CSharp\EsportsTournamentManager\EsportsTournamentManager\EsportsTournamentManager.csproj]
G:\CSharp\EsportsTournamentManager\EsportsTournamentManager\Views\Admin\Tournaments\TournamentDialog.xaml.cs(31,17): error CS0103: The name 'DpStartDate' does not exist in the current context [G:\CSharp\EsportsTournamentManager\EsportsTournamentManager\EsportsTournamentManager.csproj]
G:\CSharp\EsportsTournamentManager\EsportsTournamentManager\Views\Admin\Tournaments\TournamentDialog.xaml.cs(36,21): error CS0103: The name 'CboFormat' does not exist in the current context [G:\CSharp\EsportsTournamentManager\EsportsTournamentManager\EsportsTournamentManager.csproj]
G:\CSharp\EsportsTournamentManager\EsportsTournamentManager\Views\Admin\Tournaments\TournamentDialog.xaml.cs(37,21): error CS0103: The name 'CboMaxTeams' does not exist in the current context [G:\CSharp\EsportsTournamentManager\EsportsTournamentManager\EsportsTournamentManager.csproj]
G:\CSharp\EsportsTournamentManager\EsportsTournamentManager\Views\Admin\Tournaments\TournamentDialog.xaml.cs(44,17): error CS0103: The name 'DpStartDate' does not exist in the current context [G:\CSharp\EsportsTournamentManager\EsportsTournamentManager\EsportsTournamentManager.csproj]
G:\CSharp\EsportsTournamentManager\EsportsTournamentManager\Views\Admin\Tournaments\TournamentDialog.xaml.cs(47,44): error CS0103: The name 'CboFormat' does not exist in the current context [G:\CSharp\EsportsTournamentManager\EsportsTournamentManager\EsportsTournamentManager.csproj]
G:\CSharp\EsportsTournamentManager\EsportsTournamentManager\Views\Admin\Tournaments\TournamentDialog.xaml.cs(49,17): error CS0103: The name 'CboMaxTeams' does not exist in the current context [G:\CSharp\EsportsTournamentManager\EsportsTournamentManager\EsportsTournamentManager.csproj]
G:\CSharp\EsportsTournamentManager\EsportsTournamentManager\Views\Admin\Tournaments\TournamentsView.xaml.cs(47,28): error CS0103: The name 'TxtSearchTournament' does not exist in the current context [G:\CSharp\EsportsTournamentManager\EsportsTournamentManager\EsportsTournamentManager.csproj]
G:\CSharp\EsportsTournamentManager\EsportsTournamentManager\Views\Admin\Tournaments\TournamentsView.xaml.cs(50,17): error CS0103: The name 'GridTournaments' does not exist in the current context [G:\CSharp\EsportsTournamentManager\EsportsTournamentManager\EsportsTournamentManager.csproj]
G:\CSharp\EsportsTournamentManager\EsportsTournamentManager\Views\Admin\Tournaments\TournamentsView.xaml.cs(55,17): error CS0103: The name 'GridTournaments' does not exist in the current context [G:\CSharp\EsportsTournamentManager\EsportsTournamentManager\EsportsTournamentManager.csproj]
G:\CSharp\EsportsTournamentManager\EsportsTournamentManager\Views\Admin\Teams\TeamsView.xaml.cs(195,32): error CS0103: The name 'GridTeams' does not exist in the current context [G:\CSharp\EsportsTournamentManager\EsportsTournamentManager\EsportsTournamentManager.csproj]
G:\CSharp\EsportsTournamentManager\EsportsTournamentManager\Views\User\UserMain.xaml.cs(33,13): error CS0103: The name 'InitializeComponent' does not exist in the current context [G:\CSharp\EsportsTournamentManager\EsportsTournamentManager\EsportsTournamentManager.csproj]
G:\CSharp\EsportsTournamentManager\EsportsTournamentManager\Views\User\UserMain.xaml.cs(36,13): error CS0103: The name 'PanelTournamentOverview' does not exist in the current context [G:\CSharp\EsportsTournamentManager\EsportsTournamentManager\EsportsTournamentManager.csproj]
G:\CSharp\EsportsTournamentManager\EsportsTournamentManager\Views\User\UserMain.xaml.cs(37,13): error CS0103: The name 'PanelTournamentOverview' does not exist in the current context [G:\CSharp\EsportsTournamentManager\EsportsTournamentManager\EsportsTournamentManager.csproj]
G:\CSharp\EsportsTournamentManager\EsportsTournamentManager\Views\User\UserMain.xaml.cs(38,13): error CS0103: The name 'PanelTournamentOverview' does not exist in the current context [G:\CSharp\EsportsTournamentManager\EsportsTournamentManager\EsportsTournamentManager.csproj]
G:\CSharp\EsportsTournamentManager\EsportsTournamentManager\Views\User\UserMain.xaml.cs(39,13): error CS0103: The name 'PanelTournamentOverview' does not exist in the current context [G:\CSharp\EsportsTournamentManager\EsportsTournamentManager\EsportsTournamentManager.csproj]
G:\CSharp\EsportsTournamentManager\EsportsTournamentManager\Views\User\UserMain.xaml.cs(40,13): error CS0103: The name 'PanelTournamentOverview' does not exist in the current context [G:\CSharp\EsportsTournamentManager\EsportsTournamentManager\EsportsTournamentManager.csproj]
G:\CSharp\EsportsTournamentManager\EsportsTournamentManager\Views\User\UserMain.xaml.cs(46,13): error CS0103: The name 'TxtTournamentBracketHeader' does not exist in the current context [G:\CSharp\EsportsTournamentManager\EsportsTournamentManager\EsportsTournamentManager.csproj]
G:\CSharp\EsportsTournamentManager\EsportsTournamentManager\Views\User\UserMain.xaml.cs(48,23): error CS0103: The name 'PanelTournamentBracket' does not exist in the current context [G:\CSharp\EsportsTournamentManager\EsportsTournamentManager\EsportsTournamentManager.csproj]
G:\CSharp\EsportsTournamentManager\EsportsTournamentManager\Views\Admin\Dashboard\DashboardView.xaml.cs(29,21): error CS0103: The name 'TxtStatsTeams' does not exist in the current context [G:\CSharp\EsportsTournamentManager\EsportsTournamentManager\EsportsTournamentManager.csproj]
G:\CSharp\EsportsTournamentManager\EsportsTournamentManager\Views\Admin\Dashboard\DashboardView.xaml.cs(30,21): error CS0103: The name 'TxtStatsPlayers' does not exist in the current context [G:\CSharp\EsportsTournamentManager\EsportsTournamentManager\EsportsTournamentManager.csproj]
G:\CSharp\EsportsTournamentManager\EsportsTournamentManager\Views\Admin\Dashboard\DashboardView.xaml.cs(31,21): error CS0103: The name 'TxtStatsTournaments' does not exist in the current context [G:\CSharp\EsportsTournamentManager\EsportsTournamentManager\EsportsTournamentManager.csproj]
G:\CSharp\EsportsTournamentManager\EsportsTournamentManager\Views\Admin\Dashboard\DashboardView.xaml.cs(47,21): error CS0103: The name 'GridActiveTournaments' does not exist in the current context [G:\CSharp\EsportsTournamentManager\EsportsTournamentManager\EsportsTournamentManager.csproj]
G:\CSharp\EsportsTournamentManager\EsportsTournamentManager\Views\Admin\Dashboard\DashboardView.xaml.cs(80,21): error CS0103: The name 'GridTopPlayers' does not exist in the current context [G:\CSharp\EsportsTournamentManager\EsportsTournamentManager\EsportsTournamentManager.csproj]
G:\CSharp\EsportsTournamentManager\EsportsTournamentManager\Views\Admin\Dashboard\DashboardView.xaml.cs(86,17): error CS0103: The name 'TxtStatsTeams' does not exist in the current context [G:\CSharp\EsportsTournamentManager\EsportsTournamentManager\EsportsTournamentManager.csproj]
G:\CSharp\EsportsTournamentManager\EsportsTournamentManager\Views\Admin\Dashboard\DashboardView.xaml.cs(87,17): error CS0103: The name 'TxtStatsPlayers' does not exist in the current context [G:\CSharp\EsportsTournamentManager\EsportsTournamentManager\EsportsTournamentManager.csproj]
G:\CSharp\EsportsTournamentManager\EsportsTournamentManager\Views\Admin\Dashboard\DashboardView.xaml.cs(88,17): error CS0103: The name 'TxtStatsTournaments' does not exist in the current context [G:\CSharp\EsportsTournamentManager\EsportsTournamentManager\EsportsTournamentManager.csproj]
G:\CSharp\EsportsTournamentManager\EsportsTournamentManager\Views\Admin\Dashboard\DashboardView.xaml.cs(89,17): error CS0103: The name 'GridActiveTournaments' does not exist in the current context [G:\CSharp\EsportsTournamentManager\EsportsTournamentManager\EsportsTournamentManager.csproj]
G:\CSharp\EsportsTournamentManager\EsportsTournamentManager\Views\Admin\Dashboard\DashboardView.xaml.cs(90,17): error CS0103: The name 'GridTopPlayers' does not exist in the current context [G:\CSharp\EsportsTournamentManager\EsportsTournamentManager\EsportsTournamentManager.csproj]
G:\CSharp\EsportsTournamentManager\EsportsTournamentManager\Views\User\UserMain.xaml.cs(53,13): error CS0103: The name 'TxtUserHeaderUserName' does not exist in the current context [G:\CSharp\EsportsTournamentManager\EsportsTournamentManager\EsportsTournamentManager.csproj]
G:\CSharp\EsportsTournamentManager\EsportsTournamentManager\Views\User\UserMain.xaml.cs(54,13): error CS0103: The name 'TxtUserHeaderUserRole' does not exist in the current context [G:\CSharp\EsportsTournamentManager\EsportsTournamentManager\EsportsTournamentManager.csproj]
G:\CSharp\EsportsTournamentManager\EsportsTournamentManager\Views\User\UserMain.xaml.cs(58,29): error CS0103: The name 'PanelHomeDashboard' does not exist in the current context [G:\CSharp\EsportsTournamentManager\EsportsTournamentManager\EsportsTournamentManager.csproj]
G:\CSharp\EsportsTournamentManager\EsportsTournamentManager\Views\User\UserMain.xaml.cs(60,23): error CS0103: The name 'PanelHomeDashboard' does not exist in the current context [G:\CSharp\EsportsTournamentManager\EsportsTournamentManager\EsportsTournamentManager.csproj]
G:\CSharp\EsportsTournamentManager\EsportsTournamentManager\Views\User\UserMain.xaml.cs(72,17): error CS0103: The name 'PanelHomeDashboard' does not exist in the current context [G:\CSharp\EsportsTournamentManager\EsportsTournamentManager\EsportsTournamentManager.csproj]
G:\CSharp\EsportsTournamentManager\EsportsTournamentManager\Views\User\UserMain.xaml.cs(73,17): error CS0103: The name 'PanelTournamentOverview' does not exist in the current context [G:\CSharp\EsportsTournamentManager\EsportsTournamentManager\EsportsTournamentManager.csproj]
G:\CSharp\EsportsTournamentManager\EsportsTournamentManager\Views\User\UserMain.xaml.cs(74,17): error CS0103: The name 'PanelTournamentBracket' does not exist in the current context [G:\CSharp\EsportsTournamentManager\EsportsTournamentManager\EsportsTournamentManager.csproj]
G:\CSharp\EsportsTournamentManager\EsportsTournamentManager\Views\User\UserMain.xaml.cs(75,17): error CS0103: The name 'PanelTeamDetail' does not exist in the current context [G:\CSharp\EsportsTournamentManager\EsportsTournamentManager\EsportsTournamentManager.csproj]
G:\CSharp\EsportsTournamentManager\EsportsTournamentManager\Views\User\UserMain.xaml.cs(76,17): error CS0103: The name 'PanelPlayerDetail' does not exist in the current context [G:\CSharp\EsportsTournamentManager\EsportsTournamentManager\EsportsTournamentManager.csproj]
G:\CSharp\EsportsTournamentManager\EsportsTournamentManager\Views\User\UserMain.xaml.cs(99,23): error CS0103: The name 'PanelHomeDashboard' does not exist in the current context [G:\CSharp\EsportsTournamentManager\EsportsTournamentManager\EsportsTournamentManager.csproj]
G:\CSharp\EsportsTournamentManager\EsportsTournamentManager\Views\User\UserMain.xaml.cs(104,23): error CS0103: The name 'PanelTournamentOverview' does not exist in the current context [G:\CSharp\EsportsTournamentManager\EsportsTournamentManager\EsportsTournamentManager.csproj]
G:\CSharp\EsportsTournamentManager\EsportsTournamentManager\Views\Admin\Tournaments\TournamentDialog.xaml.cs(73,17): error CS0103: The name 'CboMaxTeams' does not exist in the current context [G:\CSharp\EsportsTournamentManager\EsportsTournamentManager\EsportsTournamentManager.csproj]
G:\CSharp\EsportsTournamentManager\EsportsTournamentManager\Views\Admin\Tournaments\TournamentDialog.xaml.cs(73,40): error CS0103: The name 'CboFormat' does not exist in the current context [G:\CSharp\EsportsTournamentManager\EsportsTournamentManager\EsportsTournamentManager.csproj]
G:\CSharp\EsportsTournamentManager\EsportsTournamentManager\Views\Admin\Tournaments\TournamentDialog.xaml.cs(75,32): error CS0103: The name 'CboFormat' does not exist in the current context [G:\CSharp\EsportsTournamentManager\EsportsTournamentManager\EsportsTournamentManager.csproj]
G:\CSharp\EsportsTournamentManager\EsportsTournamentManager\Views\Admin\Tournaments\TournamentDialog.xaml.cs(81,40): error CS0103: The name 'CboMaxTeams' does not exist in the current context [G:\CSharp\EsportsTournamentManager\EsportsTournamentManager\EsportsTournamentManager.csproj]
G:\CSharp\EsportsTournamentManager\EsportsTournamentManager\Views\Admin\Tournaments\TournamentDialog.xaml.cs(83,13): error CS0103: The name 'CboMaxTeams' does not exist in the current context [G:\CSharp\EsportsTournamentManager\EsportsTournamentManager\EsportsTournamentManager.csproj]
G:\CSharp\EsportsTournamentManager\EsportsTournamentManager\Views\Admin\Tournaments\TournamentDialog.xaml.cs(108,40): error CS0103: The name 'CboMaxTeams' does not exist in the current context [G:\CSharp\EsportsTournamentManager\EsportsTournamentManager\EsportsTournamentManager.csproj]
G:\CSharp\EsportsTournamentManager\EsportsTournamentManager\Views\Admin\Tournaments\TournamentDialog.xaml.cs(109,17): error CS0103: The name 'CboMaxTeams' does not exist in the current context [G:\CSharp\EsportsTournamentManager\EsportsTournamentManager\EsportsTournamentManager.csproj]
G:\CSharp\EsportsTournamentManager\EsportsTournamentManager\Views\Admin\Tournaments\TournamentDialog.xaml.cs(109,52): error CS0103: The name 'CboMaxTeams' does not exist in the current context [G:\CSharp\EsportsTournamentManager\EsportsTournamentManager\EsportsTournamentManager.csproj]
G:\CSharp\EsportsTournamentManager\EsportsTournamentManager\Views\Admin\Tournaments\TournamentDialog.xaml.cs(111,17): error CS0103: The name 'CboMaxTeams' does not exist in the current context [G:\CSharp\EsportsTournamentManager\EsportsTournamentManager\EsportsTournamentManager.csproj]
G:\CSharp\EsportsTournamentManager\EsportsTournamentManager\Views\Admin\Tournaments\TournamentDialog.xaml.cs(117,13): error CS0103: The name 'CboMaxTeams' does not exist in the current context [G:\CSharp\EsportsTournamentManager\EsportsTournamentManager\EsportsTournamentManager.csproj]
G:\CSharp\EsportsTournamentManager\EsportsTournamentManager\Views\Admin\Teams\TeamsView.xaml.cs(244,17): error CS0103: The name 'GridPlayers' does not exist in the current context [G:\CSharp\EsportsTournamentManager\EsportsTournamentManager\EsportsTournamentManager.csproj]
G:\CSharp\EsportsTournamentManager\EsportsTournamentManager\Views\Admin\Tournaments\MatchDetailDialog.xaml.cs(54,17): error CS0103: The name 'TxtTeam1Name' does not exist in the current context [G:\CSharp\EsportsTournamentManager\EsportsTournamentManager\EsportsTournamentManager.csproj]
G:\CSharp\EsportsTournamentManager\EsportsTournamentManager\Views\Admin\Tournaments\MatchDetailDialog.xaml.cs(55,17): error CS0103: The name 'TxtTeam2Name' does not exist in the current context [G:\CSharp\EsportsTournamentManager\EsportsTournamentManager\EsportsTournamentManager.csproj]
G:\CSharp\EsportsTournamentManager\EsportsTournamentManager\Views\Admin\Tournaments\MatchDetailDialog.xaml.cs(56,17): error CS0103: The name 'TxtMatchFormat' does not exist in the current context [G:\CSharp\EsportsTournamentManager\EsportsTournamentManager\EsportsTournamentManager.csproj]
G:\CSharp\EsportsTournamentManager\EsportsTournamentManager\Views\Admin\Tournaments\MatchDetailDialog.xaml.cs(59,44): error CS0103: The name 'CboStatus' does not exist in the current context [G:\CSharp\EsportsTournamentManager\EsportsTournamentManager\EsportsTournamentManager.csproj]
G:\CSharp\EsportsTournamentManager\EsportsTournamentManager\Views\Admin\Tournaments\MatchDetailDialog.xaml.cs(63,17): error CS0103: The name 'CboStatus' does not exist in the current context [G:\CSharp\EsportsTournamentManager\EsportsTournamentManager\EsportsTournamentManager.csproj]
G:\CSharp\EsportsTournamentManager\EsportsTournamentManager\Views\Admin\Tournaments\MatchDetailDialog.xaml.cs(67,21): error CS0103: The name 'TxtTeam1Score' does not exist in the current context [G:\CSharp\EsportsTournamentManager\EsportsTournamentManager\EsportsTournamentManager.csproj]
G:\CSharp\EsportsTournamentManager\EsportsTournamentManager\Views\Admin\Tournaments\MatchDetailDialog.xaml.cs(68,21): error CS0103: The name 'TxtTeam2Score' does not exist in the current context [G:\CSharp\EsportsTournamentManager\EsportsTournamentManager\EsportsTournamentManager.csproj]
G:\CSharp\EsportsTournamentManager\EsportsTournamentManager\Views\Admin\Tournaments\MatchDetailDialog.xaml.cs(69,21): error CS0103: The name 'TxtMatchMvp' does not exist in the current context [G:\CSharp\EsportsTournamentManager\EsportsTournamentManager\EsportsTournamentManager.csproj]
G:\CSharp\EsportsTournamentManager\EsportsTournamentManager\Views\Admin\Tournaments\MatchDetailDialog.xaml.cs(101,17): error CS0103: The name 'BtnRollback' does not exist in the current context [G:\CSharp\EsportsTournamentManager\EsportsTournamentManager\EsportsTournamentManager.csproj]
G:\CSharp\EsportsTournamentManager\EsportsTournamentManager\Views\User\UserMain.xaml.cs(116,17): error CS0103: The name 'TxtTotalTournament' does not exist in the current context [G:\CSharp\EsportsTournamentManager\EsportsTournamentManager\EsportsTournamentManager.csproj]
G:\CSharp\EsportsTournamentManager\EsportsTournamentManager\Views\User\UserMain.xaml.cs(117,17): error CS0103: The name 'TxtTotalTeam' does not exist in the current context [G:\CSharp\EsportsTournamentManager\EsportsTournamentManager\EsportsTournamentManager.csproj]
G:\CSharp\EsportsTournamentManager\EsportsTournamentManager\Views\User\UserMain.xaml.cs(118,17): error CS0103: The name 'TxtTotalPlayer' does not exist in the current context [G:\CSharp\EsportsTournamentManager\EsportsTournamentManager\EsportsTournamentManager.csproj]
G:\CSharp\EsportsTournamentManager\EsportsTournamentManager\Views\User\UserMain.xaml.cs(119,17): error CS0103: The name 'TxtActiveMatch' does not exist in the current context [G:\CSharp\EsportsTournamentManager\EsportsTournamentManager\EsportsTournamentManager.csproj]
G:\CSharp\EsportsTournamentManager\EsportsTournamentManager\Views\User\UserMain.xaml.cs(123,17): error CS0103: The name 'LiveMatchList' does not exist in the current context [G:\CSharp\EsportsTournamentManager\EsportsTournamentManager\EsportsTournamentManager.csproj]
G:\CSharp\EsportsTournamentManager\EsportsTournamentManager\Views\User\UserMain.xaml.cs(124,17): error CS0103: The name 'TxtNoLiveMatches' does not exist in the current context [G:\CSharp\EsportsTournamentManager\EsportsTournamentManager\EsportsTournamentManager.csproj]
G:\CSharp\EsportsTournamentManager\EsportsTournamentManager\Views\User\UserMain.xaml.cs(127,17): error CS0103: The name 'GridTopTeams' does not exist in the current context [G:\CSharp\EsportsTournamentManager\EsportsTournamentManager\EsportsTournamentManager.csproj]
G:\CSharp\EsportsTournamentManager\EsportsTournamentManager\Views\User\UserMain.xaml.cs(128,17): error CS0103: The name 'GridTopPlayers' does not exist in the current context [G:\CSharp\EsportsTournamentManager\EsportsTournamentManager\EsportsTournamentManager.csproj]
G:\CSharp\EsportsTournamentManager\EsportsTournamentManager\Views\Admin\Teams\TeamsView.xaml.cs(266,17): error CS0103: The name 'GridPlayers' does not exist in the current context [G:\CSharp\EsportsTournamentManager\EsportsTournamentManager\EsportsTournamentManager.csproj]
G:\CSharp\EsportsTournamentManager\EsportsTournamentManager\Views\Admin\Tournaments\TournamentDialog.xaml.cs(136,27): error CS0103: The name 'TxtName' does not exist in the current context [G:\CSharp\EsportsTournamentManager\EsportsTournamentManager\EsportsTournamentManager.csproj]
G:\CSharp\EsportsTournamentManager\EsportsTournamentManager\Views\Admin\Tournaments\TournamentDialog.xaml.cs(143,17): error CS0103: The name 'DpStartDate' does not exist in the current context [G:\CSharp\EsportsTournamentManager\EsportsTournamentManager\EsportsTournamentManager.csproj]
G:\CSharp\EsportsTournamentManager\EsportsTournamentManager\Views\Admin\Tournaments\TournamentDialog.xaml.cs(149,36): error CS0103: The name 'CboGameType' does not exist in the current context [G:\CSharp\EsportsTournamentManager\EsportsTournamentManager\EsportsTournamentManager.csproj]
G:\CSharp\EsportsTournamentManager\EsportsTournamentManager\Views\Admin\Tournaments\TournamentDialog.xaml.cs(150,38): error CS0103: The name 'CboFormat' does not exist in the current context [G:\CSharp\EsportsTournamentManager\EsportsTournamentManager\EsportsTournamentManager.csproj]
G:\CSharp\EsportsTournamentManager\EsportsTournamentManager\Views\Admin\Tournaments\TournamentDialog.xaml.cs(151,40): error CS0103: The name 'CboMaxTeams' does not exist in the current context [G:\CSharp\EsportsTournamentManager\EsportsTournamentManager\EsportsTournamentManager.csproj]
G:\CSharp\EsportsTournamentManager\EsportsTournamentManager\Views\Admin\Tournaments\TournamentDialog.xaml.cs(157,36): error CS0103: The name 'DpStartDate' does not exist in the current context [G:\CSharp\EsportsTournamentManager\EsportsTournamentManager\EsportsTournamentManager.csproj]
G:\CSharp\EsportsTournamentManager\EsportsTournamentManager\Views\User\UserMain.xaml.cs(162,13): error CS0103: The name 'TournamentCardsControl' does not exist in the current context [G:\CSharp\EsportsTournamentManager\EsportsTournamentManager\EsportsTournamentManager.csproj]
G:\CSharp\EsportsTournamentManager\EsportsTournamentManager\Views\User\UserMain.xaml.cs(168,24): error CS0103: The name 'TxtSearchTournament' does not exist in the current context [G:\CSharp\EsportsTournamentManager\EsportsTournamentManager\EsportsTournamentManager.csproj]
G:\CSharp\EsportsTournamentManager\EsportsTournamentManager\Views\User\Dashboard\UserMatchDetailDialog.xaml.cs(51,17): error CS0103: The name 'BtnTeam1Link' does not exist in the current context [G:\CSharp\EsportsTournamentManager\EsportsTournamentManager\EsportsTournamentManager.csproj]
G:\CSharp\EsportsTournamentManager\EsportsTournamentManager\Views\User\Dashboard\UserMatchDetailDialog.xaml.cs(52,17): error CS0103: The name 'BtnTeam2Link' does not exist in the current context [G:\CSharp\EsportsTournamentManager\EsportsTournamentManager\EsportsTournamentManager.csproj]
G:\CSharp\EsportsTournamentManager\EsportsTournamentManager\Views\User\Dashboard\UserMatchDetailDialog.xaml.cs(53,17): error CS0103: The name 'TxtTeam1Score' does not exist in the current context [G:\CSharp\EsportsTournamentManager\EsportsTournamentManager\EsportsTournamentManager.csproj]
G:\CSharp\EsportsTournamentManager\EsportsTournamentManager\Views\User\Dashboard\UserMatchDetailDialog.xaml.cs(54,17): error CS0103: The name 'TxtTeam2Score' does not exist in the current context [G:\CSharp\EsportsTournamentManager\EsportsTournamentManager\EsportsTournamentManager.csproj]
G:\CSharp\EsportsTournamentManager\EsportsTournamentManager\Views\User\Dashboard\UserMatchDetailDialog.xaml.cs(55,17): error CS0103: The name 'TxtMatchFormat' does not exist in the current context [G:\CSharp\EsportsTournamentManager\EsportsTournamentManager\EsportsTournamentManager.csproj]
G:\CSharp\EsportsTournamentManager\EsportsTournamentManager\Views\User\Dashboard\UserMatchDetailDialog.xaml.cs(62,25): error CS0103: The name 'BtnTeam2Link' does not exist in the current context [G:\CSharp\EsportsTournamentManager\EsportsTournamentManager\EsportsTournamentManager.csproj]
G:\CSharp\EsportsTournamentManager\EsportsTournamentManager\Views\User\Dashboard\UserMatchDetailDialog.xaml.cs(66,25): error CS0103: The name 'BtnTeam1Link' does not exist in the current context [G:\CSharp\EsportsTournamentManager\EsportsTournamentManager\EsportsTournamentManager.csproj]
G:\CSharp\EsportsTournamentManager\EsportsTournamentManager\Views\User\Dashboard\UserMatchDetailDialog.xaml.cs(85,25): error CS0103: The name 'BtnMatchMvpLink' does not exist in the current context [G:\CSharp\EsportsTournamentManager\EsportsTournamentManager\EsportsTournamentManager.csproj]
G:\CSharp\EsportsTournamentManager\EsportsTournamentManager\Views\User\Dashboard\UserMatchDetailDialog.xaml.cs(86,25): error CS0103: The name 'BtnMatchMvpLink' does not exist in the current context [G:\CSharp\EsportsTournamentManager\EsportsTournamentManager\EsportsTournamentManager.csproj]
G:\CSharp\EsportsTournamentManager\EsportsTournamentManager\Views\User\Dashboard\UserMatchDetailDialog.xaml.cs(90,25): error CS0103: The name 'BtnMatchMvpLink' does not exist in the current context [G:\CSharp\EsportsTournamentManager\EsportsTournamentManager\EsportsTournamentManager.csproj]
G:\CSharp\EsportsTournamentManager\EsportsTournamentManager\Views\User\Dashboard\UserMatchDetailDialog.xaml.cs(91,25): error CS0103: The name 'BtnMatchMvpLink' does not exist in the current context [G:\CSharp\EsportsTournamentManager\EsportsTournamentManager\EsportsTournamentManager.csproj]
G:\CSharp\EsportsTournamentManager\EsportsTournamentManager\Views\User\Dashboard\UserMatchDetailDialog.xaml.cs(96,21): error CS0103: The name 'BtnMatchMvpLink' does not exist in the current context [G:\CSharp\EsportsTournamentManager\EsportsTournamentManager\EsportsTournamentManager.csproj]
G:\CSharp\EsportsTournamentManager\EsportsTournamentManager\Views\User\Dashboard\UserMatchDetailDialog.xaml.cs(97,21): error CS0103: The name 'BtnMatchMvpLink' does not exist in the current context [G:\CSharp\EsportsTournamentManager\EsportsTournamentManager\EsportsTournamentManager.csproj]
G:\CSharp\EsportsTournamentManager\EsportsTournamentManager\Views\User\Dashboard\UserMatchDetailDialog.xaml.cs(101,17): error CS0103: The name 'ItemsMapsList' does not exist in the current context [G:\CSharp\EsportsTournamentManager\EsportsTournamentManager\EsportsTournamentManager.csproj]
G:\CSharp\EsportsTournamentManager\EsportsTournamentManager\Views\Admin\Tournaments\TournamentsView.xaml.cs(148,13): error CS0103: The name 'PanelTournamentOverview' does not exist in the current context [G:\CSharp\EsportsTournamentManager\EsportsTournamentManager\EsportsTournamentManager.csproj]
G:\CSharp\EsportsTournamentManager\EsportsTournamentManager\Views\Admin\Tournaments\TournamentsView.xaml.cs(149,13): error CS0103: The name 'PanelTournamentBracket' does not exist in the current context [G:\CSharp\EsportsTournamentManager\EsportsTournamentManager\EsportsTournamentManager.csproj]
G:\CSharp\EsportsTournamentManager\EsportsTournamentManager\Views\Admin\Tournaments\TournamentsView.xaml.cs(150,13): error CS0103: The name 'PanelTournaments' does not exist in the current context [G:\CSharp\EsportsTournamentManager\EsportsTournamentManager\EsportsTournamentManager.csproj]
G:\CSharp\EsportsTournamentManager\EsportsTournamentManager\Views\Admin\Tournaments\TournamentsView.xaml.cs(156,13): error CS0103: The name 'PanelTournamentOverview' does not exist in the current context [G:\CSharp\EsportsTournamentManager\EsportsTournamentManager\EsportsTournamentManager.csproj]
G:\CSharp\EsportsTournamentManager\EsportsTournamentManager\Views\Admin\Tournaments\TournamentsView.xaml.cs(157,13): error CS0103: The name 'PanelTournamentBracket' does not exist in the current context [G:\CSharp\EsportsTournamentManager\EsportsTournamentManager\EsportsTournamentManager.csproj]
G:\CSharp\EsportsTournamentManager\EsportsTournamentManager\Views\Admin\Tournaments\TournamentsView.xaml.cs(162,13): error CS0103: The name 'PanelTournamentBracket' does not exist in the current context [G:\CSharp\EsportsTournamentManager\EsportsTournamentManager\EsportsTournamentManager.csproj]
G:\CSharp\EsportsTournamentManager\EsportsTournamentManager\Views\Admin\Tournaments\TournamentsView.xaml.cs(163,13): error CS0103: The name 'PanelTournamentOverview' does not exist in the current context [G:\CSharp\EsportsTournamentManager\EsportsTournamentManager\EsportsTournamentManager.csproj]
G:\CSharp\EsportsTournamentManager\EsportsTournamentManager\Views\User\UserMain.xaml.cs(218,17): error CS0103: The name 'PanelTournamentOverview' does not exist in the current context [G:\CSharp\EsportsTournamentManager\EsportsTournamentManager\EsportsTournamentManager.csproj]
G:\CSharp\EsportsTournamentManager\EsportsTournamentManager\Views\User\UserMain.xaml.cs(219,27): error CS0103: The name 'PanelTournamentOverview' does not exist in the current context [G:\CSharp\EsportsTournamentManager\EsportsTournamentManager\EsportsTournamentManager.csproj]
G:\CSharp\EsportsTournamentManager\EsportsTournamentManager\Views\Admin\Tournaments\MatchDetailDialog.xaml.cs(155,13): error CS0103: The name 'TabMaps' does not exist in the current context [G:\CSharp\EsportsTournamentManager\EsportsTournamentManager\EsportsTournamentManager.csproj]
G:\CSharp\EsportsTournamentManager\EsportsTournamentManager\Views\Admin\Tournaments\MatchDetailDialog.xaml.cs(163,17): error CS0103: The name 'TabMaps' does not exist in the current context [G:\CSharp\EsportsTournamentManager\EsportsTournamentManager\EsportsTournamentManager.csproj]
G:\CSharp\EsportsTournamentManager\EsportsTournamentManager\Views\User\UserMain.xaml.cs(246,13): error CS0103: The name 'TxtTournamentBracketHeader' does not exist in the current context [G:\CSharp\EsportsTournamentManager\EsportsTournamentManager\EsportsTournamentManager.csproj]
G:\CSharp\EsportsTournamentManager\EsportsTournamentManager\Views\User\UserMain.xaml.cs(248,23): error CS0103: The name 'PanelTournamentBracket' does not exist in the current context [G:\CSharp\EsportsTournamentManager\EsportsTournamentManager\EsportsTournamentManager.csproj]
G:\CSharp\EsportsTournamentManager\EsportsTournamentManager\Views\User\UserMain.xaml.cs(255,17): error CS0103: The name 'CanvasBracket' does not exist in the current context [G:\CSharp\EsportsTournamentManager\EsportsTournamentManager\EsportsTournamentManager.csproj]
G:\CSharp\EsportsTournamentManager\EsportsTournamentManager\Views\User\UserMain.xaml.cs(256,17): error CS0103: The name 'ScrollRoundRobin' does not exist in the current context [G:\CSharp\EsportsTournamentManager\EsportsTournamentManager\EsportsTournamentManager.csproj]
G:\CSharp\EsportsTournamentManager\EsportsTournamentManager\Views\User\UserMain.xaml.cs(257,17): error CS0103: The name 'CanvasBracket' does not exist in the current context [G:\CSharp\EsportsTournamentManager\EsportsTournamentManager\EsportsTournamentManager.csproj]
G:\CSharp\EsportsTournamentManager\EsportsTournamentManager\Views\User\UserMain.xaml.cs(258,17): error CS0103: The name 'CanvasBracket' does not exist in the current context [G:\CSharp\EsportsTournamentManager\EsportsTournamentManager\EsportsTournamentManager.csproj]
G:\CSharp\EsportsTournamentManager\EsportsTournamentManager\Views\User\UserMain.xaml.cs(259,17): error CS0103: The name 'CanvasBracket' does not exist in the current context [G:\CSharp\EsportsTournamentManager\EsportsTournamentManager\EsportsTournamentManager.csproj]
G:\CSharp\EsportsTournamentManager\EsportsTournamentManager\Views\User\UserMain.xaml.cs(272,17): error CS0103: The name 'CanvasBracket' does not exist in the current context [G:\CSharp\EsportsTournamentManager\EsportsTournamentManager\EsportsTournamentManager.csproj]
G:\CSharp\EsportsTournamentManager\EsportsTournamentManager\Views\User\UserMain.xaml.cs(278,17): error CS0103: The name 'CanvasBracket' does not exist in the current context [G:\CSharp\EsportsTournamentManager\EsportsTournamentManager\EsportsTournamentManager.csproj]
G:\CSharp\EsportsTournamentManager\EsportsTournamentManager\Views\User\UserMain.xaml.cs(279,17): error CS0103: The name 'ScrollRoundRobin' does not exist in the current context [G:\CSharp\EsportsTournamentManager\EsportsTournamentManager\EsportsTournamentManager.csproj]
G:\CSharp\EsportsTournamentManager\EsportsTournamentManager\Views\User\UserMain.xaml.cs(284,17): error CS0103: The name 'CanvasBracket' does not exist in the current context [G:\CSharp\EsportsTournamentManager\EsportsTournamentManager\EsportsTournamentManager.csproj]
G:\CSharp\EsportsTournamentManager\EsportsTournamentManager\Views\User\UserMain.xaml.cs(285,17): error CS0103: The name 'ScrollRoundRobin' does not exist in the current context [G:\CSharp\EsportsTournamentManager\EsportsTournamentManager\EsportsTournamentManager.csproj]
G:\CSharp\EsportsTournamentManager\EsportsTournamentManager\Views\User\UserMain.xaml.cs(290,17): error CS0103: The name 'CanvasBracket' does not exist in the current context [G:\CSharp\EsportsTournamentManager\EsportsTournamentManager\EsportsTournamentManager.csproj]
G:\CSharp\EsportsTournamentManager\EsportsTournamentManager\Views\User\UserMain.xaml.cs(291,17): error CS0103: The name 'ScrollRoundRobin' does not exist in the current context [G:\CSharp\EsportsTournamentManager\EsportsTournamentManager\EsportsTournamentManager.csproj]
G:\CSharp\EsportsTournamentManager\EsportsTournamentManager\Views\Admin\Tournaments\TournamentsView.xaml.cs(174,17): error CS0103: The name 'TxtTournamentDetailHeader' does not exist in the current context [G:\CSharp\EsportsTournamentManager\EsportsTournamentManager\EsportsTournamentManager.csproj]
G:\CSharp\EsportsTournamentManager\EsportsTournamentManager\Views\Admin\Tournaments\TournamentsView.xaml.cs(175,17): error CS0103: The name 'TxtTournamentBracketHeader' does not exist in the current context [G:\CSharp\EsportsTournamentManager\EsportsTournamentManager\EsportsTournamentManager.csproj]
G:\CSharp\EsportsTournamentManager\EsportsTournamentManager\Views\Admin\Tournaments\TournamentsView.xaml.cs(176,17): error CS0103: The name 'TxtInfoGameType' does not exist in the current context [G:\CSharp\EsportsTournamentManager\EsportsTournamentManager\EsportsTournamentManager.csproj]
G:\CSharp\EsportsTournamentManager\EsportsTournamentManager\Views\Admin\Tournaments\TournamentsView.xaml.cs(180,25): error CS0103: The name 'TxtInfoFormat' does not exist in the current context [G:\CSharp\EsportsTournamentManager\EsportsTournamentManager\EsportsTournamentManager.csproj]
G:\CSharp\EsportsTournamentManager\EsportsTournamentManager\Views\Admin\Tournaments\TournamentsView.xaml.cs(183,25): error CS0103: The name 'TxtInfoFormat' does not exist in the current context [G:\CSharp\EsportsTournamentManager\EsportsTournamentManager\EsportsTournamentManager.csproj]
G:\CSharp\EsportsTournamentManager\EsportsTournamentManager\Views\Admin\Tournaments\TournamentsView.xaml.cs(186,25): error CS0103: The name 'TxtInfoFormat' does not exist in the current context [G:\CSharp\EsportsTournamentManager\EsportsTournamentManager\EsportsTournamentManager.csproj]
G:\CSharp\EsportsTournamentManager\EsportsTournamentManager\Views\Admin\Tournaments\TournamentsView.xaml.cs(189,25): error CS0103: The name 'TxtInfoFormat' does not exist in the current context [G:\CSharp\EsportsTournamentManager\EsportsTournamentManager\EsportsTournamentManager.csproj]
G:\CSharp\EsportsTournamentManager\EsportsTournamentManager\Views\Admin\Tournaments\TournamentsView.xaml.cs(192,17): error CS0103: The name 'TxtInfoMaxTeams' does not exist in the current context [G:\CSharp\EsportsTournamentManager\EsportsTournamentManager\EsportsTournamentManager.csproj]
G:\CSharp\EsportsTournamentManager\EsportsTournamentManager\Views\Admin\Tournaments\TournamentsView.xaml.cs(207,17): error CS0103: The name 'TxtInfoStatus' does not exist in the current context [G:\CSharp\EsportsTournamentManager\EsportsTournamentManager\EsportsTournamentManager.csproj]
G:\CSharp\EsportsTournamentManager\EsportsTournamentManager\Views\Admin\Tournaments\TournamentsView.xaml.cs(208,17): error CS0103: The name 'TxtInfoStatus' does not exist in the current context [G:\CSharp\EsportsTournamentManager\EsportsTournamentManager\EsportsTournamentManager.csproj]
G:\CSharp\EsportsTournamentManager\EsportsTournamentManager\Views\Admin\Tournaments\TournamentsView.xaml.cs(214,21): error CS0103: The name 'TxtChampionName' does not exist in the current context [G:\CSharp\EsportsTournamentManager\EsportsTournamentManager\EsportsTournamentManager.csproj]
G:\CSharp\EsportsTournamentManager\EsportsTournamentManager\Views\Admin\Tournaments\TournamentsView.xaml.cs(215,21): error CS0103: The name 'PanelTournamentChampion' does not exist in the current context [G:\CSharp\EsportsTournamentManager\EsportsTournamentManager\EsportsTournamentManager.csproj]
G:\CSharp\EsportsTournamentManager\EsportsTournamentManager\Views\Admin\Tournaments\TournamentsView.xaml.cs(216,21): error CS0103: The name 'TxtChampionNotDecided' does not exist in the current context [G:\CSharp\EsportsTournamentManager\EsportsTournamentManager\EsportsTournamentManager.csproj]
G:\CSharp\EsportsTournamentManager\EsportsTournamentManager\Views\Admin\Tournaments\TournamentsView.xaml.cs(220,21): error CS0103: The name 'PanelTournamentChampion' does not exist in the current context [G:\CSharp\EsportsTournamentManager\EsportsTournamentManager\EsportsTournamentManager.csproj]
G:\CSharp\EsportsTournamentManager\EsportsTournamentManager\Views\Admin\Tournaments\TournamentsView.xaml.cs(221,21): error CS0103: The name 'TxtChampionNotDecided' does not exist in the current context [G:\CSharp\EsportsTournamentManager\EsportsTournamentManager\EsportsTournamentManager.csproj]
G:\CSharp\EsportsTournamentManager\EsportsTournamentManager\Views\Admin\Tournaments\TournamentsView.xaml.cs(229,21): error CS0103: The name 'TxtMvpName' does not exist in the current context [G:\CSharp\EsportsTournamentManager\EsportsTournamentManager\EsportsTournamentManager.csproj]
G:\CSharp\EsportsTournamentManager\EsportsTournamentManager\Views\Admin\Tournaments\TournamentsView.xaml.cs(230,21): error CS0103: The name 'TxtMvpTeam' does not exist in the current context [G:\CSharp\EsportsTournamentManager\EsportsTournamentManager\EsportsTournamentManager.csproj]
G:\CSharp\EsportsTournamentManager\EsportsTournamentManager\Views\Admin\Tournaments\TournamentsView.xaml.cs(231,21): error CS0103: The name 'TxtMvpScore' does not exist in the current context [G:\CSharp\EsportsTournamentManager\EsportsTournamentManager\EsportsTournamentManager.csproj]
G:\CSharp\EsportsTournamentManager\EsportsTournamentManager\Views\Admin\Tournaments\TournamentsView.xaml.cs(232,21): error CS0103: The name 'PanelTournamentMvp' does not exist in the current context [G:\CSharp\EsportsTournamentManager\EsportsTournamentManager\EsportsTournamentManager.csproj]
G:\CSharp\EsportsTournamentManager\EsportsTournamentManager\Views\Admin\Tournaments\TournamentsView.xaml.cs(233,21): error CS0103: The name 'TxtMvpNotDecided' does not exist in the current context [G:\CSharp\EsportsTournamentManager\EsportsTournamentManager\EsportsTournamentManager.csproj]
G:\CSharp\EsportsTournamentManager\EsportsTournamentManager\Views\Admin\Tournaments\TournamentsView.xaml.cs(237,21): error CS0103: The name 'PanelTournamentMvp' does not exist in the current context [G:\CSharp\EsportsTournamentManager\EsportsTournamentManager\EsportsTournamentManager.csproj]
G:\CSharp\EsportsTournamentManager\EsportsTournamentManager\Views\Admin\Tournaments\TournamentsView.xaml.cs(238,21): error CS0103: The name 'TxtMvpNotDecided' does not exist in the current context [G:\CSharp\EsportsTournamentManager\EsportsTournamentManager\EsportsTournamentManager.csproj]
G:\CSharp\EsportsTournamentManager\EsportsTournamentManager\Views\Admin\Tournaments\TournamentsView.xaml.cs(242,21): error CS0103: The name 'PanelTournamentOverview' does not exist in the current context [G:\CSharp\EsportsTournamentManager\EsportsTournamentManager\EsportsTournamentManager.csproj]
G:\CSharp\EsportsTournamentManager\EsportsTournamentManager\Views\Admin\Tournaments\TournamentsView.xaml.cs(242,81): error CS0103: The name 'PanelTournamentBracket' does not exist in the current context [G:\CSharp\EsportsTournamentManager\EsportsTournamentManager\EsportsTournamentManager.csproj]
G:\CSharp\EsportsTournamentManager\EsportsTournamentManager\Views\Admin\Tournaments\TournamentsView.xaml.cs(244,21): error CS0103: The name 'PanelTournaments' does not exist in the current context [G:\CSharp\EsportsTournamentManager\EsportsTournamentManager\EsportsTournamentManager.csproj]
G:\CSharp\EsportsTournamentManager\EsportsTournamentManager\Views\Admin\Tournaments\TournamentsView.xaml.cs(245,21): error CS0103: The name 'PanelTournamentBracket' does not exist in the current context [G:\CSharp\EsportsTournamentManager\EsportsTournamentManager\EsportsTournamentManager.csproj]
G:\CSharp\EsportsTournamentManager\EsportsTournamentManager\Views\Admin\Tournaments\TournamentsView.xaml.cs(246,21): error CS0103: The name 'PanelTournamentOverview' does not exist in the current context [G:\CSharp\EsportsTournamentManager\EsportsTournamentManager\EsportsTournamentManager.csproj]
G:\CSharp\EsportsTournamentManager\EsportsTournamentManager\Views\Admin\Tournaments\TournamentsView.xaml.cs(252,21): error CS0103: The name 'TxtDynamicListHeader' does not exist in the current context [G:\CSharp\EsportsTournamentManager\EsportsTournamentManager\EsportsTournamentManager.csproj]
G:\CSharp\EsportsTournamentManager\EsportsTournamentManager\Views\Admin\Tournaments\TournamentsView.xaml.cs(253,21): error CS0103: The name 'ListSelectTeams' does not exist in the current context [G:\CSharp\EsportsTournamentManager\EsportsTournamentManager\EsportsTournamentManager.csproj]
G:\CSharp\EsportsTournamentManager\EsportsTournamentManager\Views\Admin\Tournaments\TournamentsView.xaml.cs(254,21): error CS0103: The name 'ListShowTeams' does not exist in the current context [G:\CSharp\EsportsTournamentManager\EsportsTournamentManager\EsportsTournamentManager.csproj]
G:\CSharp\EsportsTournamentManager\EsportsTournamentManager\Views\Admin\Tournaments\TournamentsView.xaml.cs(255,21): error CS0103: The name 'BtnStartTournament' does not exist in the current context [G:\CSharp\EsportsTournamentManager\EsportsTournamentManager\EsportsTournamentManager.csproj]
G:\CSharp\EsportsTournamentManager\EsportsTournamentManager\Views\Admin\Tournaments\TournamentsView.xaml.cs(268,21): error CS0103: The name 'ListSelectTeams' does not exist in the current context [G:\CSharp\EsportsTournamentManager\EsportsTournamentManager\EsportsTournamentManager.csproj]
G:\CSharp\EsportsTournamentManager\EsportsTournamentManager\Views\Admin\Tournaments\TournamentsView.xaml.cs(272,21): error CS0103: The name 'TxtDynamicListHeader' does not exist in the current context [G:\CSharp\EsportsTournamentManager\EsportsTournamentManager\EsportsTournamentManager.csproj]
G:\CSharp\EsportsTournamentManager\EsportsTournamentManager\Views\Admin\Tournaments\TournamentsView.xaml.cs(273,21): error CS0103: The name 'ListSelectTeams' does not exist in the current context [G:\CSharp\EsportsTournamentManager\EsportsTournamentManager\EsportsTournamentManager.csproj]
G:\CSharp\EsportsTournamentManager\EsportsTournamentManager\Views\Admin\Tournaments\TournamentsView.xaml.cs(274,21): error CS0103: The name 'ListShowTeams' does not exist in the current context [G:\CSharp\EsportsTournamentManager\EsportsTournamentManager\EsportsTournamentManager.csproj]
G:\CSharp\EsportsTournamentManager\EsportsTournamentManager\Views\Admin\Tournaments\TournamentsView.xaml.cs(275,21): error CS0103: The name 'BtnStartTournament' does not exist in the current context [G:\CSharp\EsportsTournamentManager\EsportsTournamentManager\EsportsTournamentManager.csproj]
G:\CSharp\EsportsTournamentManager\EsportsTournamentManager\Views\Admin\Tournaments\TournamentsView.xaml.cs(278,21): error CS0103: The name 'ListShowTeams' does not exist in the current context [G:\CSharp\EsportsTournamentManager\EsportsTournamentManager\EsportsTournamentManager.csproj]
G:\CSharp\EsportsTournamentManager\EsportsTournamentManager\Views\Admin\PrizePools\PrizePoolsView.xaml.cs(125,32): error CS0103: The name 'CboPrizeRank' does not exist in the current context [G:\CSharp\EsportsTournamentManager\EsportsTournamentManager\EsportsTournamentManager.csproj]
G:\CSharp\EsportsTournamentManager\EsportsTournamentManager\Views\Admin\PrizePools\PrizePoolsView.xaml.cs(130,35): error CS0103: The name 'TxtPrizeAmount' does not exist in the current context [G:\CSharp\EsportsTournamentManager\EsportsTournamentManager\EsportsTournamentManager.csproj]
G:\CSharp\EsportsTournamentManager\EsportsTournamentManager\Views\Admin\PrizePools\PrizePoolsView.xaml.cs(136,35): error CS0103: The name 'TxtPrizeOther' does not exist in the current context [G:\CSharp\EsportsTournamentManager\EsportsTournamentManager\EsportsTournamentManager.csproj]
G:\CSharp\EsportsTournamentManager\EsportsTournamentManager\Views\Admin\PrizePools\PrizePoolsView.xaml.cs(163,17): error CS0103: The name 'TxtPrizeAmount' does not exist in the current context [G:\CSharp\EsportsTournamentManager\EsportsTournamentManager\EsportsTournamentManager.csproj]
G:\CSharp\EsportsTournamentManager\EsportsTournamentManager\Views\Admin\PrizePools\PrizePoolsView.xaml.cs(164,17): error CS0103: The name 'TxtPrizeOther' does not exist in the current context [G:\CSharp\EsportsTournamentManager\EsportsTournamentManager\EsportsTournamentManager.csproj]
G:\CSharp\EsportsTournamentManager\EsportsTournamentManager\Views\User\UserMain.xaml.cs(306,13): error CS0103: The name 'CanvasBracket' does not exist in the current context [G:\CSharp\EsportsTournamentManager\EsportsTournamentManager\EsportsTournamentManager.csproj]
G:\CSharp\EsportsTournamentManager\EsportsTournamentManager\Views\User\UserMain.xaml.cs(320,13): error CS0103: The name 'CanvasBracket' does not exist in the current context [G:\CSharp\EsportsTournamentManager\EsportsTournamentManager\EsportsTournamentManager.csproj]
G:\CSharp\EsportsTournamentManager\EsportsTournamentManager\Views\User\UserMain.xaml.cs(321,13): error CS0103: The name 'CanvasBracket' does not exist in the current context [G:\CSharp\EsportsTournamentManager\EsportsTournamentManager\EsportsTournamentManager.csproj]
G:\CSharp\EsportsTournamentManager\EsportsTournamentManager\Views\User\UserMain.xaml.cs(360,17): error CS0103: The name 'CanvasBracket' does not exist in the current context [G:\CSharp\EsportsTournamentManager\EsportsTournamentManager\EsportsTournamentManager.csproj]
G:\CSharp\EsportsTournamentManager\EsportsTournamentManager\Views\User\UserMain.xaml.cs(376,21): error CS0103: The name 'CanvasBracket' does not exist in the current context [G:\CSharp\EsportsTournamentManager\EsportsTournamentManager\EsportsTournamentManager.csproj]
G:\CSharp\EsportsTournamentManager\EsportsTournamentManager\Views\User\UserMain.xaml.cs(404,29): error CS0103: The name 'CanvasBracket' does not exist in the current context [G:\CSharp\EsportsTournamentManager\EsportsTournamentManager\EsportsTournamentManager.csproj]
G:\CSharp\EsportsTournamentManager\EsportsTournamentManager\Views\User\Dashboard\UserMatchDetailDialog.xaml.cs(118,13): error CS0103: The name 'TabPlayerStatsMaps' does not exist in the current context [G:\CSharp\EsportsTournamentManager\EsportsTournamentManager\EsportsTournamentManager.csproj]
G:\CSharp\EsportsTournamentManager\EsportsTournamentManager\Views\User\Dashboard\UserMatchDetailDialog.xaml.cs(133,17): error CS0103: The name 'TabPlayerStatsMaps' does not exist in the current context [G:\CSharp\EsportsTournamentManager\EsportsTournamentManager\EsportsTournamentManager.csproj]
G:\CSharp\EsportsTournamentManager\EsportsTournamentManager\Views\User\Dashboard\UserMatchDetailDialog.xaml.cs(164,17): error CS0103: The name 'TabPlayerStatsMaps' does not exist in the current context [G:\CSharp\EsportsTournamentManager\EsportsTournamentManager\EsportsTournamentManager.csproj]
G:\CSharp\EsportsTournamentManager\EsportsTournamentManager\Views\Admin\Tournaments\TournamentsView.xaml.cs(367,17): error CS0103: The name 'CanvasBracket' does not exist in the current context [G:\CSharp\EsportsTournamentManager\EsportsTournamentManager\EsportsTournamentManager.csproj]
G:\CSharp\EsportsTournamentManager\EsportsTournamentManager\Views\Admin\Tournaments\TournamentsView.xaml.cs(368,17): error CS0103: The name 'ScrollRoundRobin' does not exist in the current context [G:\CSharp\EsportsTournamentManager\EsportsTournamentManager\EsportsTournamentManager.csproj]
G:\CSharp\EsportsTournamentManager\EsportsTournamentManager\Views\Admin\Tournaments\TournamentsView.xaml.cs(369,17): error CS0103: The name 'CanvasBracket' does not exist in the current context [G:\CSharp\EsportsTournamentManager\EsportsTournamentManager\EsportsTournamentManager.csproj]
G:\CSharp\EsportsTournamentManager\EsportsTournamentManager\Views\Admin\Tournaments\TournamentsView.xaml.cs(370,17): error CS0103: The name 'CanvasBracket' does not exist in the current context [G:\CSharp\EsportsTournamentManager\EsportsTournamentManager\EsportsTournamentManager.csproj]
G:\CSharp\EsportsTournamentManager\EsportsTournamentManager\Views\Admin\Tournaments\TournamentsView.xaml.cs(371,17): error CS0103: The name 'CanvasBracket' does not exist in the current context [G:\CSharp\EsportsTournamentManager\EsportsTournamentManager\EsportsTournamentManager.csproj]
G:\CSharp\EsportsTournamentManager\EsportsTournamentManager\Views\Admin\Tournaments\TournamentsView.xaml.cs(384,17): error CS0103: The name 'CanvasBracket' does not exist in the current context [G:\CSharp\EsportsTournamentManager\EsportsTournamentManager\EsportsTournamentManager.csproj]
G:\CSharp\EsportsTournamentManager\EsportsTournamentManager\Views\Admin\Tournaments\TournamentsView.xaml.cs(390,17): error CS0103: The name 'CanvasBracket' does not exist in the current context [G:\CSharp\EsportsTournamentManager\EsportsTournamentManager\EsportsTournamentManager.csproj]
G:\CSharp\EsportsTournamentManager\EsportsTournamentManager\Views\Admin\Tournaments\TournamentsView.xaml.cs(391,17): error CS0103: The name 'ScrollRoundRobin' does not exist in the current context [G:\CSharp\EsportsTournamentManager\EsportsTournamentManager\EsportsTournamentManager.csproj]
G:\CSharp\EsportsTournamentManager\EsportsTournamentManager\Views\Admin\Tournaments\TournamentsView.xaml.cs(396,17): error CS0103: The name 'CanvasBracket' does not exist in the current context [G:\CSharp\EsportsTournamentManager\EsportsTournamentManager\EsportsTournamentManager.csproj]
G:\CSharp\EsportsTournamentManager\EsportsTournamentManager\Views\Admin\Tournaments\TournamentsView.xaml.cs(397,17): error CS0103: The name 'ScrollRoundRobin' does not exist in the current context [G:\CSharp\EsportsTournamentManager\EsportsTournamentManager\EsportsTournamentManager.csproj]
G:\CSharp\EsportsTournamentManager\EsportsTournamentManager\Views\Admin\Tournaments\TournamentsView.xaml.cs(402,17): error CS0103: The name 'CanvasBracket' does not exist in the current context [G:\CSharp\EsportsTournamentManager\EsportsTournamentManager\EsportsTournamentManager.csproj]
G:\CSharp\EsportsTournamentManager\EsportsTournamentManager\Views\Admin\Tournaments\TournamentsView.xaml.cs(403,17): error CS0103: The name 'ScrollRoundRobin' does not exist in the current context [G:\CSharp\EsportsTournamentManager\EsportsTournamentManager\EsportsTournamentManager.csproj]
G:\CSharp\EsportsTournamentManager\EsportsTournamentManager\Views\Admin\Tournaments\TournamentsView.xaml.cs(418,13): error CS0103: The name 'CanvasBracket' does not exist in the current context [G:\CSharp\EsportsTournamentManager\EsportsTournamentManager\EsportsTournamentManager.csproj]
G:\CSharp\EsportsTournamentManager\EsportsTournamentManager\Views\Admin\Tournaments\TournamentsView.xaml.cs(432,13): error CS0103: The name 'CanvasBracket' does not exist in the current context [G:\CSharp\EsportsTournamentManager\EsportsTournamentManager\EsportsTournamentManager.csproj]
G:\CSharp\EsportsTournamentManager\EsportsTournamentManager\Views\Admin\Tournaments\TournamentsView.xaml.cs(433,13): error CS0103: The name 'CanvasBracket' does not exist in the current context [G:\CSharp\EsportsTournamentManager\EsportsTournamentManager\EsportsTournamentManager.csproj]
G:\CSharp\EsportsTournamentManager\EsportsTournamentManager\Views\Admin\Tournaments\TournamentsView.xaml.cs(476,17): error CS0103: The name 'CanvasBracket' does not exist in the current context [G:\CSharp\EsportsTournamentManager\EsportsTournamentManager\EsportsTournamentManager.csproj]
G:\CSharp\EsportsTournamentManager\EsportsTournamentManager\Views\Admin\Tournaments\TournamentsView.xaml.cs(493,21): error CS0103: The name 'CanvasBracket' does not exist in the current context [G:\CSharp\EsportsTournamentManager\EsportsTournamentManager\EsportsTournamentManager.csproj]
G:\CSharp\EsportsTournamentManager\EsportsTournamentManager\Views\Admin\Tournaments\TournamentsView.xaml.cs(522,29): error CS0103: The name 'CanvasBracket' does not exist in the current context [G:\CSharp\EsportsTournamentManager\EsportsTournamentManager\EsportsTournamentManager.csproj]
G:\CSharp\EsportsTournamentManager\EsportsTournamentManager\Views\User\UserMain.xaml.cs(519,13): error CS0103: The name 'PanelRoundRobin' does not exist in the current context [G:\CSharp\EsportsTournamentManager\EsportsTournamentManager\EsportsTournamentManager.csproj]
G:\CSharp\EsportsTournamentManager\EsportsTournamentManager\Views\User\UserMain.xaml.cs(536,17): error CS0103: The name 'PanelRoundRobin' does not exist in the current context [G:\CSharp\EsportsTournamentManager\EsportsTournamentManager\EsportsTournamentManager.csproj]
G:\CSharp\EsportsTournamentManager\EsportsTournamentManager\Views\User\UserMain.xaml.cs(545,17): error CS0103: The name 'PanelRoundRobin' does not exist in the current context [G:\CSharp\EsportsTournamentManager\EsportsTournamentManager\EsportsTournamentManager.csproj]
G:\CSharp\EsportsTournamentManager\EsportsTournamentManager\Views\Admin\Tournaments\TournamentsView.xaml.cs(636,13): error CS0103: The name 'PanelRoundRobin' does not exist in the current context [G:\CSharp\EsportsTournamentManager\EsportsTournamentManager\EsportsTournamentManager.csproj]
G:\CSharp\EsportsTournamentManager\EsportsTournamentManager\Views\Admin\Tournaments\TournamentsView.xaml.cs(653,17): error CS0103: The name 'PanelRoundRobin' does not exist in the current context [G:\CSharp\EsportsTournamentManager\EsportsTournamentManager\EsportsTournamentManager.csproj]
G:\CSharp\EsportsTournamentManager\EsportsTournamentManager\Views\Admin\Tournaments\TournamentsView.xaml.cs(662,17): error CS0103: The name 'PanelRoundRobin' does not exist in the current context [G:\CSharp\EsportsTournamentManager\EsportsTournamentManager\EsportsTournamentManager.csproj]
G:\CSharp\EsportsTournamentManager\EsportsTournamentManager\Views\User\UserMain.xaml.cs(551,13): error CS0103: The name 'CanvasBracket' does not exist in the current context [G:\CSharp\EsportsTournamentManager\EsportsTournamentManager\EsportsTournamentManager.csproj]
G:\CSharp\EsportsTournamentManager\EsportsTournamentManager\Views\User\UserMain.xaml.cs(560,17): error CS0103: The name 'CanvasBracket' does not exist in the current context [G:\CSharp\EsportsTournamentManager\EsportsTournamentManager\EsportsTournamentManager.csproj]
G:\CSharp\EsportsTournamentManager\EsportsTournamentManager\Views\User\UserMain.xaml.cs(561,17): error CS0103: The name 'CanvasBracket' does not exist in the current context [G:\CSharp\EsportsTournamentManager\EsportsTournamentManager\EsportsTournamentManager.csproj]
G:\CSharp\EsportsTournamentManager\EsportsTournamentManager\Views\User\UserMain.xaml.cs(602,17): error CS0103: The name 'CanvasBracket' does not exist in the current context [G:\CSharp\EsportsTournamentManager\EsportsTournamentManager\EsportsTournamentManager.csproj]
G:\CSharp\EsportsTournamentManager\EsportsTournamentManager\Views\User\UserMain.xaml.cs(603,17): error CS0103: The name 'CanvasBracket' does not exist in the current context [G:\CSharp\EsportsTournamentManager\EsportsTournamentManager\EsportsTournamentManager.csproj]
G:\CSharp\EsportsTournamentManager\EsportsTournamentManager\Views\User\UserMain.xaml.cs(705,13): error CS0103: The name 'CanvasBracket' does not exist in the current context [G:\CSharp\EsportsTournamentManager\EsportsTournamentManager\EsportsTournamentManager.csproj]
G:\CSharp\EsportsTournamentManager\EsportsTournamentManager\Views\User\UserMain.xaml.cs(713,13): error CS0103: The name 'CanvasBracket' does not exist in the current context [G:\CSharp\EsportsTournamentManager\EsportsTournamentManager\EsportsTournamentManager.csproj]
G:\CSharp\EsportsTournamentManager\EsportsTournamentManager\Views\Admin\Tournaments\TournamentsView.xaml.cs(668,13): error CS0103: The name 'CanvasBracket' does not exist in the current context [G:\CSharp\EsportsTournamentManager\EsportsTournamentManager\EsportsTournamentManager.csproj]
G:\CSharp\EsportsTournamentManager\EsportsTournamentManager\Views\Admin\Tournaments\TournamentsView.xaml.cs(677,17): error CS0103: The name 'CanvasBracket' does not exist in the current context [G:\CSharp\EsportsTournamentManager\EsportsTournamentManager\EsportsTournamentManager.csproj]
G:\CSharp\EsportsTournamentManager\EsportsTournamentManager\Views\Admin\Tournaments\TournamentsView.xaml.cs(678,17): error CS0103: The name 'CanvasBracket' does not exist in the current context [G:\CSharp\EsportsTournamentManager\EsportsTournamentManager\EsportsTournamentManager.csproj]
G:\CSharp\EsportsTournamentManager\EsportsTournamentManager\Views\Admin\Tournaments\TournamentsView.xaml.cs(728,17): error CS0103: The name 'CanvasBracket' does not exist in the current context [G:\CSharp\EsportsTournamentManager\EsportsTournamentManager\EsportsTournamentManager.csproj]
G:\CSharp\EsportsTournamentManager\EsportsTournamentManager\Views\Admin\Tournaments\TournamentsView.xaml.cs(729,17): error CS0103: The name 'CanvasBracket' does not exist in the current context [G:\CSharp\EsportsTournamentManager\EsportsTournamentManager\EsportsTournamentManager.csproj]
G:\CSharp\EsportsTournamentManager\EsportsTournamentManager\Views\User\UserMain.xaml.cs(727,13): error CS0103: The name 'CanvasBracket' does not exist in the current context [G:\CSharp\EsportsTournamentManager\EsportsTournamentManager\EsportsTournamentManager.csproj]
G:\CSharp\EsportsTournamentManager\EsportsTournamentManager\Views\Admin\Tournaments\TournamentsView.xaml.cs(845,13): error CS0103: The name 'CanvasBracket' does not exist in the current context [G:\CSharp\EsportsTournamentManager\EsportsTournamentManager\EsportsTournamentManager.csproj]
G:\CSharp\EsportsTournamentManager\EsportsTournamentManager\Views\Admin\Tournaments\TournamentsView.xaml.cs(853,13): error CS0103: The name 'CanvasBracket' does not exist in the current context [G:\CSharp\EsportsTournamentManager\EsportsTournamentManager\EsportsTournamentManager.csproj]
G:\CSharp\EsportsTournamentManager\EsportsTournamentManager\Views\Admin\Tournaments\MatchDetailDialog.xaml.cs(446,17): error CS0103: The name 'TxtMatchMvp' does not exist in the current context [G:\CSharp\EsportsTournamentManager\EsportsTournamentManager\EsportsTournamentManager.csproj]
G:\CSharp\EsportsTournamentManager\EsportsTournamentManager\Views\Admin\Tournaments\MatchDetailDialog.xaml.cs(461,17): error CS0103: The name 'TxtMatchMvp' does not exist in the current context [G:\CSharp\EsportsTournamentManager\EsportsTournamentManager\EsportsTournamentManager.csproj]
G:\CSharp\EsportsTournamentManager\EsportsTournamentManager\Views\Admin\Tournaments\MatchDetailDialog.xaml.cs(465,17): error CS0103: The name 'TxtMatchMvp' does not exist in the current context [G:\CSharp\EsportsTournamentManager\EsportsTournamentManager\EsportsTournamentManager.csproj]
G:\CSharp\EsportsTournamentManager\EsportsTournamentManager\Views\Admin\Tournaments\TournamentsView.xaml.cs(867,13): error CS0103: The name 'CanvasBracket' does not exist in the current context [G:\CSharp\EsportsTournamentManager\EsportsTournamentManager\EsportsTournamentManager.csproj]
G:\CSharp\EsportsTournamentManager\EsportsTournamentManager\Views\Admin\Tournaments\MatchDetailDialog.xaml.cs(480,13): error CS0103: The name 'TxtTeam1Score' does not exist in the current context [G:\CSharp\EsportsTournamentManager\EsportsTournamentManager\EsportsTournamentManager.csproj]
G:\CSharp\EsportsTournamentManager\EsportsTournamentManager\Views\Admin\Tournaments\MatchDetailDialog.xaml.cs(481,13): error CS0103: The name 'TxtTeam2Score' does not exist in the current context [G:\CSharp\EsportsTournamentManager\EsportsTournamentManager\EsportsTournamentManager.csproj]
G:\CSharp\EsportsTournamentManager\EsportsTournamentManager\Views\User\Dashboard\UserMatchDetailDialog.xaml.cs(214,17): error CS0103: The name 'TxtT1Kills' does not exist in the current context [G:\CSharp\EsportsTournamentManager\EsportsTournamentManager\EsportsTournamentManager.csproj]
G:\CSharp\EsportsTournamentManager\EsportsTournamentManager\Views\User\Dashboard\UserMatchDetailDialog.xaml.cs(215,17): error CS0103: The name 'TxtT2Kills' does not exist in the current context [G:\CSharp\EsportsTournamentManager\EsportsTournamentManager\EsportsTournamentManager.csproj]
G:\CSharp\EsportsTournamentManager\EsportsTournamentManager\Views\User\Dashboard\UserMatchDetailDialog.xaml.cs(216,17): error CS0103: The name 'TxtT1Damage' does not exist in the current context [G:\CSharp\EsportsTournamentManager\EsportsTournamentManager\EsportsTournamentManager.csproj]
G:\CSharp\EsportsTournamentManager\EsportsTournamentManager\Views\User\Dashboard\UserMatchDetailDialog.xaml.cs(217,17): error CS0103: The name 'TxtT2Damage' does not exist in the current context [G:\CSharp\EsportsTournamentManager\EsportsTournamentManager\EsportsTournamentManager.csproj]
G:\CSharp\EsportsTournamentManager\EsportsTournamentManager\Views\User\Dashboard\UserMatchDetailDialog.xaml.cs(218,17): error CS0103: The name 'TxtT1CS' does not exist in the current context [G:\CSharp\EsportsTournamentManager\EsportsTournamentManager\EsportsTournamentManager.csproj]
G:\CSharp\EsportsTournamentManager\EsportsTournamentManager\Views\User\Dashboard\UserMatchDetailDialog.xaml.cs(219,17): error CS0103: The name 'TxtT2CS' does not exist in the current context [G:\CSharp\EsportsTournamentManager\EsportsTournamentManager\EsportsTournamentManager.csproj]
G:\CSharp\EsportsTournamentManager\EsportsTournamentManager\Views\User\Dashboard\UserMatchDetailDialog.xaml.cs(220,17): error CS0103: The name 'TxtT1Dragons' does not exist in the current context [G:\CSharp\EsportsTournamentManager\EsportsTournamentManager\EsportsTournamentManager.csproj]
G:\CSharp\EsportsTournamentManager\EsportsTournamentManager\Views\User\Dashboard\UserMatchDetailDialog.xaml.cs(221,17): error CS0103: The name 'TxtT2Dragons' does not exist in the current context [G:\CSharp\EsportsTournamentManager\EsportsTournamentManager\EsportsTournamentManager.csproj]
G:\CSharp\EsportsTournamentManager\EsportsTournamentManager\Views\User\Dashboard\UserMatchDetailDialog.xaml.cs(222,17): error CS0103: The name 'TxtT1Towers' does not exist in the current context [G:\CSharp\EsportsTournamentManager\EsportsTournamentManager\EsportsTournamentManager.csproj]
G:\CSharp\EsportsTournamentManager\EsportsTournamentManager\Views\User\Dashboard\UserMatchDetailDialog.xaml.cs(223,17): error CS0103: The name 'TxtT2Towers' does not exist in the current context [G:\CSharp\EsportsTournamentManager\EsportsTournamentManager\EsportsTournamentManager.csproj]
G:\CSharp\EsportsTournamentManager\EsportsTournamentManager\Views\User\Dashboard\UserMatchDetailDialog.xaml.cs(225,17): error CS0103: The name 'ColT1Kills' does not exist in the current context [G:\CSharp\EsportsTournamentManager\EsportsTournamentManager\EsportsTournamentManager.csproj]
G:\CSharp\EsportsTournamentManager\EsportsTournamentManager\Views\User\Dashboard\UserMatchDetailDialog.xaml.cs(226,17): error CS0103: The name 'ColT2Kills' does not exist in the current context [G:\CSharp\EsportsTournamentManager\EsportsTournamentManager\EsportsTournamentManager.csproj]
G:\CSharp\EsportsTournamentManager\EsportsTournamentManager\Views\User\Dashboard\UserMatchDetailDialog.xaml.cs(227,17): error CS0103: The name 'ColT1Damage' does not exist in the current context [G:\CSharp\EsportsTournamentManager\EsportsTournamentManager\EsportsTournamentManager.csproj]
G:\CSharp\EsportsTournamentManager\EsportsTournamentManager\Views\User\Dashboard\UserMatchDetailDialog.xaml.cs(228,17): error CS0103: The name 'ColT2Damage' does not exist in the current context [G:\CSharp\EsportsTournamentManager\EsportsTournamentManager\EsportsTournamentManager.csproj]
G:\CSharp\EsportsTournamentManager\EsportsTournamentManager\Views\User\Dashboard\UserMatchDetailDialog.xaml.cs(229,17): error CS0103: The name 'ColT1CS' does not exist in the current context [G:\CSharp\EsportsTournamentManager\EsportsTournamentManager\EsportsTournamentManager.csproj]
G:\CSharp\EsportsTournamentManager\EsportsTournamentManager\Views\User\Dashboard\UserMatchDetailDialog.xaml.cs(230,17): error CS0103: The name 'ColT2CS' does not exist in the current context [G:\CSharp\EsportsTournamentManager\EsportsTournamentManager\EsportsTournamentManager.csproj]
G:\CSharp\EsportsTournamentManager\EsportsTournamentManager\Views\User\Dashboard\UserMatchDetailDialog.xaml.cs(231,17): error CS0103: The name 'ColT1Dragons' does not exist in the current context [G:\CSharp\EsportsTournamentManager\EsportsTournamentManager\EsportsTournamentManager.csproj]
G:\CSharp\EsportsTournamentManager\EsportsTournamentManager\Views\User\Dashboard\UserMatchDetailDialog.xaml.cs(232,17): error CS0103: The name 'ColT2Dragons' does not exist in the current context [G:\CSharp\EsportsTournamentManager\EsportsTournamentManager\EsportsTournamentManager.csproj]
G:\CSharp\EsportsTournamentManager\EsportsTournamentManager\Views\User\Dashboard\UserMatchDetailDialog.xaml.cs(233,17): error CS0103: The name 'ColT1Towers' does not exist in the current context [G:\CSharp\EsportsTournamentManager\EsportsTournamentManager\EsportsTournamentManager.csproj]
G:\CSharp\EsportsTournamentManager\EsportsTournamentManager\Views\User\Dashboard\UserMatchDetailDialog.xaml.cs(234,17): error CS0103: The name 'ColT2Towers' does not exist in the current context [G:\CSharp\EsportsTournamentManager\EsportsTournamentManager\EsportsTournamentManager.csproj]
G:\CSharp\EsportsTournamentManager\EsportsTournamentManager\Views\User\Dashboard\UserMatchDetailDialog.xaml.cs(250,13): error CS0103: The name 'TxtT1Kills' does not exist in the current context [G:\CSharp\EsportsTournamentManager\EsportsTournamentManager\EsportsTournamentManager.csproj]
G:\CSharp\EsportsTournamentManager\EsportsTournamentManager\Views\User\Dashboard\UserMatchDetailDialog.xaml.cs(251,13): error CS0103: The name 'TxtT2Kills' does not exist in the current context [G:\CSharp\EsportsTournamentManager\EsportsTournamentManager\EsportsTournamentManager.csproj]
G:\CSharp\EsportsTournamentManager\EsportsTournamentManager\Views\User\Dashboard\UserMatchDetailDialog.xaml.cs(252,13): error CS0103: The name 'TxtT1Damage' does not exist in the current context [G:\CSharp\EsportsTournamentManager\EsportsTournamentManager\EsportsTournamentManager.csproj]
G:\CSharp\EsportsTournamentManager\EsportsTournamentManager\Views\User\Dashboard\UserMatchDetailDialog.xaml.cs(253,13): error CS0103: The name 'TxtT2Damage' does not exist in the current context [G:\CSharp\EsportsTournamentManager\EsportsTournamentManager\EsportsTournamentManager.csproj]
G:\CSharp\EsportsTournamentManager\EsportsTournamentManager\Views\User\Dashboard\UserMatchDetailDialog.xaml.cs(254,13): error CS0103: The name 'TxtT1CS' does not exist in the current context [G:\CSharp\EsportsTournamentManager\EsportsTournamentManager\EsportsTournamentManager.csproj]
G:\CSharp\EsportsTournamentManager\EsportsTournamentManager\Views\User\Dashboard\UserMatchDetailDialog.xaml.cs(255,13): error CS0103: The name 'TxtT2CS' does not exist in the current context [G:\CSharp\EsportsTournamentManager\EsportsTournamentManager\EsportsTournamentManager.csproj]
G:\CSharp\EsportsTournamentManager\EsportsTournamentManager\Views\User\Dashboard\UserMatchDetailDialog.xaml.cs(256,13): error CS0103: The name 'TxtT1Dragons' does not exist in the current context [G:\CSharp\EsportsTournamentManager\EsportsTournamentManager\EsportsTournamentManager.csproj]
G:\CSharp\EsportsTournamentManager\EsportsTournamentManager\Views\User\Dashboard\UserMatchDetailDialog.xaml.cs(257,13): error CS0103: The name 'TxtT2Dragons' does not exist in the current context [G:\CSharp\EsportsTournamentManager\EsportsTournamentManager\EsportsTournamentManager.csproj]
G:\CSharp\EsportsTournamentManager\EsportsTournamentManager\Views\User\Dashboard\UserMatchDetailDialog.xaml.cs(258,13): error CS0103: The name 'TxtT1Towers' does not exist in the current context [G:\CSharp\EsportsTournamentManager\EsportsTournamentManager\EsportsTournamentManager.csproj]
G:\CSharp\EsportsTournamentManager\EsportsTournamentManager\Views\User\Dashboard\UserMatchDetailDialog.xaml.cs(259,13): error CS0103: The name 'TxtT2Towers' does not exist in the current context [G:\CSharp\EsportsTournamentManager\EsportsTournamentManager\EsportsTournamentManager.csproj]
G:\CSharp\EsportsTournamentManager\EsportsTournamentManager\Views\User\Dashboard\UserMatchDetailDialog.xaml.cs(262,13): error CS0103: The name 'ColT1Kills' does not exist in the current context [G:\CSharp\EsportsTournamentManager\EsportsTournamentManager\EsportsTournamentManager.csproj]
G:\CSharp\EsportsTournamentManager\EsportsTournamentManager\Views\User\Dashboard\UserMatchDetailDialog.xaml.cs(263,13): error CS0103: The name 'ColT2Kills' does not exist in the current context [G:\CSharp\EsportsTournamentManager\EsportsTournamentManager\EsportsTournamentManager.csproj]
G:\CSharp\EsportsTournamentManager\EsportsTournamentManager\Views\User\Dashboard\UserMatchDetailDialog.xaml.cs(266,13): error CS0103: The name 'ColT1Damage' does not exist in the current context [G:\CSharp\EsportsTournamentManager\EsportsTournamentManager\EsportsTournamentManager.csproj]
G:\CSharp\EsportsTournamentManager\EsportsTournamentManager\Views\User\Dashboard\UserMatchDetailDialog.xaml.cs(267,13): error CS0103: The name 'ColT2Damage' does not exist in the current context [G:\CSharp\EsportsTournamentManager\EsportsTournamentManager\EsportsTournamentManager.csproj]
G:\CSharp\EsportsTournamentManager\EsportsTournamentManager\Views\User\Dashboard\UserMatchDetailDialog.xaml.cs(270,13): error CS0103: The name 'ColT1CS' does not exist in the current context [G:\CSharp\EsportsTournamentManager\EsportsTournamentManager\EsportsTournamentManager.csproj]
G:\CSharp\EsportsTournamentManager\EsportsTournamentManager\Views\User\Dashboard\UserMatchDetailDialog.xaml.cs(271,13): error CS0103: The name 'ColT2CS' does not exist in the current context [G:\CSharp\EsportsTournamentManager\EsportsTournamentManager\EsportsTournamentManager.csproj]
G:\CSharp\EsportsTournamentManager\EsportsTournamentManager\Views\User\Dashboard\UserMatchDetailDialog.xaml.cs(274,13): error CS0103: The name 'ColT1Dragons' does not exist in the current context [G:\CSharp\EsportsTournamentManager\EsportsTournamentManager\EsportsTournamentManager.csproj]
G:\CSharp\EsportsTournamentManager\EsportsTournamentManager\Views\User\Dashboard\UserMatchDetailDialog.xaml.cs(275,13): error CS0103: The name 'ColT2Dragons' does not exist in the current context [G:\CSharp\EsportsTournamentManager\EsportsTournamentManager\EsportsTournamentManager.csproj]
G:\CSharp\EsportsTournamentManager\EsportsTournamentManager\Views\User\Dashboard\UserMatchDetailDialog.xaml.cs(278,13): error CS0103: The name 'ColT1Towers' does not exist in the current context [G:\CSharp\EsportsTournamentManager\EsportsTournamentManager\EsportsTournamentManager.csproj]
G:\CSharp\EsportsTournamentManager\EsportsTournamentManager\Views\User\Dashboard\UserMatchDetailDialog.xaml.cs(279,13): error CS0103: The name 'ColT2Towers' does not exist in the current context [G:\CSharp\EsportsTournamentManager\EsportsTournamentManager\EsportsTournamentManager.csproj]
G:\CSharp\EsportsTournamentManager\EsportsTournamentManager\Views\Admin\Tournaments\MatchDetailDialog.xaml.cs(523,38): error CS0103: The name 'CboStatus' does not exist in the current context [G:\CSharp\EsportsTournamentManager\EsportsTournamentManager\EsportsTournamentManager.csproj]
G:\CSharp\EsportsTournamentManager\EsportsTournamentManager\Views\User\UserMain.xaml.cs(799,17): error CS0103: The name 'TxtTeamNameTitle' does not exist in the current context [G:\CSharp\EsportsTournamentManager\EsportsTournamentManager\EsportsTournamentManager.csproj]
G:\CSharp\EsportsTournamentManager\EsportsTournamentManager\Views\User\UserMain.xaml.cs(800,17): error CS0103: The name 'TxtTeamCoach' does not exist in the current context [G:\CSharp\EsportsTournamentManager\EsportsTournamentManager\EsportsTournamentManager.csproj]
G:\CSharp\EsportsTournamentManager\EsportsTournamentManager\Views\User\UserMain.xaml.cs(803,17): error CS0103: The name 'TxtTeamWinRate' does not exist in the current context [G:\CSharp\EsportsTournamentManager\EsportsTournamentManager\EsportsTournamentManager.csproj]
G:\CSharp\EsportsTournamentManager\EsportsTournamentManager\Views\User\UserMain.xaml.cs(804,17): error CS0103: The name 'TxtTeamAvgKills' does not exist in the current context [G:\CSharp\EsportsTournamentManager\EsportsTournamentManager\EsportsTournamentManager.csproj]
G:\CSharp\EsportsTournamentManager\EsportsTournamentManager\Views\User\UserMain.xaml.cs(805,17): error CS0103: The name 'TxtTeamAvgDamage' does not exist in the current context [G:\CSharp\EsportsTournamentManager\EsportsTournamentManager\EsportsTournamentManager.csproj]
G:\CSharp\EsportsTournamentManager\EsportsTournamentManager\Views\User\UserMain.xaml.cs(806,17): error CS0103: The name 'TxtTeamAvgCS' does not exist in the current context [G:\CSharp\EsportsTournamentManager\EsportsTournamentManager\EsportsTournamentManager.csproj]
G:\CSharp\EsportsTournamentManager\EsportsTournamentManager\Views\User\UserMain.xaml.cs(809,17): error CS0103: The name 'ListTeamPlayers' does not exist in the current context [G:\CSharp\EsportsTournamentManager\EsportsTournamentManager\EsportsTournamentManager.csproj]
G:\CSharp\EsportsTournamentManager\EsportsTournamentManager\Views\User\UserMain.xaml.cs(812,17): error CS0103: The name 'ListTeamRecentMatches' does not exist in the current context [G:\CSharp\EsportsTournamentManager\EsportsTournamentManager\EsportsTournamentManager.csproj]
G:\CSharp\EsportsTournamentManager\EsportsTournamentManager\Views\User\UserMain.xaml.cs(814,27): error CS0103: The name 'PanelTeamDetail' does not exist in the current context [G:\CSharp\EsportsTournamentManager\EsportsTournamentManager\EsportsTournamentManager.csproj]
G:\CSharp\EsportsTournamentManager\EsportsTournamentManager\Views\User\UserMain.xaml.cs(832,17): error CS0103: The name 'TxtPlayerInGameName' does not exist in the current context [G:\CSharp\EsportsTournamentManager\EsportsTournamentManager\EsportsTournamentManager.csproj]
G:\CSharp\EsportsTournamentManager\EsportsTournamentManager\Views\User\UserMain.xaml.cs(833,17): error CS0103: The name 'TxtPlayerRealName' does not exist in the current context [G:\CSharp\EsportsTournamentManager\EsportsTournamentManager\EsportsTournamentManager.csproj]
G:\CSharp\EsportsTournamentManager\EsportsTournamentManager\Views\User\UserMain.xaml.cs(837,21): error CS0103: The name 'TxtPlayerTeam' does not exist in the current context [G:\CSharp\EsportsTournamentManager\EsportsTournamentManager\EsportsTournamentManager.csproj]
G:\CSharp\EsportsTournamentManager\EsportsTournamentManager\Views\User\UserMain.xaml.cs(838,21): error CS0103: The name 'TxtPlayerTeam' does not exist in the current context [G:\CSharp\EsportsTournamentManager\EsportsTournamentManager\EsportsTournamentManager.csproj]
G:\CSharp\EsportsTournamentManager\EsportsTournamentManager\Views\User\UserMain.xaml.cs(839,21): error CS0103: The name 'TxtPlayerTeam' does not exist in the current context [G:\CSharp\EsportsTournamentManager\EsportsTournamentManager\EsportsTournamentManager.csproj]
G:\CSharp\EsportsTournamentManager\EsportsTournamentManager\Views\User\UserMain.xaml.cs(843,21): error CS0103: The name 'TxtPlayerTeam' does not exist in the current context [G:\CSharp\EsportsTournamentManager\EsportsTournamentManager\EsportsTournamentManager.csproj]
G:\CSharp\EsportsTournamentManager\EsportsTournamentManager\Views\User\UserMain.xaml.cs(849,21): error CS0103: The name 'TxtPlayerAvgKDA' does not exist in the current context [G:\CSharp\EsportsTournamentManager\EsportsTournamentManager\EsportsTournamentManager.csproj]
G:\CSharp\EsportsTournamentManager\EsportsTournamentManager\Views\User\UserMain.xaml.cs(850,21): error CS0103: The name 'TxtPlayerAvgPTS' does not exist in the current context [G:\CSharp\EsportsTournamentManager\EsportsTournamentManager\EsportsTournamentManager.csproj]
G:\CSharp\EsportsTournamentManager\EsportsTournamentManager\Views\User\UserMain.xaml.cs(851,21): error CS0103: The name 'TxtPlayerAvgDamage' does not exist in the current context [G:\CSharp\EsportsTournamentManager\EsportsTournamentManager\EsportsTournamentManager.csproj]
G:\CSharp\EsportsTournamentManager\EsportsTournamentManager\Views\User\UserMain.xaml.cs(852,21): error CS0103: The name 'TxtPlayerAvgCS' does not exist in the current context [G:\CSharp\EsportsTournamentManager\EsportsTournamentManager\EsportsTournamentManager.csproj]
G:\CSharp\EsportsTournamentManager\EsportsTournamentManager\Views\User\UserMain.xaml.cs(853,21): error CS0103: The name 'TxtPlayerPosition' does not exist in the current context [G:\CSharp\EsportsTournamentManager\EsportsTournamentManager\EsportsTournamentManager.csproj]
G:\CSharp\EsportsTournamentManager\EsportsTournamentManager\Views\User\UserMain.xaml.cs(854,21): error CS0103: The name 'TxtPlayerMatchesPlayed' does not exist in the current context [G:\CSharp\EsportsTournamentManager\EsportsTournamentManager\EsportsTournamentManager.csproj]
G:\CSharp\EsportsTournamentManager\EsportsTournamentManager\Views\User\UserMain.xaml.cs(856,21): error CS0103: The name 'ListPlayerRecentMatches' does not exist in the current context [G:\CSharp\EsportsTournamentManager\EsportsTournamentManager\EsportsTournamentManager.csproj]
G:\CSharp\EsportsTournamentManager\EsportsTournamentManager\Views\User\UserMain.xaml.cs(859,21): error CS0103: The name 'PanelPlayerChampions' does not exist in the current context [G:\CSharp\EsportsTournamentManager\EsportsTournamentManager\EsportsTournamentManager.csproj]
G:\CSharp\EsportsTournamentManager\EsportsTournamentManager\Views\User\UserMain.xaml.cs(878,25): error CS0103: The name 'PanelPlayerChampions' does not exist in the current context [G:\CSharp\EsportsTournamentManager\EsportsTournamentManager\EsportsTournamentManager.csproj]
G:\CSharp\EsportsTournamentManager\EsportsTournamentManager\Views\User\UserMain.xaml.cs(882,27): error CS0103: The name 'PanelPlayerDetail' does not exist in the current context [G:\CSharp\EsportsTournamentManager\EsportsTournamentManager\EsportsTournamentManager.csproj]

Build FAILED.

CSC : error CS5001: Program does not contain a static 'Main' method suitable for an entry point [G:\CSharp\EsportsTournamentManager\EsportsTournamentManager\EsportsTournamentManager.csproj]
G:\CSharp\EsportsTournamentManager\EsportsTournamentManager\Views\User\Tournaments\TournamentOverview.xaml.cs(26,13): error CS0103: The name 'InitializeComponent' does not exist in the current context [G:\CSharp\EsportsTournamentManager\EsportsTournamentManager\EsportsTournamentManager.csproj]
G:\CSharp\EsportsTournamentManager\EsportsTournamentManager\MainWindow.xaml.cs(17,13): error CS0103: The name 'InitializeComponent' does not exist in the current context [G:\CSharp\EsportsTournamentManager\EsportsTournamentManager\EsportsTournamentManager.csproj]
G:\CSharp\EsportsTournamentManager\EsportsTournamentManager\MainWindow.xaml.cs(20,13): error CS0103: The name 'LoginSection' does not exist in the current context [G:\CSharp\EsportsTournamentManager\EsportsTournamentManager\EsportsTournamentManager.csproj]
G:\CSharp\EsportsTournamentManager\EsportsTournamentManager\MainWindow.xaml.cs(21,13): error CS0103: The name 'AdminMainSection' does not exist in the current context [G:\CSharp\EsportsTournamentManager\EsportsTournamentManager\EsportsTournamentManager.csproj]
G:\CSharp\EsportsTournamentManager\EsportsTournamentManager\MainWindow.xaml.cs(22,13): error CS0103: The name 'UserMainSection' does not exist in the current context [G:\CSharp\EsportsTournamentManager\EsportsTournamentManager\EsportsTournamentManager.csproj]
G:\CSharp\EsportsTournamentManager\EsportsTournamentManager\MainWindow.xaml.cs(30,17): error CS0103: The name 'LoginSection' does not exist in the current context [G:\CSharp\EsportsTournamentManager\EsportsTournamentManager\EsportsTournamentManager.csproj]
G:\CSharp\EsportsTournamentManager\EsportsTournamentManager\MainWindow.xaml.cs(33,21): error CS0103: The name 'AdminMainSection' does not exist in the current context [G:\CSharp\EsportsTournamentManager\EsportsTournamentManager\EsportsTournamentManager.csproj]
G:\CSharp\EsportsTournamentManager\EsportsTournamentManager\MainWindow.xaml.cs(34,21): error CS0103: The name 'AdminMainSection' does not exist in the current context [G:\CSharp\EsportsTournamentManager\EsportsTournamentManager\EsportsTournamentManager.csproj]
G:\CSharp\EsportsTournamentManager\EsportsTournamentManager\MainWindow.xaml.cs(38,21): error CS0103: The name 'UserMainSection' does not exist in the current context [G:\CSharp\EsportsTournamentManager\EsportsTournamentManager\EsportsTournamentManager.csproj]
G:\CSharp\EsportsTournamentManager\EsportsTournamentManager\MainWindow.xaml.cs(39,21): error CS0103: The name 'UserMainSection' does not exist in the current context [G:\CSharp\EsportsTournamentManager\EsportsTournamentManager\EsportsTournamentManager.csproj]
G:\CSharp\EsportsTournamentManager\EsportsTournamentManager\MainWindow.xaml.cs(57,13): error CS0103: The name 'AdminMainSection' does not exist in the current context [G:\CSharp\EsportsTournamentManager\EsportsTournamentManager\EsportsTournamentManager.csproj]
G:\CSharp\EsportsTournamentManager\EsportsTournamentManager\MainWindow.xaml.cs(58,13): error CS0103: The name 'UserMainSection' does not exist in the current context [G:\CSharp\EsportsTournamentManager\EsportsTournamentManager\EsportsTournamentManager.csproj]
G:\CSharp\EsportsTournamentManager\EsportsTournamentManager\MainWindow.xaml.cs(59,13): error CS0103: The name 'LoginSection' does not exist in the current context [G:\CSharp\EsportsTournamentManager\EsportsTournamentManager\EsportsTournamentManager.csproj]
G:\CSharp\EsportsTournamentManager\EsportsTournamentManager\Views\Admin\PrizePools\PrizePoolsView.xaml.cs(17,13): error CS0103: The name 'InitializeComponent' does not exist in the current context [G:\CSharp\EsportsTournamentManager\EsportsTournamentManager\EsportsTournamentManager.csproj]
G:\CSharp\EsportsTournamentManager\EsportsTournamentManager\Views\Admin\AdminMain.xaml.cs(13,13): error CS0103: The name 'InitializeComponent' does not exist in the current context [G:\CSharp\EsportsTournamentManager\EsportsTournamentManager\EsportsTournamentManager.csproj]
G:\CSharp\EsportsTournamentManager\EsportsTournamentManager\Views\Admin\AdminMain.xaml.cs(18,13): error CS0103: The name 'TxtHeaderUserName' does not exist in the current context [G:\CSharp\EsportsTournamentManager\EsportsTournamentManager\EsportsTournamentManager.csproj]
G:\CSharp\EsportsTournamentManager\EsportsTournamentManager\Views\Admin\AdminMain.xaml.cs(19,13): error CS0103: The name 'TxtHeaderUserRole' does not exist in the current context [G:\CSharp\EsportsTournamentManager\EsportsTournamentManager\EsportsTournamentManager.csproj]
G:\CSharp\EsportsTournamentManager\EsportsTournamentManager\Views\Auth\LoginView.xaml.cs(16,13): error CS0103: The name 'InitializeComponent' does not exist in the current context [G:\CSharp\EsportsTournamentManager\EsportsTournamentManager\EsportsTournamentManager.csproj]
G:\CSharp\EsportsTournamentManager\EsportsTournamentManager\Views\Admin\Dashboard\DashboardView.xaml.cs(15,13): error CS0103: The name 'InitializeComponent' does not exist in the current context [G:\CSharp\EsportsTournamentManager\EsportsTournamentManager\EsportsTournamentManager.csproj]
G:\CSharp\EsportsTournamentManager\EsportsTournamentManager\Views\Admin\Tournaments\MatchDetailDialog.xaml.cs(25,13): error CS0103: The name 'InitializeComponent' does not exist in the current context [G:\CSharp\EsportsTournamentManager\EsportsTournamentManager\EsportsTournamentManager.csproj]
G:\CSharp\EsportsTournamentManager\EsportsTournamentManager\Views\Admin\PrizePools\PrizePoolsView.xaml.cs(30,21): error CS0103: The name 'CboTournaments' does not exist in the current context [G:\CSharp\EsportsTournamentManager\EsportsTournamentManager\EsportsTournamentManager.csproj]
G:\CSharp\EsportsTournamentManager\EsportsTournamentManager\Views\Admin\PrizePools\PrizePoolsView.xaml.cs(34,25): error CS0103: The name 'CboTournaments' does not exist in the current context [G:\CSharp\EsportsTournamentManager\EsportsTournamentManager\EsportsTournamentManager.csproj]
G:\CSharp\EsportsTournamentManager\EsportsTournamentManager\Views\Admin\PrizePools\PrizePoolsView.xaml.cs(38,25): error CS0103: The name 'PanelTournamentDetails' does not exist in the current context [G:\CSharp\EsportsTournamentManager\EsportsTournamentManager\EsportsTournamentManager.csproj]
G:\CSharp\EsportsTournamentManager\EsportsTournamentManager\Views\Admin\Teams\TeamDialog.xaml.cs(14,13): error CS0103: The name 'InitializeComponent' does not exist in the current context [G:\CSharp\EsportsTournamentManager\EsportsTournamentManager\EsportsTournamentManager.csproj]
G:\CSharp\EsportsTournamentManager\EsportsTournamentManager\Views\Admin\Teams\TeamDialog.xaml.cs(20,17): error CS0103: The name 'TxtTitle' does not exist in the current context [G:\CSharp\EsportsTournamentManager\EsportsTournamentManager\EsportsTournamentManager.csproj]
G:\CSharp\EsportsTournamentManager\EsportsTournamentManager\Views\Admin\Teams\TeamDialog.xaml.cs(21,17): error CS0103: The name 'TxtTeamName' does not exist in the current context [G:\CSharp\EsportsTournamentManager\EsportsTournamentManager\EsportsTournamentManager.csproj]
G:\CSharp\EsportsTournamentManager\EsportsTournamentManager\Views\Admin\Teams\TeamDialog.xaml.cs(22,17): error CS0103: The name 'TxtAcronym' does not exist in the current context [G:\CSharp\EsportsTournamentManager\EsportsTournamentManager\EsportsTournamentManager.csproj]
G:\CSharp\EsportsTournamentManager\EsportsTournamentManager\Views\Admin\Teams\TeamDialog.xaml.cs(23,17): error CS0103: The name 'TxtCoach' does not exist in the current context [G:\CSharp\EsportsTournamentManager\EsportsTournamentManager\EsportsTournamentManager.csproj]
G:\CSharp\EsportsTournamentManager\EsportsTournamentManager\Views\Admin\Teams\TeamDialog.xaml.cs(24,17): error CS0103: The name 'TxtLogoPath' does not exist in the current context [G:\CSharp\EsportsTournamentManager\EsportsTournamentManager\EsportsTournamentManager.csproj]
G:\CSharp\EsportsTournamentManager\EsportsTournamentManager\Views\Admin\Teams\TeamsView.xaml.cs(21,13): error CS0103: The name 'InitializeComponent' does not exist in the current context [G:\CSharp\EsportsTournamentManager\EsportsTournamentManager\EsportsTournamentManager.csproj]
G:\CSharp\EsportsTournamentManager\EsportsTournamentManager\Views\Admin\PrizePools\PrizePoolsView.xaml.cs(50,17): error CS0103: The name 'CboTournaments' does not exist in the current context [G:\CSharp\EsportsTournamentManager\EsportsTournamentManager\EsportsTournamentManager.csproj]
G:\CSharp\EsportsTournamentManager\EsportsTournamentManager\Views\Admin\PrizePools\PrizePoolsView.xaml.cs(56,17): error CS0103: The name 'PanelTournamentDetails' does not exist in the current context [G:\CSharp\EsportsTournamentManager\EsportsTournamentManager\EsportsTournamentManager.csproj]
G:\CSharp\EsportsTournamentManager\EsportsTournamentManager\Views\Auth\LoginView.xaml.cs(27,31): error CS0103: The name 'TxtUsername' does not exist in the current context [G:\CSharp\EsportsTournamentManager\EsportsTournamentManager\EsportsTournamentManager.csproj]
G:\CSharp\EsportsTournamentManager\EsportsTournamentManager\Views\Auth\LoginView.xaml.cs(28,31): error CS0103: The name 'TxtPassword' does not exist in the current context [G:\CSharp\EsportsTournamentManager\EsportsTournamentManager\EsportsTournamentManager.csproj]
G:\CSharp\EsportsTournamentManager\EsportsTournamentManager\Views\Auth\LoginView.xaml.cs(30,13): error CS0103: The name 'LblLoginError' does not exist in the current context [G:\CSharp\EsportsTournamentManager\EsportsTournamentManager\EsportsTournamentManager.csproj]
G:\CSharp\EsportsTournamentManager\EsportsTournamentManager\Views\Auth\LoginView.xaml.cs(34,17): error CS0103: The name 'LblLoginError' does not exist in the current context [G:\CSharp\EsportsTournamentManager\EsportsTournamentManager\EsportsTournamentManager.csproj]
G:\CSharp\EsportsTournamentManager\EsportsTournamentManager\Views\Auth\LoginView.xaml.cs(35,17): error CS0103: The name 'LblLoginError' does not exist in the current context [G:\CSharp\EsportsTournamentManager\EsportsTournamentManager\EsportsTournamentManager.csproj]
G:\CSharp\EsportsTournamentManager\EsportsTournamentManager\Views\Auth\LoginView.xaml.cs(45,21): error CS0103: The name 'TxtUsername' does not exist in the current context [G:\CSharp\EsportsTournamentManager\EsportsTournamentManager\EsportsTournamentManager.csproj]
G:\CSharp\EsportsTournamentManager\EsportsTournamentManager\Views\Auth\LoginView.xaml.cs(46,21): error CS0103: The name 'TxtPassword' does not exist in the current context [G:\CSharp\EsportsTournamentManager\EsportsTournamentManager\EsportsTournamentManager.csproj]
G:\CSharp\EsportsTournamentManager\EsportsTournamentManager\Views\Auth\LoginView.xaml.cs(52,21): error CS0103: The name 'LblLoginError' does not exist in the current context [G:\CSharp\EsportsTournamentManager\EsportsTournamentManager\EsportsTournamentManager.csproj]
G:\CSharp\EsportsTournamentManager\EsportsTournamentManager\Views\Auth\LoginView.xaml.cs(53,21): error CS0103: The name 'LblLoginError' does not exist in the current context [G:\CSharp\EsportsTournamentManager\EsportsTournamentManager\EsportsTournamentManager.csproj]
G:\CSharp\EsportsTournamentManager\EsportsTournamentManager\Views\Auth\LoginView.xaml.cs(58,17): error CS0103: The name 'LblLoginError' does not exist in the current context [G:\CSharp\EsportsTournamentManager\EsportsTournamentManager\EsportsTournamentManager.csproj]
G:\CSharp\EsportsTournamentManager\EsportsTournamentManager\Views\Auth\LoginView.xaml.cs(59,17): error CS0103: The name 'LblLoginError' does not exist in the current context [G:\CSharp\EsportsTournamentManager\EsportsTournamentManager\EsportsTournamentManager.csproj]
G:\CSharp\EsportsTournamentManager\EsportsTournamentManager\Views\Admin\Teams\TeamsView.xaml.cs(41,17): error CS0103: The name 'ComboTeamsFilter' does not exist in the current context [G:\CSharp\EsportsTournamentManager\EsportsTournamentManager\EsportsTournamentManager.csproj]
G:\CSharp\EsportsTournamentManager\EsportsTournamentManager\Views\User\Tournaments\TournamentOverview.xaml.cs(37,17): error CS0103: The name 'TxtTournamentOverviewHeader' does not exist in the current context [G:\CSharp\EsportsTournamentManager\EsportsTournamentManager\EsportsTournamentManager.csproj]
G:\CSharp\EsportsTournamentManager\EsportsTournamentManager\Views\User\Tournaments\TournamentOverview.xaml.cs(38,17): error CS0103: The name 'TxtInfoGameType' does not exist in the current context [G:\CSharp\EsportsTournamentManager\EsportsTournamentManager\EsportsTournamentManager.csproj]
G:\CSharp\EsportsTournamentManager\EsportsTournamentManager\Views\User\Tournaments\TournamentOverview.xaml.cs(41,49): error CS0103: The name 'TxtInfoFormat' does not exist in the current context [G:\CSharp\EsportsTournamentManager\EsportsTournamentManager\EsportsTournamentManager.csproj]
G:\CSharp\EsportsTournamentManager\EsportsTournamentManager\Views\User\Tournaments\TournamentOverview.xaml.cs(42,54): error CS0103: The name 'TxtInfoFormat' does not exist in the current context [G:\CSharp\EsportsTournamentManager\EsportsTournamentManager\EsportsTournamentManager.csproj]
G:\CSharp\EsportsTournamentManager\EsportsTournamentManager\Views\User\Tournaments\TournamentOverview.xaml.cs(43,22): error CS0103: The name 'TxtInfoFormat' does not exist in the current context [G:\CSharp\EsportsTournamentManager\EsportsTournamentManager\EsportsTournamentManager.csproj]
G:\CSharp\EsportsTournamentManager\EsportsTournamentManager\Views\User\Tournaments\TournamentOverview.xaml.cs(45,17): error CS0103: The name 'TxtInfoMaxTeams' does not exist in the current context [G:\CSharp\EsportsTournamentManager\EsportsTournamentManager\EsportsTournamentManager.csproj]
G:\CSharp\EsportsTournamentManager\EsportsTournamentManager\Views\User\Tournaments\TournamentOverview.xaml.cs(59,17): error CS0103: The name 'TxtInfoStatus' does not exist in the current context [G:\CSharp\EsportsTournamentManager\EsportsTournamentManager\EsportsTournamentManager.csproj]
G:\CSharp\EsportsTournamentManager\EsportsTournamentManager\Views\User\Tournaments\TournamentOverview.xaml.cs(60,17): error CS0103: The name 'TxtInfoStatus' does not exist in the current context [G:\CSharp\EsportsTournamentManager\EsportsTournamentManager\EsportsTournamentManager.csproj]
G:\CSharp\EsportsTournamentManager\EsportsTournamentManager\Views\User\Tournaments\TournamentOverview.xaml.cs(64,17): error CS0103: The name 'TxtOverviewAvgKills' does not exist in the current context [G:\CSharp\EsportsTournamentManager\EsportsTournamentManager\EsportsTournamentManager.csproj]
G:\CSharp\EsportsTournamentManager\EsportsTournamentManager\Views\User\Tournaments\TournamentOverview.xaml.cs(65,17): error CS0103: The name 'TxtOverviewAvgCS' does not exist in the current context [G:\CSharp\EsportsTournamentManager\EsportsTournamentManager\EsportsTournamentManager.csproj]
G:\CSharp\EsportsTournamentManager\EsportsTournamentManager\Views\User\Tournaments\TournamentOverview.xaml.cs(66,17): error CS0103: The name 'TxtOverviewAvgDamage' does not exist in the current context [G:\CSharp\EsportsTournamentManager\EsportsTournamentManager\EsportsTournamentManager.csproj]
G:\CSharp\EsportsTournamentManager\EsportsTournamentManager\Views\User\Tournaments\TournamentOverview.xaml.cs(67,17): error CS0103: The name 'TxtOverviewTopTeam' does not exist in the current context [G:\CSharp\EsportsTournamentManager\EsportsTournamentManager\EsportsTournamentManager.csproj]
G:\CSharp\EsportsTournamentManager\EsportsTournamentManager\Views\User\Tournaments\TournamentOverview.xaml.cs(73,21): error CS0103: The name 'TxtChampionName' does not exist in the current context [G:\CSharp\EsportsTournamentManager\EsportsTournamentManager\EsportsTournamentManager.csproj]
G:\CSharp\EsportsTournamentManager\EsportsTournamentManager\Views\User\Tournaments\TournamentOverview.xaml.cs(74,21): error CS0103: The name 'TxtChampionName' does not exist in the current context [G:\CSharp\EsportsTournamentManager\EsportsTournamentManager\EsportsTournamentManager.csproj]
G:\CSharp\EsportsTournamentManager\EsportsTournamentManager\Views\User\Tournaments\TournamentOverview.xaml.cs(75,21): error CS0103: The name 'PanelTournamentChampion' does not exist in the current context [G:\CSharp\EsportsTournamentManager\EsportsTournamentManager\EsportsTournamentManager.csproj]
G:\CSharp\EsportsTournamentManager\EsportsTournamentManager\Views\User\Tournaments\TournamentOverview.xaml.cs(76,21): error CS0103: The name 'TxtChampionNotDecided' does not exist in the current context [G:\CSharp\EsportsTournamentManager\EsportsTournamentManager\EsportsTournamentManager.csproj]
G:\CSharp\EsportsTournamentManager\EsportsTournamentManager\Views\User\Tournaments\TournamentOverview.xaml.cs(80,21): error CS0103: The name 'PanelTournamentChampion' does not exist in the current context [G:\CSharp\EsportsTournamentManager\EsportsTournamentManager\EsportsTournamentManager.csproj]
G:\CSharp\EsportsTournamentManager\EsportsTournamentManager\Views\User\Tournaments\TournamentOverview.xaml.cs(81,21): error CS0103: The name 'TxtChampionNotDecided' does not exist in the current context [G:\CSharp\EsportsTournamentManager\EsportsTournamentManager\EsportsTournamentManager.csproj]
G:\CSharp\EsportsTournamentManager\EsportsTournamentManager\Views\User\Tournaments\TournamentOverview.xaml.cs(89,21): error CS0103: The name 'TxtMvpName' does not exist in the current context [G:\CSharp\EsportsTournamentManager\EsportsTournamentManager\EsportsTournamentManager.csproj]
G:\CSharp\EsportsTournamentManager\EsportsTournamentManager\Views\User\Tournaments\TournamentOverview.xaml.cs(90,21): error CS0103: The name 'TxtMvpName' does not exist in the current context [G:\CSharp\EsportsTournamentManager\EsportsTournamentManager\EsportsTournamentManager.csproj]
G:\CSharp\EsportsTournamentManager\EsportsTournamentManager\Views\User\Tournaments\TournamentOverview.xaml.cs(91,21): error CS0103: The name 'TxtMvpScore' does not exist in the current context [G:\CSharp\EsportsTournamentManager\EsportsTournamentManager\EsportsTournamentManager.csproj]
G:\CSharp\EsportsTournamentManager\EsportsTournamentManager\Views\User\Tournaments\TournamentOverview.xaml.cs(92,21): error CS0103: The name 'PanelTournamentMvp' does not exist in the current context [G:\CSharp\EsportsTournamentManager\EsportsTournamentManager\EsportsTournamentManager.csproj]
G:\CSharp\EsportsTournamentManager\EsportsTournamentManager\Views\User\Tournaments\TournamentOverview.xaml.cs(93,21): error CS0103: The name 'TxtMvpNotDecided' does not exist in the current context [G:\CSharp\EsportsTournamentManager\EsportsTournamentManager\EsportsTournamentManager.csproj]
G:\CSharp\EsportsTournamentManager\EsportsTournamentManager\Views\User\Tournaments\TournamentOverview.xaml.cs(97,21): error CS0103: The name 'PanelTournamentMvp' does not exist in the current context [G:\CSharp\EsportsTournamentManager\EsportsTournamentManager\EsportsTournamentManager.csproj]
G:\CSharp\EsportsTournamentManager\EsportsTournamentManager\Views\User\Tournaments\TournamentOverview.xaml.cs(98,21): error CS0103: The name 'TxtMvpNotDecided' does not exist in the current context [G:\CSharp\EsportsTournamentManager\EsportsTournamentManager\EsportsTournamentManager.csproj]
G:\CSharp\EsportsTournamentManager\EsportsTournamentManager\Views\User\Tournaments\TournamentOverview.xaml.cs(102,17): error CS0103: The name 'ListShowTeams' does not exist in the current context [G:\CSharp\EsportsTournamentManager\EsportsTournamentManager\EsportsTournamentManager.csproj]
G:\CSharp\EsportsTournamentManager\EsportsTournamentManager\Views\User\Tournaments\TournamentOverview.xaml.cs(105,17): error CS0103: The name 'ListTournamentMatches' does not exist in the current context [G:\CSharp\EsportsTournamentManager\EsportsTournamentManager\EsportsTournamentManager.csproj]
G:\CSharp\EsportsTournamentManager\EsportsTournamentManager\Views\Admin\AdminMain.xaml.cs(47,30): error CS0103: The name 'BtnMenuDashboard' does not exist in the current context [G:\CSharp\EsportsTournamentManager\EsportsTournamentManager\EsportsTournamentManager.csproj]
G:\CSharp\EsportsTournamentManager\EsportsTournamentManager\Views\Admin\AdminMain.xaml.cs(48,37): error CS0103: The name 'DashboardSection' does not exist in the current context [G:\CSharp\EsportsTournamentManager\EsportsTournamentManager\EsportsTournamentManager.csproj]
G:\CSharp\EsportsTournamentManager\EsportsTournamentManager\Views\Admin\AdminMain.xaml.cs(49,13): error CS0103: The name 'TxtHeaderTitle' does not exist in the current context [G:\CSharp\EsportsTournamentManager\EsportsTournamentManager\EsportsTournamentManager.csproj]
G:\CSharp\EsportsTournamentManager\EsportsTournamentManager\Views\Admin\Teams\TeamDialog.xaml.cs(49,31): error CS0103: The name 'TxtTeamName' does not exist in the current context [G:\CSharp\EsportsTournamentManager\EsportsTournamentManager\EsportsTournamentManager.csproj]
G:\CSharp\EsportsTournamentManager\EsportsTournamentManager\Views\Admin\Teams\TeamDialog.xaml.cs(50,30): error CS0103: The name 'TxtAcronym' does not exist in the current context [G:\CSharp\EsportsTournamentManager\EsportsTournamentManager\EsportsTournamentManager.csproj]
G:\CSharp\EsportsTournamentManager\EsportsTournamentManager\Views\Admin\Teams\TeamDialog.xaml.cs(60,52): error CS0103: The name 'TxtCoach' does not exist in the current context [G:\CSharp\EsportsTournamentManager\EsportsTournamentManager\EsportsTournamentManager.csproj]
G:\CSharp\EsportsTournamentManager\EsportsTournamentManager\Views\Admin\Teams\TeamDialog.xaml.cs(60,76): error CS0103: The name 'TxtCoach' does not exist in the current context [G:\CSharp\EsportsTournamentManager\EsportsTournamentManager\EsportsTournamentManager.csproj]
G:\CSharp\EsportsTournamentManager\EsportsTournamentManager\Views\Admin\Teams\TeamDialog.xaml.cs(61,55): error CS0103: The name 'TxtLogoPath' does not exist in the current context [G:\CSharp\EsportsTournamentManager\EsportsTournamentManager\EsportsTournamentManager.csproj]
G:\CSharp\EsportsTournamentManager\EsportsTournamentManager\Views\Admin\Teams\TeamDialog.xaml.cs(61,82): error CS0103: The name 'TxtLogoPath' does not exist in the current context [G:\CSharp\EsportsTournamentManager\EsportsTournamentManager\EsportsTournamentManager.csproj]
G:\CSharp\EsportsTournamentManager\EsportsTournamentManager\Views\Admin\Teams\TeamsView.xaml.cs(53,33): error CS0103: The name 'TxtSearchTeam' does not exist in the current context [G:\CSharp\EsportsTournamentManager\EsportsTournamentManager\EsportsTournamentManager.csproj]
G:\CSharp\EsportsTournamentManager\EsportsTournamentManager\Views\Admin\Teams\TeamsView.xaml.cs(56,17): error CS0103: The name 'GridTeams' does not exist in the current context [G:\CSharp\EsportsTournamentManager\EsportsTournamentManager\EsportsTournamentManager.csproj]
G:\CSharp\EsportsTournamentManager\EsportsTournamentManager\Views\Admin\Teams\TeamsView.xaml.cs(60,17): error CS0103: The name 'GridTeams' does not exist in the current context [G:\CSharp\EsportsTournamentManager\EsportsTournamentManager\EsportsTournamentManager.csproj]
G:\CSharp\EsportsTournamentManager\EsportsTournamentManager\Views\Admin\Teams\TeamsView.xaml.cs(75,29): error CS0103: The name 'GridTeams' does not exist in the current context [G:\CSharp\EsportsTournamentManager\EsportsTournamentManager\EsportsTournamentManager.csproj]
G:\CSharp\EsportsTournamentManager\EsportsTournamentManager\Views\Admin\PrizePools\PrizePoolsView.xaml.cs(75,25): error CS0103: The name 'PanelAddPrize' does not exist in the current context [G:\CSharp\EsportsTournamentManager\EsportsTournamentManager\EsportsTournamentManager.csproj]
G:\CSharp\EsportsTournamentManager\EsportsTournamentManager\Views\Admin\PrizePools\PrizePoolsView.xaml.cs(76,25): error CS0103: The name 'TxtReadOnlyInfo' does not exist in the current context [G:\CSharp\EsportsTournamentManager\EsportsTournamentManager\EsportsTournamentManager.csproj]
G:\CSharp\EsportsTournamentManager\EsportsTournamentManager\Views\Admin\PrizePools\PrizePoolsView.xaml.cs(77,25): error CS0103: The name 'ColDeletePrize' does not exist in the current context [G:\CSharp\EsportsTournamentManager\EsportsTournamentManager\EsportsTournamentManager.csproj]
G:\CSharp\EsportsTournamentManager\EsportsTournamentManager\Views\Admin\PrizePools\PrizePoolsView.xaml.cs(81,25): error CS0103: The name 'PanelAddPrize' does not exist in the current context [G:\CSharp\EsportsTournamentManager\EsportsTournamentManager\EsportsTournamentManager.csproj]
G:\CSharp\EsportsTournamentManager\EsportsTournamentManager\Views\Admin\PrizePools\PrizePoolsView.xaml.cs(82,25): error CS0103: The name 'TxtReadOnlyInfo' does not exist in the current context [G:\CSharp\EsportsTournamentManager\EsportsTournamentManager\EsportsTournamentManager.csproj]
G:\CSharp\EsportsTournamentManager\EsportsTournamentManager\Views\Admin\PrizePools\PrizePoolsView.xaml.cs(83,25): error CS0103: The name 'ColDeletePrize' does not exist in the current context [G:\CSharp\EsportsTournamentManager\EsportsTournamentManager\EsportsTournamentManager.csproj]
G:\CSharp\EsportsTournamentManager\EsportsTournamentManager\Views\Admin\PrizePools\PrizePoolsView.xaml.cs(100,21): error CS0103: The name 'GridPrizePool' does not exist in the current context [G:\CSharp\EsportsTournamentManager\EsportsTournamentManager\EsportsTournamentManager.csproj]
G:\CSharp\EsportsTournamentManager\EsportsTournamentManager\Views\Admin\PrizePools\PrizePoolsView.xaml.cs(101,21): error CS0103: The name 'PanelTournamentDetails' does not exist in the current context [G:\CSharp\EsportsTournamentManager\EsportsTournamentManager\EsportsTournamentManager.csproj]
G:\CSharp\EsportsTournamentManager\EsportsTournamentManager\Views\Admin\Teams\TeamsView.xaml.cs(83,17): error CS0103: The name 'ComboTeamsFilter' does not exist in the current context [G:\CSharp\EsportsTournamentManager\EsportsTournamentManager\EsportsTournamentManager.csproj]
G:\CSharp\EsportsTournamentManager\EsportsTournamentManager\Views\Admin\Teams\PlayerDialog.xaml.cs(15,13): error CS0103: The name 'InitializeComponent' does not exist in the current context [G:\CSharp\EsportsTournamentManager\EsportsTournamentManager\EsportsTournamentManager.csproj]
G:\CSharp\EsportsTournamentManager\EsportsTournamentManager\Views\Admin\Teams\PlayerDialog.xaml.cs(21,17): error CS0103: The name 'TxtTitle' does not exist in the current context [G:\CSharp\EsportsTournamentManager\EsportsTournamentManager\EsportsTournamentManager.csproj]
G:\CSharp\EsportsTournamentManager\EsportsTournamentManager\Views\Admin\Teams\PlayerDialog.xaml.cs(22,17): error CS0103: The name 'TxtInGameName' does not exist in the current context [G:\CSharp\EsportsTournamentManager\EsportsTournamentManager\EsportsTournamentManager.csproj]
G:\CSharp\EsportsTournamentManager\EsportsTournamentManager\Views\Admin\Teams\PlayerDialog.xaml.cs(23,17): error CS0103: The name 'TxtRealName' does not exist in the current context [G:\CSharp\EsportsTournamentManager\EsportsTournamentManager\EsportsTournamentManager.csproj]
G:\CSharp\EsportsTournamentManager\EsportsTournamentManager\Views\Admin\Teams\PlayerDialog.xaml.cs(24,17): error CS0103: The name 'ChkIsActive' does not exist in the current context [G:\CSharp\EsportsTournamentManager\EsportsTournamentManager\EsportsTournamentManager.csproj]
G:\CSharp\EsportsTournamentManager\EsportsTournamentManager\Views\Admin\Teams\PlayerDialog.xaml.cs(27,47): error CS0103: The name 'CboPosition' does not exist in the current context [G:\CSharp\EsportsTournamentManager\EsportsTournamentManager\EsportsTournamentManager.csproj]
G:\CSharp\EsportsTournamentManager\EsportsTournamentManager\Views\Admin\Teams\PlayerDialog.xaml.cs(31,25): error CS0103: The name 'CboPosition' does not exist in the current context [G:\CSharp\EsportsTournamentManager\EsportsTournamentManager\EsportsTournamentManager.csproj]
G:\CSharp\EsportsTournamentManager\EsportsTournamentManager\Views\Admin\Teams\TeamsView.xaml.cs(92,17): error CS0103: The name 'PanelTeams' does not exist in the current context [G:\CSharp\EsportsTournamentManager\EsportsTournamentManager\EsportsTournamentManager.csproj]
G:\CSharp\EsportsTournamentManager\EsportsTournamentManager\Views\Admin\Teams\TeamsView.xaml.cs(93,17): error CS0103: The name 'PanelPlayers' does not exist in the current context [G:\CSharp\EsportsTournamentManager\EsportsTournamentManager\EsportsTournamentManager.csproj]
G:\CSharp\EsportsTournamentManager\EsportsTournamentManager\Views\Admin\Teams\TeamsView.xaml.cs(95,17): error CS0103: The name 'TxtPlayersHeader' does not exist in the current context [G:\CSharp\EsportsTournamentManager\EsportsTournamentManager\EsportsTournamentManager.csproj]
G:\CSharp\EsportsTournamentManager\EsportsTournamentManager\Views\Admin\Teams\TeamsView.xaml.cs(102,13): error CS0103: The name 'PanelPlayers' does not exist in the current context [G:\CSharp\EsportsTournamentManager\EsportsTournamentManager\EsportsTournamentManager.csproj]
G:\CSharp\EsportsTournamentManager\EsportsTournamentManager\Views\Admin\Teams\TeamsView.xaml.cs(103,13): error CS0103: The name 'PanelTeams' does not exist in the current context [G:\CSharp\EsportsTournamentManager\EsportsTournamentManager\EsportsTournamentManager.csproj]
G:\CSharp\EsportsTournamentManager\EsportsTournamentManager\Views\Admin\Teams\TeamsView.xaml.cs(109,17): error CS0103: The name 'ComboTeamsFilter' does not exist in the current context [G:\CSharp\EsportsTournamentManager\EsportsTournamentManager\EsportsTournamentManager.csproj]
G:\CSharp\EsportsTournamentManager\EsportsTournamentManager\Views\Admin\Teams\TeamsView.xaml.cs(112,17): error CS0103: The name 'TxtPlayersHeader' does not exist in the current context [G:\CSharp\EsportsTournamentManager\EsportsTournamentManager\EsportsTournamentManager.csproj]
G:\CSharp\EsportsTournamentManager\EsportsTournamentManager\Views\Admin\Teams\PlayerDialog.xaml.cs(59,33): error CS0103: The name 'TxtInGameName' does not exist in the current context [G:\CSharp\EsportsTournamentManager\EsportsTournamentManager\EsportsTournamentManager.csproj]
G:\CSharp\EsportsTournamentManager\EsportsTournamentManager\Views\Admin\Teams\PlayerDialog.xaml.cs(60,31): error CS0103: The name 'TxtRealName' does not exist in the current context [G:\CSharp\EsportsTournamentManager\EsportsTournamentManager\EsportsTournamentManager.csproj]
G:\CSharp\EsportsTournamentManager\EsportsTournamentManager\Views\Admin\Teams\PlayerDialog.xaml.cs(71,17): error CS0103: The name 'CboPosition' does not exist in the current context [G:\CSharp\EsportsTournamentManager\EsportsTournamentManager\EsportsTournamentManager.csproj]
G:\CSharp\EsportsTournamentManager\EsportsTournamentManager\Views\Admin\Teams\PlayerDialog.xaml.cs(80,31): error CS0103: The name 'ChkIsActive' does not exist in the current context [G:\CSharp\EsportsTournamentManager\EsportsTournamentManager\EsportsTournamentManager.csproj]
G:\CSharp\EsportsTournamentManager\EsportsTournamentManager\Views\Admin\Teams\TeamsView.xaml.cs(124,17): error CS0103: The name 'GridPlayers' does not exist in the current context [G:\CSharp\EsportsTournamentManager\EsportsTournamentManager\EsportsTournamentManager.csproj]
G:\CSharp\EsportsTournamentManager\EsportsTournamentManager\Views\User\Dashboard\UserMatchDetailDialog.xaml.cs(24,13): error CS0103: The name 'InitializeComponent' does not exist in the current context [G:\CSharp\EsportsTournamentManager\EsportsTournamentManager\EsportsTournamentManager.csproj]
G:\CSharp\EsportsTournamentManager\EsportsTournamentManager\Views\Admin\Tournaments\TournamentsView.xaml.cs(24,13): error CS0103: The name 'InitializeComponent' does not exist in the current context [G:\CSharp\EsportsTournamentManager\EsportsTournamentManager\EsportsTournamentManager.csproj]
G:\CSharp\EsportsTournamentManager\EsportsTournamentManager\Views\Admin\AdminMain.xaml.cs(67,49): error CS0103: The name 'DashboardSection' does not exist in the current context [G:\CSharp\EsportsTournamentManager\EsportsTournamentManager\EsportsTournamentManager.csproj]
G:\CSharp\EsportsTournamentManager\EsportsTournamentManager\Views\Admin\AdminMain.xaml.cs(68,25): error CS0103: The name 'TxtHeaderTitle' does not exist in the current context [G:\CSharp\EsportsTournamentManager\EsportsTournamentManager\EsportsTournamentManager.csproj]
G:\CSharp\EsportsTournamentManager\EsportsTournamentManager\Views\Admin\AdminMain.xaml.cs(72,49): error CS0103: The name 'TeamsSection' does not exist in the current context [G:\CSharp\EsportsTournamentManager\EsportsTournamentManager\EsportsTournamentManager.csproj]
G:\CSharp\EsportsTournamentManager\EsportsTournamentManager\Views\Admin\AdminMain.xaml.cs(73,25): error CS0103: The name 'TxtHeaderTitle' does not exist in the current context [G:\CSharp\EsportsTournamentManager\EsportsTournamentManager\EsportsTournamentManager.csproj]
G:\CSharp\EsportsTournamentManager\EsportsTournamentManager\Views\Admin\AdminMain.xaml.cs(74,25): error CS0103: The name 'TeamsSection' does not exist in the current context [G:\CSharp\EsportsTournamentManager\EsportsTournamentManager\EsportsTournamentManager.csproj]
G:\CSharp\EsportsTournamentManager\EsportsTournamentManager\Views\Admin\AdminMain.xaml.cs(77,49): error CS0103: The name 'TournamentsSection' does not exist in the current context [G:\CSharp\EsportsTournamentManager\EsportsTournamentManager\EsportsTournamentManager.csproj]
G:\CSharp\EsportsTournamentManager\EsportsTournamentManager\Views\Admin\AdminMain.xaml.cs(78,25): error CS0103: The name 'TxtHeaderTitle' does not exist in the current context [G:\CSharp\EsportsTournamentManager\EsportsTournamentManager\EsportsTournamentManager.csproj]
G:\CSharp\EsportsTournamentManager\EsportsTournamentManager\Views\Admin\AdminMain.xaml.cs(81,49): error CS0103: The name 'PrizePoolsSection' does not exist in the current context [G:\CSharp\EsportsTournamentManager\EsportsTournamentManager\EsportsTournamentManager.csproj]
G:\CSharp\EsportsTournamentManager\EsportsTournamentManager\Views\Admin\AdminMain.xaml.cs(82,25): error CS0103: The name 'TxtHeaderTitle' does not exist in the current context [G:\CSharp\EsportsTournamentManager\EsportsTournamentManager\EsportsTournamentManager.csproj]
G:\CSharp\EsportsTournamentManager\EsportsTournamentManager\Views\Admin\AdminMain.xaml.cs(83,25): error CS0103: The name 'PrizePoolsSection' does not exist in the current context [G:\CSharp\EsportsTournamentManager\EsportsTournamentManager\EsportsTournamentManager.csproj]
G:\CSharp\EsportsTournamentManager\EsportsTournamentManager\Views\Admin\Tournaments\TournamentsView.xaml.cs(37,17): error CS0103: The name 'GridTournaments' does not exist in the current context [G:\CSharp\EsportsTournamentManager\EsportsTournamentManager\EsportsTournamentManager.csproj]
G:\CSharp\EsportsTournamentManager\EsportsTournamentManager\Views\Admin\Teams\TeamsView.xaml.cs(163,30): error CS0103: The name 'GridTeams' does not exist in the current context [G:\CSharp\EsportsTournamentManager\EsportsTournamentManager\EsportsTournamentManager.csproj]
G:\CSharp\EsportsTournamentManager\EsportsTournamentManager\Views\Admin\AdminMain.xaml.cs(94,13): error CS0103: The name 'BtnMenuDashboard' does not exist in the current context [G:\CSharp\EsportsTournamentManager\EsportsTournamentManager\EsportsTournamentManager.csproj]
G:\CSharp\EsportsTournamentManager\EsportsTournamentManager\Views\Admin\AdminMain.xaml.cs(95,13): error CS0103: The name 'BtnMenuTeams' does not exist in the current context [G:\CSharp\EsportsTournamentManager\EsportsTournamentManager\EsportsTournamentManager.csproj]
G:\CSharp\EsportsTournamentManager\EsportsTournamentManager\Views\Admin\AdminMain.xaml.cs(96,13): error CS0103: The name 'BtnMenuTournaments' does not exist in the current context [G:\CSharp\EsportsTournamentManager\EsportsTournamentManager\EsportsTournamentManager.csproj]
G:\CSharp\EsportsTournamentManager\EsportsTournamentManager\Views\Admin\AdminMain.xaml.cs(97,13): error CS0103: The name 'BtnMenuPrizePools' does not exist in the current context [G:\CSharp\EsportsTournamentManager\EsportsTournamentManager\EsportsTournamentManager.csproj]
G:\CSharp\EsportsTournamentManager\EsportsTournamentManager\Views\Admin\AdminMain.xaml.cs(104,13): error CS0103: The name 'DashboardSection' does not exist in the current context [G:\CSharp\EsportsTournamentManager\EsportsTournamentManager\EsportsTournamentManager.csproj]
G:\CSharp\EsportsTournamentManager\EsportsTournamentManager\Views\Admin\AdminMain.xaml.cs(105,13): error CS0103: The name 'TeamsSection' does not exist in the current context [G:\CSharp\EsportsTournamentManager\EsportsTournamentManager\EsportsTournamentManager.csproj]
G:\CSharp\EsportsTournamentManager\EsportsTournamentManager\Views\Admin\AdminMain.xaml.cs(106,13): error CS0103: The name 'TournamentsSection' does not exist in the current context [G:\CSharp\EsportsTournamentManager\EsportsTournamentManager\EsportsTournamentManager.csproj]
G:\CSharp\EsportsTournamentManager\EsportsTournamentManager\Views\Admin\AdminMain.xaml.cs(107,13): error CS0103: The name 'PrizePoolsSection' does not exist in the current context [G:\CSharp\EsportsTournamentManager\EsportsTournamentManager\EsportsTournamentManager.csproj]
G:\CSharp\EsportsTournamentManager\EsportsTournamentManager\Views\Admin\AdminMain.xaml.cs(114,13): error CS0103: The name 'DashboardSection' does not exist in the current context [G:\CSharp\EsportsTournamentManager\EsportsTournamentManager\EsportsTournamentManager.csproj]
G:\CSharp\EsportsTournamentManager\EsportsTournamentManager\Views\Admin\Tournaments\TournamentDialog.xaml.cs(14,13): error CS0103: The name 'InitializeComponent' does not exist in the current context [G:\CSharp\EsportsTournamentManager\EsportsTournamentManager\EsportsTournamentManager.csproj]
G:\CSharp\EsportsTournamentManager\EsportsTournamentManager\Views\Admin\Tournaments\TournamentDialog.xaml.cs(20,17): error CS0103: The name 'TxtTitle' does not exist in the current context [G:\CSharp\EsportsTournamentManager\EsportsTournamentManager\EsportsTournamentManager.csproj]
G:\CSharp\EsportsTournamentManager\EsportsTournamentManager\Views\Admin\Tournaments\TournamentDialog.xaml.cs(21,17): error CS0103: The name 'TxtName' does not exist in the current context [G:\CSharp\EsportsTournamentManager\EsportsTournamentManager\EsportsTournamentManager.csproj]
G:\CSharp\EsportsTournamentManager\EsportsTournamentManager\Views\Admin\Tournaments\TournamentDialog.xaml.cs(24,44): error CS0103: The name 'CboGameType' does not exist in the current context [G:\CSharp\EsportsTournamentManager\EsportsTournamentManager\EsportsTournamentManager.csproj]
G:\CSharp\EsportsTournamentManager\EsportsTournamentManager\Views\Admin\Tournaments\TournamentDialog.xaml.cs(25,44): error CS0103: The name 'CboFormat' does not exist in the current context [G:\CSharp\EsportsTournamentManager\EsportsTournamentManager\EsportsTournamentManager.csproj]
G:\CSharp\EsportsTournamentManager\EsportsTournamentManager\Views\Admin\Tournaments\TournamentDialog.xaml.cs(29,44): error CS0103: The name 'CboMaxTeams' does not exist in the current context [G:\CSharp\EsportsTournamentManager\EsportsTournamentManager\EsportsTournamentManager.csproj]
G:\CSharp\EsportsTournamentManager\EsportsTournamentManager\Views\Admin\Tournaments\TournamentDialog.xaml.cs(31,17): error CS0103: The name 'DpStartDate' does not exist in the current context [G:\CSharp\EsportsTournamentManager\EsportsTournamentManager\EsportsTournamentManager.csproj]
G:\CSharp\EsportsTournamentManager\EsportsTournamentManager\Views\Admin\Tournaments\TournamentDialog.xaml.cs(36,21): error CS0103: The name 'CboFormat' does not exist in the current context [G:\CSharp\EsportsTournamentManager\EsportsTournamentManager\EsportsTournamentManager.csproj]
G:\CSharp\EsportsTournamentManager\EsportsTournamentManager\Views\Admin\Tournaments\TournamentDialog.xaml.cs(37,21): error CS0103: The name 'CboMaxTeams' does not exist in the current context [G:\CSharp\EsportsTournamentManager\EsportsTournamentManager\EsportsTournamentManager.csproj]
G:\CSharp\EsportsTournamentManager\EsportsTournamentManager\Views\Admin\Tournaments\TournamentDialog.xaml.cs(44,17): error CS0103: The name 'DpStartDate' does not exist in the current context [G:\CSharp\EsportsTournamentManager\EsportsTournamentManager\EsportsTournamentManager.csproj]
G:\CSharp\EsportsTournamentManager\EsportsTournamentManager\Views\Admin\Tournaments\TournamentDialog.xaml.cs(47,44): error CS0103: The name 'CboFormat' does not exist in the current context [G:\CSharp\EsportsTournamentManager\EsportsTournamentManager\EsportsTournamentManager.csproj]
G:\CSharp\EsportsTournamentManager\EsportsTournamentManager\Views\Admin\Tournaments\TournamentDialog.xaml.cs(49,17): error CS0103: The name 'CboMaxTeams' does not exist in the current context [G:\CSharp\EsportsTournamentManager\EsportsTournamentManager\EsportsTournamentManager.csproj]
G:\CSharp\EsportsTournamentManager\EsportsTournamentManager\Views\Admin\Tournaments\TournamentsView.xaml.cs(47,28): error CS0103: The name 'TxtSearchTournament' does not exist in the current context [G:\CSharp\EsportsTournamentManager\EsportsTournamentManager\EsportsTournamentManager.csproj]
G:\CSharp\EsportsTournamentManager\EsportsTournamentManager\Views\Admin\Tournaments\TournamentsView.xaml.cs(50,17): error CS0103: The name 'GridTournaments' does not exist in the current context [G:\CSharp\EsportsTournamentManager\EsportsTournamentManager\EsportsTournamentManager.csproj]
G:\CSharp\EsportsTournamentManager\EsportsTournamentManager\Views\Admin\Tournaments\TournamentsView.xaml.cs(55,17): error CS0103: The name 'GridTournaments' does not exist in the current context [G:\CSharp\EsportsTournamentManager\EsportsTournamentManager\EsportsTournamentManager.csproj]
G:\CSharp\EsportsTournamentManager\EsportsTournamentManager\Views\Admin\Teams\TeamsView.xaml.cs(195,32): error CS0103: The name 'GridTeams' does not exist in the current context [G:\CSharp\EsportsTournamentManager\EsportsTournamentManager\EsportsTournamentManager.csproj]
G:\CSharp\EsportsTournamentManager\EsportsTournamentManager\Views\User\UserMain.xaml.cs(33,13): error CS0103: The name 'InitializeComponent' does not exist in the current context [G:\CSharp\EsportsTournamentManager\EsportsTournamentManager\EsportsTournamentManager.csproj]
G:\CSharp\EsportsTournamentManager\EsportsTournamentManager\Views\User\UserMain.xaml.cs(36,13): error CS0103: The name 'PanelTournamentOverview' does not exist in the current context [G:\CSharp\EsportsTournamentManager\EsportsTournamentManager\EsportsTournamentManager.csproj]
G:\CSharp\EsportsTournamentManager\EsportsTournamentManager\Views\User\UserMain.xaml.cs(37,13): error CS0103: The name 'PanelTournamentOverview' does not exist in the current context [G:\CSharp\EsportsTournamentManager\EsportsTournamentManager\EsportsTournamentManager.csproj]
G:\CSharp\EsportsTournamentManager\EsportsTournamentManager\Views\User\UserMain.xaml.cs(38,13): error CS0103: The name 'PanelTournamentOverview' does not exist in the current context [G:\CSharp\EsportsTournamentManager\EsportsTournamentManager\EsportsTournamentManager.csproj]
G:\CSharp\EsportsTournamentManager\EsportsTournamentManager\Views\User\UserMain.xaml.cs(39,13): error CS0103: The name 'PanelTournamentOverview' does not exist in the current context [G:\CSharp\EsportsTournamentManager\EsportsTournamentManager\EsportsTournamentManager.csproj]
G:\CSharp\EsportsTournamentManager\EsportsTournamentManager\Views\User\UserMain.xaml.cs(40,13): error CS0103: The name 'PanelTournamentOverview' does not exist in the current context [G:\CSharp\EsportsTournamentManager\EsportsTournamentManager\EsportsTournamentManager.csproj]
G:\CSharp\EsportsTournamentManager\EsportsTournamentManager\Views\User\UserMain.xaml.cs(46,13): error CS0103: The name 'TxtTournamentBracketHeader' does not exist in the current context [G:\CSharp\EsportsTournamentManager\EsportsTournamentManager\EsportsTournamentManager.csproj]
G:\CSharp\EsportsTournamentManager\EsportsTournamentManager\Views\User\UserMain.xaml.cs(48,23): error CS0103: The name 'PanelTournamentBracket' does not exist in the current context [G:\CSharp\EsportsTournamentManager\EsportsTournamentManager\EsportsTournamentManager.csproj]
G:\CSharp\EsportsTournamentManager\EsportsTournamentManager\Views\Admin\Dashboard\DashboardView.xaml.cs(29,21): error CS0103: The name 'TxtStatsTeams' does not exist in the current context [G:\CSharp\EsportsTournamentManager\EsportsTournamentManager\EsportsTournamentManager.csproj]
G:\CSharp\EsportsTournamentManager\EsportsTournamentManager\Views\Admin\Dashboard\DashboardView.xaml.cs(30,21): error CS0103: The name 'TxtStatsPlayers' does not exist in the current context [G:\CSharp\EsportsTournamentManager\EsportsTournamentManager\EsportsTournamentManager.csproj]
G:\CSharp\EsportsTournamentManager\EsportsTournamentManager\Views\Admin\Dashboard\DashboardView.xaml.cs(31,21): error CS0103: The name 'TxtStatsTournaments' does not exist in the current context [G:\CSharp\EsportsTournamentManager\EsportsTournamentManager\EsportsTournamentManager.csproj]
G:\CSharp\EsportsTournamentManager\EsportsTournamentManager\Views\Admin\Dashboard\DashboardView.xaml.cs(47,21): error CS0103: The name 'GridActiveTournaments' does not exist in the current context [G:\CSharp\EsportsTournamentManager\EsportsTournamentManager\EsportsTournamentManager.csproj]
G:\CSharp\EsportsTournamentManager\EsportsTournamentManager\Views\Admin\Dashboard\DashboardView.xaml.cs(80,21): error CS0103: The name 'GridTopPlayers' does not exist in the current context [G:\CSharp\EsportsTournamentManager\EsportsTournamentManager\EsportsTournamentManager.csproj]
G:\CSharp\EsportsTournamentManager\EsportsTournamentManager\Views\Admin\Dashboard\DashboardView.xaml.cs(86,17): error CS0103: The name 'TxtStatsTeams' does not exist in the current context [G:\CSharp\EsportsTournamentManager\EsportsTournamentManager\EsportsTournamentManager.csproj]
G:\CSharp\EsportsTournamentManager\EsportsTournamentManager\Views\Admin\Dashboard\DashboardView.xaml.cs(87,17): error CS0103: The name 'TxtStatsPlayers' does not exist in the current context [G:\CSharp\EsportsTournamentManager\EsportsTournamentManager\EsportsTournamentManager.csproj]
G:\CSharp\EsportsTournamentManager\EsportsTournamentManager\Views\Admin\Dashboard\DashboardView.xaml.cs(88,17): error CS0103: The name 'TxtStatsTournaments' does not exist in the current context [G:\CSharp\EsportsTournamentManager\EsportsTournamentManager\EsportsTournamentManager.csproj]
G:\CSharp\EsportsTournamentManager\EsportsTournamentManager\Views\Admin\Dashboard\DashboardView.xaml.cs(89,17): error CS0103: The name 'GridActiveTournaments' does not exist in the current context [G:\CSharp\EsportsTournamentManager\EsportsTournamentManager\EsportsTournamentManager.csproj]
G:\CSharp\EsportsTournamentManager\EsportsTournamentManager\Views\Admin\Dashboard\DashboardView.xaml.cs(90,17): error CS0103: The name 'GridTopPlayers' does not exist in the current context [G:\CSharp\EsportsTournamentManager\EsportsTournamentManager\EsportsTournamentManager.csproj]
G:\CSharp\EsportsTournamentManager\EsportsTournamentManager\Views\User\UserMain.xaml.cs(53,13): error CS0103: The name 'TxtUserHeaderUserName' does not exist in the current context [G:\CSharp\EsportsTournamentManager\EsportsTournamentManager\EsportsTournamentManager.csproj]
G:\CSharp\EsportsTournamentManager\EsportsTournamentManager\Views\User\UserMain.xaml.cs(54,13): error CS0103: The name 'TxtUserHeaderUserRole' does not exist in the current context [G:\CSharp\EsportsTournamentManager\EsportsTournamentManager\EsportsTournamentManager.csproj]
G:\CSharp\EsportsTournamentManager\EsportsTournamentManager\Views\User\UserMain.xaml.cs(58,29): error CS0103: The name 'PanelHomeDashboard' does not exist in the current context [G:\CSharp\EsportsTournamentManager\EsportsTournamentManager\EsportsTournamentManager.csproj]
G:\CSharp\EsportsTournamentManager\EsportsTournamentManager\Views\User\UserMain.xaml.cs(60,23): error CS0103: The name 'PanelHomeDashboard' does not exist in the current context [G:\CSharp\EsportsTournamentManager\EsportsTournamentManager\EsportsTournamentManager.csproj]
G:\CSharp\EsportsTournamentManager\EsportsTournamentManager\Views\User\UserMain.xaml.cs(72,17): error CS0103: The name 'PanelHomeDashboard' does not exist in the current context [G:\CSharp\EsportsTournamentManager\EsportsTournamentManager\EsportsTournamentManager.csproj]
G:\CSharp\EsportsTournamentManager\EsportsTournamentManager\Views\User\UserMain.xaml.cs(73,17): error CS0103: The name 'PanelTournamentOverview' does not exist in the current context [G:\CSharp\EsportsTournamentManager\EsportsTournamentManager\EsportsTournamentManager.csproj]
G:\CSharp\EsportsTournamentManager\EsportsTournamentManager\Views\User\UserMain.xaml.cs(74,17): error CS0103: The name 'PanelTournamentBracket' does not exist in the current context [G:\CSharp\EsportsTournamentManager\EsportsTournamentManager\EsportsTournamentManager.csproj]
G:\CSharp\EsportsTournamentManager\EsportsTournamentManager\Views\User\UserMain.xaml.cs(75,17): error CS0103: The name 'PanelTeamDetail' does not exist in the current context [G:\CSharp\EsportsTournamentManager\EsportsTournamentManager\EsportsTournamentManager.csproj]
G:\CSharp\EsportsTournamentManager\EsportsTournamentManager\Views\User\UserMain.xaml.cs(76,17): error CS0103: The name 'PanelPlayerDetail' does not exist in the current context [G:\CSharp\EsportsTournamentManager\EsportsTournamentManager\EsportsTournamentManager.csproj]
G:\CSharp\EsportsTournamentManager\EsportsTournamentManager\Views\User\UserMain.xaml.cs(99,23): error CS0103: The name 'PanelHomeDashboard' does not exist in the current context [G:\CSharp\EsportsTournamentManager\EsportsTournamentManager\EsportsTournamentManager.csproj]
G:\CSharp\EsportsTournamentManager\EsportsTournamentManager\Views\User\UserMain.xaml.cs(104,23): error CS0103: The name 'PanelTournamentOverview' does not exist in the current context [G:\CSharp\EsportsTournamentManager\EsportsTournamentManager\EsportsTournamentManager.csproj]
G:\CSharp\EsportsTournamentManager\EsportsTournamentManager\Views\Admin\Tournaments\TournamentDialog.xaml.cs(73,17): error CS0103: The name 'CboMaxTeams' does not exist in the current context [G:\CSharp\EsportsTournamentManager\EsportsTournamentManager\EsportsTournamentManager.csproj]
G:\CSharp\EsportsTournamentManager\EsportsTournamentManager\Views\Admin\Tournaments\TournamentDialog.xaml.cs(73,40): error CS0103: The name 'CboFormat' does not exist in the current context [G:\CSharp\EsportsTournamentManager\EsportsTournamentManager\EsportsTournamentManager.csproj]
G:\CSharp\EsportsTournamentManager\EsportsTournamentManager\Views\Admin\Tournaments\TournamentDialog.xaml.cs(75,32): error CS0103: The name 'CboFormat' does not exist in the current context [G:\CSharp\EsportsTournamentManager\EsportsTournamentManager\EsportsTournamentManager.csproj]
G:\CSharp\EsportsTournamentManager\EsportsTournamentManager\Views\Admin\Tournaments\TournamentDialog.xaml.cs(81,40): error CS0103: The name 'CboMaxTeams' does not exist in the current context [G:\CSharp\EsportsTournamentManager\EsportsTournamentManager\EsportsTournamentManager.csproj]
G:\CSharp\EsportsTournamentManager\EsportsTournamentManager\Views\Admin\Tournaments\TournamentDialog.xaml.cs(83,13): error CS0103: The name 'CboMaxTeams' does not exist in the current context [G:\CSharp\EsportsTournamentManager\EsportsTournamentManager\EsportsTournamentManager.csproj]
G:\CSharp\EsportsTournamentManager\EsportsTournamentManager\Views\Admin\Tournaments\TournamentDialog.xaml.cs(108,40): error CS0103: The name 'CboMaxTeams' does not exist in the current context [G:\CSharp\EsportsTournamentManager\EsportsTournamentManager\EsportsTournamentManager.csproj]
G:\CSharp\EsportsTournamentManager\EsportsTournamentManager\Views\Admin\Tournaments\TournamentDialog.xaml.cs(109,17): error CS0103: The name 'CboMaxTeams' does not exist in the current context [G:\CSharp\EsportsTournamentManager\EsportsTournamentManager\EsportsTournamentManager.csproj]
G:\CSharp\EsportsTournamentManager\EsportsTournamentManager\Views\Admin\Tournaments\TournamentDialog.xaml.cs(109,52): error CS0103: The name 'CboMaxTeams' does not exist in the current context [G:\CSharp\EsportsTournamentManager\EsportsTournamentManager\EsportsTournamentManager.csproj]
G:\CSharp\EsportsTournamentManager\EsportsTournamentManager\Views\Admin\Tournaments\TournamentDialog.xaml.cs(111,17): error CS0103: The name 'CboMaxTeams' does not exist in the current context [G:\CSharp\EsportsTournamentManager\EsportsTournamentManager\EsportsTournamentManager.csproj]
G:\CSharp\EsportsTournamentManager\EsportsTournamentManager\Views\Admin\Tournaments\TournamentDialog.xaml.cs(117,13): error CS0103: The name 'CboMaxTeams' does not exist in the current context [G:\CSharp\EsportsTournamentManager\EsportsTournamentManager\EsportsTournamentManager.csproj]
G:\CSharp\EsportsTournamentManager\EsportsTournamentManager\Views\Admin\Teams\TeamsView.xaml.cs(244,17): error CS0103: The name 'GridPlayers' does not exist in the current context [G:\CSharp\EsportsTournamentManager\EsportsTournamentManager\EsportsTournamentManager.csproj]
G:\CSharp\EsportsTournamentManager\EsportsTournamentManager\Views\Admin\Tournaments\MatchDetailDialog.xaml.cs(54,17): error CS0103: The name 'TxtTeam1Name' does not exist in the current context [G:\CSharp\EsportsTournamentManager\EsportsTournamentManager\EsportsTournamentManager.csproj]
G:\CSharp\EsportsTournamentManager\EsportsTournamentManager\Views\Admin\Tournaments\MatchDetailDialog.xaml.cs(55,17): error CS0103: The name 'TxtTeam2Name' does not exist in the current context [G:\CSharp\EsportsTournamentManager\EsportsTournamentManager\EsportsTournamentManager.csproj]
G:\CSharp\EsportsTournamentManager\EsportsTournamentManager\Views\Admin\Tournaments\MatchDetailDialog.xaml.cs(56,17): error CS0103: The name 'TxtMatchFormat' does not exist in the current context [G:\CSharp\EsportsTournamentManager\EsportsTournamentManager\EsportsTournamentManager.csproj]
G:\CSharp\EsportsTournamentManager\EsportsTournamentManager\Views\Admin\Tournaments\MatchDetailDialog.xaml.cs(59,44): error CS0103: The name 'CboStatus' does not exist in the current context [G:\CSharp\EsportsTournamentManager\EsportsTournamentManager\EsportsTournamentManager.csproj]
G:\CSharp\EsportsTournamentManager\EsportsTournamentManager\Views\Admin\Tournaments\MatchDetailDialog.xaml.cs(63,17): error CS0103: The name 'CboStatus' does not exist in the current context [G:\CSharp\EsportsTournamentManager\EsportsTournamentManager\EsportsTournamentManager.csproj]
G:\CSharp\EsportsTournamentManager\EsportsTournamentManager\Views\Admin\Tournaments\MatchDetailDialog.xaml.cs(67,21): error CS0103: The name 'TxtTeam1Score' does not exist in the current context [G:\CSharp\EsportsTournamentManager\EsportsTournamentManager\EsportsTournamentManager.csproj]
G:\CSharp\EsportsTournamentManager\EsportsTournamentManager\Views\Admin\Tournaments\MatchDetailDialog.xaml.cs(68,21): error CS0103: The name 'TxtTeam2Score' does not exist in the current context [G:\CSharp\EsportsTournamentManager\EsportsTournamentManager\EsportsTournamentManager.csproj]
G:\CSharp\EsportsTournamentManager\EsportsTournamentManager\Views\Admin\Tournaments\MatchDetailDialog.xaml.cs(69,21): error CS0103: The name 'TxtMatchMvp' does not exist in the current context [G:\CSharp\EsportsTournamentManager\EsportsTournamentManager\EsportsTournamentManager.csproj]
G:\CSharp\EsportsTournamentManager\EsportsTournamentManager\Views\Admin\Tournaments\MatchDetailDialog.xaml.cs(101,17): error CS0103: The name 'BtnRollback' does not exist in the current context [G:\CSharp\EsportsTournamentManager\EsportsTournamentManager\EsportsTournamentManager.csproj]
G:\CSharp\EsportsTournamentManager\EsportsTournamentManager\Views\User\UserMain.xaml.cs(116,17): error CS0103: The name 'TxtTotalTournament' does not exist in the current context [G:\CSharp\EsportsTournamentManager\EsportsTournamentManager\EsportsTournamentManager.csproj]
G:\CSharp\EsportsTournamentManager\EsportsTournamentManager\Views\User\UserMain.xaml.cs(117,17): error CS0103: The name 'TxtTotalTeam' does not exist in the current context [G:\CSharp\EsportsTournamentManager\EsportsTournamentManager\EsportsTournamentManager.csproj]
G:\CSharp\EsportsTournamentManager\EsportsTournamentManager\Views\User\UserMain.xaml.cs(118,17): error CS0103: The name 'TxtTotalPlayer' does not exist in the current context [G:\CSharp\EsportsTournamentManager\EsportsTournamentManager\EsportsTournamentManager.csproj]
G:\CSharp\EsportsTournamentManager\EsportsTournamentManager\Views\User\UserMain.xaml.cs(119,17): error CS0103: The name 'TxtActiveMatch' does not exist in the current context [G:\CSharp\EsportsTournamentManager\EsportsTournamentManager\EsportsTournamentManager.csproj]
G:\CSharp\EsportsTournamentManager\EsportsTournamentManager\Views\User\UserMain.xaml.cs(123,17): error CS0103: The name 'LiveMatchList' does not exist in the current context [G:\CSharp\EsportsTournamentManager\EsportsTournamentManager\EsportsTournamentManager.csproj]
G:\CSharp\EsportsTournamentManager\EsportsTournamentManager\Views\User\UserMain.xaml.cs(124,17): error CS0103: The name 'TxtNoLiveMatches' does not exist in the current context [G:\CSharp\EsportsTournamentManager\EsportsTournamentManager\EsportsTournamentManager.csproj]
G:\CSharp\EsportsTournamentManager\EsportsTournamentManager\Views\User\UserMain.xaml.cs(127,17): error CS0103: The name 'GridTopTeams' does not exist in the current context [G:\CSharp\EsportsTournamentManager\EsportsTournamentManager\EsportsTournamentManager.csproj]
G:\CSharp\EsportsTournamentManager\EsportsTournamentManager\Views\User\UserMain.xaml.cs(128,17): error CS0103: The name 'GridTopPlayers' does not exist in the current context [G:\CSharp\EsportsTournamentManager\EsportsTournamentManager\EsportsTournamentManager.csproj]
G:\CSharp\EsportsTournamentManager\EsportsTournamentManager\Views\Admin\Teams\TeamsView.xaml.cs(266,17): error CS0103: The name 'GridPlayers' does not exist in the current context [G:\CSharp\EsportsTournamentManager\EsportsTournamentManager\EsportsTournamentManager.csproj]
G:\CSharp\EsportsTournamentManager\EsportsTournamentManager\Views\Admin\Tournaments\TournamentDialog.xaml.cs(136,27): error CS0103: The name 'TxtName' does not exist in the current context [G:\CSharp\EsportsTournamentManager\EsportsTournamentManager\EsportsTournamentManager.csproj]
G:\CSharp\EsportsTournamentManager\EsportsTournamentManager\Views\Admin\Tournaments\TournamentDialog.xaml.cs(143,17): error CS0103: The name 'DpStartDate' does not exist in the current context [G:\CSharp\EsportsTournamentManager\EsportsTournamentManager\EsportsTournamentManager.csproj]
G:\CSharp\EsportsTournamentManager\EsportsTournamentManager\Views\Admin\Tournaments\TournamentDialog.xaml.cs(149,36): error CS0103: The name 'CboGameType' does not exist in the current context [G:\CSharp\EsportsTournamentManager\EsportsTournamentManager\EsportsTournamentManager.csproj]
G:\CSharp\EsportsTournamentManager\EsportsTournamentManager\Views\Admin\Tournaments\TournamentDialog.xaml.cs(150,38): error CS0103: The name 'CboFormat' does not exist in the current context [G:\CSharp\EsportsTournamentManager\EsportsTournamentManager\EsportsTournamentManager.csproj]
G:\CSharp\EsportsTournamentManager\EsportsTournamentManager\Views\Admin\Tournaments\TournamentDialog.xaml.cs(151,40): error CS0103: The name 'CboMaxTeams' does not exist in the current context [G:\CSharp\EsportsTournamentManager\EsportsTournamentManager\EsportsTournamentManager.csproj]
G:\CSharp\EsportsTournamentManager\EsportsTournamentManager\Views\Admin\Tournaments\TournamentDialog.xaml.cs(157,36): error CS0103: The name 'DpStartDate' does not exist in the current context [G:\CSharp\EsportsTournamentManager\EsportsTournamentManager\EsportsTournamentManager.csproj]
G:\CSharp\EsportsTournamentManager\EsportsTournamentManager\Views\User\UserMain.xaml.cs(162,13): error CS0103: The name 'TournamentCardsControl' does not exist in the current context [G:\CSharp\EsportsTournamentManager\EsportsTournamentManager\EsportsTournamentManager.csproj]
G:\CSharp\EsportsTournamentManager\EsportsTournamentManager\Views\User\UserMain.xaml.cs(168,24): error CS0103: The name 'TxtSearchTournament' does not exist in the current context [G:\CSharp\EsportsTournamentManager\EsportsTournamentManager\EsportsTournamentManager.csproj]
G:\CSharp\EsportsTournamentManager\EsportsTournamentManager\Views\User\Dashboard\UserMatchDetailDialog.xaml.cs(51,17): error CS0103: The name 'BtnTeam1Link' does not exist in the current context [G:\CSharp\EsportsTournamentManager\EsportsTournamentManager\EsportsTournamentManager.csproj]
G:\CSharp\EsportsTournamentManager\EsportsTournamentManager\Views\User\Dashboard\UserMatchDetailDialog.xaml.cs(52,17): error CS0103: The name 'BtnTeam2Link' does not exist in the current context [G:\CSharp\EsportsTournamentManager\EsportsTournamentManager\EsportsTournamentManager.csproj]
G:\CSharp\EsportsTournamentManager\EsportsTournamentManager\Views\User\Dashboard\UserMatchDetailDialog.xaml.cs(53,17): error CS0103: The name 'TxtTeam1Score' does not exist in the current context [G:\CSharp\EsportsTournamentManager\EsportsTournamentManager\EsportsTournamentManager.csproj]
G:\CSharp\EsportsTournamentManager\EsportsTournamentManager\Views\User\Dashboard\UserMatchDetailDialog.xaml.cs(54,17): error CS0103: The name 'TxtTeam2Score' does not exist in the current context [G:\CSharp\EsportsTournamentManager\EsportsTournamentManager\EsportsTournamentManager.csproj]
G:\CSharp\EsportsTournamentManager\EsportsTournamentManager\Views\User\Dashboard\UserMatchDetailDialog.xaml.cs(55,17): error CS0103: The name 'TxtMatchFormat' does not exist in the current context [G:\CSharp\EsportsTournamentManager\EsportsTournamentManager\EsportsTournamentManager.csproj]
G:\CSharp\EsportsTournamentManager\EsportsTournamentManager\Views\User\Dashboard\UserMatchDetailDialog.xaml.cs(62,25): error CS0103: The name 'BtnTeam2Link' does not exist in the current context [G:\CSharp\EsportsTournamentManager\EsportsTournamentManager\EsportsTournamentManager.csproj]
G:\CSharp\EsportsTournamentManager\EsportsTournamentManager\Views\User\Dashboard\UserMatchDetailDialog.xaml.cs(66,25): error CS0103: The name 'BtnTeam1Link' does not exist in the current context [G:\CSharp\EsportsTournamentManager\EsportsTournamentManager\EsportsTournamentManager.csproj]
G:\CSharp\EsportsTournamentManager\EsportsTournamentManager\Views\User\Dashboard\UserMatchDetailDialog.xaml.cs(85,25): error CS0103: The name 'BtnMatchMvpLink' does not exist in the current context [G:\CSharp\EsportsTournamentManager\EsportsTournamentManager\EsportsTournamentManager.csproj]
G:\CSharp\EsportsTournamentManager\EsportsTournamentManager\Views\User\Dashboard\UserMatchDetailDialog.xaml.cs(86,25): error CS0103: The name 'BtnMatchMvpLink' does not exist in the current context [G:\CSharp\EsportsTournamentManager\EsportsTournamentManager\EsportsTournamentManager.csproj]
G:\CSharp\EsportsTournamentManager\EsportsTournamentManager\Views\User\Dashboard\UserMatchDetailDialog.xaml.cs(90,25): error CS0103: The name 'BtnMatchMvpLink' does not exist in the current context [G:\CSharp\EsportsTournamentManager\EsportsTournamentManager\EsportsTournamentManager.csproj]
G:\CSharp\EsportsTournamentManager\EsportsTournamentManager\Views\User\Dashboard\UserMatchDetailDialog.xaml.cs(91,25): error CS0103: The name 'BtnMatchMvpLink' does not exist in the current context [G:\CSharp\EsportsTournamentManager\EsportsTournamentManager\EsportsTournamentManager.csproj]
G:\CSharp\EsportsTournamentManager\EsportsTournamentManager\Views\User\Dashboard\UserMatchDetailDialog.xaml.cs(96,21): error CS0103: The name 'BtnMatchMvpLink' does not exist in the current context [G:\CSharp\EsportsTournamentManager\EsportsTournamentManager\EsportsTournamentManager.csproj]
G:\CSharp\EsportsTournamentManager\EsportsTournamentManager\Views\User\Dashboard\UserMatchDetailDialog.xaml.cs(97,21): error CS0103: The name 'BtnMatchMvpLink' does not exist in the current context [G:\CSharp\EsportsTournamentManager\EsportsTournamentManager\EsportsTournamentManager.csproj]
G:\CSharp\EsportsTournamentManager\EsportsTournamentManager\Views\User\Dashboard\UserMatchDetailDialog.xaml.cs(101,17): error CS0103: The name 'ItemsMapsList' does not exist in the current context [G:\CSharp\EsportsTournamentManager\EsportsTournamentManager\EsportsTournamentManager.csproj]
G:\CSharp\EsportsTournamentManager\EsportsTournamentManager\Views\Admin\Tournaments\TournamentsView.xaml.cs(148,13): error CS0103: The name 'PanelTournamentOverview' does not exist in the current context [G:\CSharp\EsportsTournamentManager\EsportsTournamentManager\EsportsTournamentManager.csproj]
G:\CSharp\EsportsTournamentManager\EsportsTournamentManager\Views\Admin\Tournaments\TournamentsView.xaml.cs(149,13): error CS0103: The name 'PanelTournamentBracket' does not exist in the current context [G:\CSharp\EsportsTournamentManager\EsportsTournamentManager\EsportsTournamentManager.csproj]
G:\CSharp\EsportsTournamentManager\EsportsTournamentManager\Views\Admin\Tournaments\TournamentsView.xaml.cs(150,13): error CS0103: The name 'PanelTournaments' does not exist in the current context [G:\CSharp\EsportsTournamentManager\EsportsTournamentManager\EsportsTournamentManager.csproj]
G:\CSharp\EsportsTournamentManager\EsportsTournamentManager\Views\Admin\Tournaments\TournamentsView.xaml.cs(156,13): error CS0103: The name 'PanelTournamentOverview' does not exist in the current context [G:\CSharp\EsportsTournamentManager\EsportsTournamentManager\EsportsTournamentManager.csproj]
G:\CSharp\EsportsTournamentManager\EsportsTournamentManager\Views\Admin\Tournaments\TournamentsView.xaml.cs(157,13): error CS0103: The name 'PanelTournamentBracket' does not exist in the current context [G:\CSharp\EsportsTournamentManager\EsportsTournamentManager\EsportsTournamentManager.csproj]
G:\CSharp\EsportsTournamentManager\EsportsTournamentManager\Views\Admin\Tournaments\TournamentsView.xaml.cs(162,13): error CS0103: The name 'PanelTournamentBracket' does not exist in the current context [G:\CSharp\EsportsTournamentManager\EsportsTournamentManager\EsportsTournamentManager.csproj]
G:\CSharp\EsportsTournamentManager\EsportsTournamentManager\Views\Admin\Tournaments\TournamentsView.xaml.cs(163,13): error CS0103: The name 'PanelTournamentOverview' does not exist in the current context [G:\CSharp\EsportsTournamentManager\EsportsTournamentManager\EsportsTournamentManager.csproj]
G:\CSharp\EsportsTournamentManager\EsportsTournamentManager\Views\User\UserMain.xaml.cs(218,17): error CS0103: The name 'PanelTournamentOverview' does not exist in the current context [G:\CSharp\EsportsTournamentManager\EsportsTournamentManager\EsportsTournamentManager.csproj]
G:\CSharp\EsportsTournamentManager\EsportsTournamentManager\Views\User\UserMain.xaml.cs(219,27): error CS0103: The name 'PanelTournamentOverview' does not exist in the current context [G:\CSharp\EsportsTournamentManager\EsportsTournamentManager\EsportsTournamentManager.csproj]
G:\CSharp\EsportsTournamentManager\EsportsTournamentManager\Views\Admin\Tournaments\MatchDetailDialog.xaml.cs(155,13): error CS0103: The name 'TabMaps' does not exist in the current context [G:\CSharp\EsportsTournamentManager\EsportsTournamentManager\EsportsTournamentManager.csproj]
G:\CSharp\EsportsTournamentManager\EsportsTournamentManager\Views\Admin\Tournaments\MatchDetailDialog.xaml.cs(163,17): error CS0103: The name 'TabMaps' does not exist in the current context [G:\CSharp\EsportsTournamentManager\EsportsTournamentManager\EsportsTournamentManager.csproj]
G:\CSharp\EsportsTournamentManager\EsportsTournamentManager\Views\User\UserMain.xaml.cs(246,13): error CS0103: The name 'TxtTournamentBracketHeader' does not exist in the current context [G:\CSharp\EsportsTournamentManager\EsportsTournamentManager\EsportsTournamentManager.csproj]
G:\CSharp\EsportsTournamentManager\EsportsTournamentManager\Views\User\UserMain.xaml.cs(248,23): error CS0103: The name 'PanelTournamentBracket' does not exist in the current context [G:\CSharp\EsportsTournamentManager\EsportsTournamentManager\EsportsTournamentManager.csproj]
G:\CSharp\EsportsTournamentManager\EsportsTournamentManager\Views\User\UserMain.xaml.cs(255,17): error CS0103: The name 'CanvasBracket' does not exist in the current context [G:\CSharp\EsportsTournamentManager\EsportsTournamentManager\EsportsTournamentManager.csproj]
G:\CSharp\EsportsTournamentManager\EsportsTournamentManager\Views\User\UserMain.xaml.cs(256,17): error CS0103: The name 'ScrollRoundRobin' does not exist in the current context [G:\CSharp\EsportsTournamentManager\EsportsTournamentManager\EsportsTournamentManager.csproj]
G:\CSharp\EsportsTournamentManager\EsportsTournamentManager\Views\User\UserMain.xaml.cs(257,17): error CS0103: The name 'CanvasBracket' does not exist in the current context [G:\CSharp\EsportsTournamentManager\EsportsTournamentManager\EsportsTournamentManager.csproj]
G:\CSharp\EsportsTournamentManager\EsportsTournamentManager\Views\User\UserMain.xaml.cs(258,17): error CS0103: The name 'CanvasBracket' does not exist in the current context [G:\CSharp\EsportsTournamentManager\EsportsTournamentManager\EsportsTournamentManager.csproj]
G:\CSharp\EsportsTournamentManager\EsportsTournamentManager\Views\User\UserMain.xaml.cs(259,17): error CS0103: The name 'CanvasBracket' does not exist in the current context [G:\CSharp\EsportsTournamentManager\EsportsTournamentManager\EsportsTournamentManager.csproj]
G:\CSharp\EsportsTournamentManager\EsportsTournamentManager\Views\User\UserMain.xaml.cs(272,17): error CS0103: The name 'CanvasBracket' does not exist in the current context [G:\CSharp\EsportsTournamentManager\EsportsTournamentManager\EsportsTournamentManager.csproj]
G:\CSharp\EsportsTournamentManager\EsportsTournamentManager\Views\User\UserMain.xaml.cs(278,17): error CS0103: The name 'CanvasBracket' does not exist in the current context [G:\CSharp\EsportsTournamentManager\EsportsTournamentManager\EsportsTournamentManager.csproj]
G:\CSharp\EsportsTournamentManager\EsportsTournamentManager\Views\User\UserMain.xaml.cs(279,17): error CS0103: The name 'ScrollRoundRobin' does not exist in the current context [G:\CSharp\EsportsTournamentManager\EsportsTournamentManager\EsportsTournamentManager.csproj]
G:\CSharp\EsportsTournamentManager\EsportsTournamentManager\Views\User\UserMain.xaml.cs(284,17): error CS0103: The name 'CanvasBracket' does not exist in the current context [G:\CSharp\EsportsTournamentManager\EsportsTournamentManager\EsportsTournamentManager.csproj]
G:\CSharp\EsportsTournamentManager\EsportsTournamentManager\Views\User\UserMain.xaml.cs(285,17): error CS0103: The name 'ScrollRoundRobin' does not exist in the current context [G:\CSharp\EsportsTournamentManager\EsportsTournamentManager\EsportsTournamentManager.csproj]
G:\CSharp\EsportsTournamentManager\EsportsTournamentManager\Views\User\UserMain.xaml.cs(290,17): error CS0103: The name 'CanvasBracket' does not exist in the current context [G:\CSharp\EsportsTournamentManager\EsportsTournamentManager\EsportsTournamentManager.csproj]
G:\CSharp\EsportsTournamentManager\EsportsTournamentManager\Views\User\UserMain.xaml.cs(291,17): error CS0103: The name 'ScrollRoundRobin' does not exist in the current context [G:\CSharp\EsportsTournamentManager\EsportsTournamentManager\EsportsTournamentManager.csproj]
G:\CSharp\EsportsTournamentManager\EsportsTournamentManager\Views\Admin\Tournaments\TournamentsView.xaml.cs(174,17): error CS0103: The name 'TxtTournamentDetailHeader' does not exist in the current context [G:\CSharp\EsportsTournamentManager\EsportsTournamentManager\EsportsTournamentManager.csproj]
G:\CSharp\EsportsTournamentManager\EsportsTournamentManager\Views\Admin\Tournaments\TournamentsView.xaml.cs(175,17): error CS0103: The name 'TxtTournamentBracketHeader' does not exist in the current context [G:\CSharp\EsportsTournamentManager\EsportsTournamentManager\EsportsTournamentManager.csproj]
G:\CSharp\EsportsTournamentManager\EsportsTournamentManager\Views\Admin\Tournaments\TournamentsView.xaml.cs(176,17): error CS0103: The name 'TxtInfoGameType' does not exist in the current context [G:\CSharp\EsportsTournamentManager\EsportsTournamentManager\EsportsTournamentManager.csproj]
G:\CSharp\EsportsTournamentManager\EsportsTournamentManager\Views\Admin\Tournaments\TournamentsView.xaml.cs(180,25): error CS0103: The name 'TxtInfoFormat' does not exist in the current context [G:\CSharp\EsportsTournamentManager\EsportsTournamentManager\EsportsTournamentManager.csproj]
G:\CSharp\EsportsTournamentManager\EsportsTournamentManager\Views\Admin\Tournaments\TournamentsView.xaml.cs(183,25): error CS0103: The name 'TxtInfoFormat' does not exist in the current context [G:\CSharp\EsportsTournamentManager\EsportsTournamentManager\EsportsTournamentManager.csproj]
G:\CSharp\EsportsTournamentManager\EsportsTournamentManager\Views\Admin\Tournaments\TournamentsView.xaml.cs(186,25): error CS0103: The name 'TxtInfoFormat' does not exist in the current context [G:\CSharp\EsportsTournamentManager\EsportsTournamentManager\EsportsTournamentManager.csproj]
G:\CSharp\EsportsTournamentManager\EsportsTournamentManager\Views\Admin\Tournaments\TournamentsView.xaml.cs(189,25): error CS0103: The name 'TxtInfoFormat' does not exist in the current context [G:\CSharp\EsportsTournamentManager\EsportsTournamentManager\EsportsTournamentManager.csproj]
G:\CSharp\EsportsTournamentManager\EsportsTournamentManager\Views\Admin\Tournaments\TournamentsView.xaml.cs(192,17): error CS0103: The name 'TxtInfoMaxTeams' does not exist in the current context [G:\CSharp\EsportsTournamentManager\EsportsTournamentManager\EsportsTournamentManager.csproj]
G:\CSharp\EsportsTournamentManager\EsportsTournamentManager\Views\Admin\Tournaments\TournamentsView.xaml.cs(207,17): error CS0103: The name 'TxtInfoStatus' does not exist in the current context [G:\CSharp\EsportsTournamentManager\EsportsTournamentManager\EsportsTournamentManager.csproj]
G:\CSharp\EsportsTournamentManager\EsportsTournamentManager\Views\Admin\Tournaments\TournamentsView.xaml.cs(208,17): error CS0103: The name 'TxtInfoStatus' does not exist in the current context [G:\CSharp\EsportsTournamentManager\EsportsTournamentManager\EsportsTournamentManager.csproj]
G:\CSharp\EsportsTournamentManager\EsportsTournamentManager\Views\Admin\Tournaments\TournamentsView.xaml.cs(214,21): error CS0103: The name 'TxtChampionName' does not exist in the current context [G:\CSharp\EsportsTournamentManager\EsportsTournamentManager\EsportsTournamentManager.csproj]
G:\CSharp\EsportsTournamentManager\EsportsTournamentManager\Views\Admin\Tournaments\TournamentsView.xaml.cs(215,21): error CS0103: The name 'PanelTournamentChampion' does not exist in the current context [G:\CSharp\EsportsTournamentManager\EsportsTournamentManager\EsportsTournamentManager.csproj]
G:\CSharp\EsportsTournamentManager\EsportsTournamentManager\Views\Admin\Tournaments\TournamentsView.xaml.cs(216,21): error CS0103: The name 'TxtChampionNotDecided' does not exist in the current context [G:\CSharp\EsportsTournamentManager\EsportsTournamentManager\EsportsTournamentManager.csproj]
G:\CSharp\EsportsTournamentManager\EsportsTournamentManager\Views\Admin\Tournaments\TournamentsView.xaml.cs(220,21): error CS0103: The name 'PanelTournamentChampion' does not exist in the current context [G:\CSharp\EsportsTournamentManager\EsportsTournamentManager\EsportsTournamentManager.csproj]
G:\CSharp\EsportsTournamentManager\EsportsTournamentManager\Views\Admin\Tournaments\TournamentsView.xaml.cs(221,21): error CS0103: The name 'TxtChampionNotDecided' does not exist in the current context [G:\CSharp\EsportsTournamentManager\EsportsTournamentManager\EsportsTournamentManager.csproj]
G:\CSharp\EsportsTournamentManager\EsportsTournamentManager\Views\Admin\Tournaments\TournamentsView.xaml.cs(229,21): error CS0103: The name 'TxtMvpName' does not exist in the current context [G:\CSharp\EsportsTournamentManager\EsportsTournamentManager\EsportsTournamentManager.csproj]
G:\CSharp\EsportsTournamentManager\EsportsTournamentManager\Views\Admin\Tournaments\TournamentsView.xaml.cs(230,21): error CS0103: The name 'TxtMvpTeam' does not exist in the current context [G:\CSharp\EsportsTournamentManager\EsportsTournamentManager\EsportsTournamentManager.csproj]
G:\CSharp\EsportsTournamentManager\EsportsTournamentManager\Views\Admin\Tournaments\TournamentsView.xaml.cs(231,21): error CS0103: The name 'TxtMvpScore' does not exist in the current context [G:\CSharp\EsportsTournamentManager\EsportsTournamentManager\EsportsTournamentManager.csproj]
G:\CSharp\EsportsTournamentManager\EsportsTournamentManager\Views\Admin\Tournaments\TournamentsView.xaml.cs(232,21): error CS0103: The name 'PanelTournamentMvp' does not exist in the current context [G:\CSharp\EsportsTournamentManager\EsportsTournamentManager\EsportsTournamentManager.csproj]
G:\CSharp\EsportsTournamentManager\EsportsTournamentManager\Views\Admin\Tournaments\TournamentsView.xaml.cs(233,21): error CS0103: The name 'TxtMvpNotDecided' does not exist in the current context [G:\CSharp\EsportsTournamentManager\EsportsTournamentManager\EsportsTournamentManager.csproj]
G:\CSharp\EsportsTournamentManager\EsportsTournamentManager\Views\Admin\Tournaments\TournamentsView.xaml.cs(237,21): error CS0103: The name 'PanelTournamentMvp' does not exist in the current context [G:\CSharp\EsportsTournamentManager\EsportsTournamentManager\EsportsTournamentManager.csproj]
G:\CSharp\EsportsTournamentManager\EsportsTournamentManager\Views\Admin\Tournaments\TournamentsView.xaml.cs(238,21): error CS0103: The name 'TxtMvpNotDecided' does not exist in the current context [G:\CSharp\EsportsTournamentManager\EsportsTournamentManager\EsportsTournamentManager.csproj]
G:\CSharp\EsportsTournamentManager\EsportsTournamentManager\Views\Admin\Tournaments\TournamentsView.xaml.cs(242,21): error CS0103: The name 'PanelTournamentOverview' does not exist in the current context [G:\CSharp\EsportsTournamentManager\EsportsTournamentManager\EsportsTournamentManager.csproj]
G:\CSharp\EsportsTournamentManager\EsportsTournamentManager\Views\Admin\Tournaments\TournamentsView.xaml.cs(242,81): error CS0103: The name 'PanelTournamentBracket' does not exist in the current context [G:\CSharp\EsportsTournamentManager\EsportsTournamentManager\EsportsTournamentManager.csproj]
G:\CSharp\EsportsTournamentManager\EsportsTournamentManager\Views\Admin\Tournaments\TournamentsView.xaml.cs(244,21): error CS0103: The name 'PanelTournaments' does not exist in the current context [G:\CSharp\EsportsTournamentManager\EsportsTournamentManager\EsportsTournamentManager.csproj]
G:\CSharp\EsportsTournamentManager\EsportsTournamentManager\Views\Admin\Tournaments\TournamentsView.xaml.cs(245,21): error CS0103: The name 'PanelTournamentBracket' does not exist in the current context [G:\CSharp\EsportsTournamentManager\EsportsTournamentManager\EsportsTournamentManager.csproj]
G:\CSharp\EsportsTournamentManager\EsportsTournamentManager\Views\Admin\Tournaments\TournamentsView.xaml.cs(246,21): error CS0103: The name 'PanelTournamentOverview' does not exist in the current context [G:\CSharp\EsportsTournamentManager\EsportsTournamentManager\EsportsTournamentManager.csproj]
G:\CSharp\EsportsTournamentManager\EsportsTournamentManager\Views\Admin\Tournaments\TournamentsView.xaml.cs(252,21): error CS0103: The name 'TxtDynamicListHeader' does not exist in the current context [G:\CSharp\EsportsTournamentManager\EsportsTournamentManager\EsportsTournamentManager.csproj]
G:\CSharp\EsportsTournamentManager\EsportsTournamentManager\Views\Admin\Tournaments\TournamentsView.xaml.cs(253,21): error CS0103: The name 'ListSelectTeams' does not exist in the current context [G:\CSharp\EsportsTournamentManager\EsportsTournamentManager\EsportsTournamentManager.csproj]
G:\CSharp\EsportsTournamentManager\EsportsTournamentManager\Views\Admin\Tournaments\TournamentsView.xaml.cs(254,21): error CS0103: The name 'ListShowTeams' does not exist in the current context [G:\CSharp\EsportsTournamentManager\EsportsTournamentManager\EsportsTournamentManager.csproj]
G:\CSharp\EsportsTournamentManager\EsportsTournamentManager\Views\Admin\Tournaments\TournamentsView.xaml.cs(255,21): error CS0103: The name 'BtnStartTournament' does not exist in the current context [G:\CSharp\EsportsTournamentManager\EsportsTournamentManager\EsportsTournamentManager.csproj]
G:\CSharp\EsportsTournamentManager\EsportsTournamentManager\Views\Admin\Tournaments\TournamentsView.xaml.cs(268,21): error CS0103: The name 'ListSelectTeams' does not exist in the current context [G:\CSharp\EsportsTournamentManager\EsportsTournamentManager\EsportsTournamentManager.csproj]
G:\CSharp\EsportsTournamentManager\EsportsTournamentManager\Views\Admin\Tournaments\TournamentsView.xaml.cs(272,21): error CS0103: The name 'TxtDynamicListHeader' does not exist in the current context [G:\CSharp\EsportsTournamentManager\EsportsTournamentManager\EsportsTournamentManager.csproj]
G:\CSharp\EsportsTournamentManager\EsportsTournamentManager\Views\Admin\Tournaments\TournamentsView.xaml.cs(273,21): error CS0103: The name 'ListSelectTeams' does not exist in the current context [G:\CSharp\EsportsTournamentManager\EsportsTournamentManager\EsportsTournamentManager.csproj]
G:\CSharp\EsportsTournamentManager\EsportsTournamentManager\Views\Admin\Tournaments\TournamentsView.xaml.cs(274,21): error CS0103: The name 'ListShowTeams' does not exist in the current context [G:\CSharp\EsportsTournamentManager\EsportsTournamentManager\EsportsTournamentManager.csproj]
G:\CSharp\EsportsTournamentManager\EsportsTournamentManager\Views\Admin\Tournaments\TournamentsView.xaml.cs(275,21): error CS0103: The name 'BtnStartTournament' does not exist in the current context [G:\CSharp\EsportsTournamentManager\EsportsTournamentManager\EsportsTournamentManager.csproj]
G:\CSharp\EsportsTournamentManager\EsportsTournamentManager\Views\Admin\Tournaments\TournamentsView.xaml.cs(278,21): error CS0103: The name 'ListShowTeams' does not exist in the current context [G:\CSharp\EsportsTournamentManager\EsportsTournamentManager\EsportsTournamentManager.csproj]
G:\CSharp\EsportsTournamentManager\EsportsTournamentManager\Views\Admin\PrizePools\PrizePoolsView.xaml.cs(125,32): error CS0103: The name 'CboPrizeRank' does not exist in the current context [G:\CSharp\EsportsTournamentManager\EsportsTournamentManager\EsportsTournamentManager.csproj]
G:\CSharp\EsportsTournamentManager\EsportsTournamentManager\Views\Admin\PrizePools\PrizePoolsView.xaml.cs(130,35): error CS0103: The name 'TxtPrizeAmount' does not exist in the current context [G:\CSharp\EsportsTournamentManager\EsportsTournamentManager\EsportsTournamentManager.csproj]
G:\CSharp\EsportsTournamentManager\EsportsTournamentManager\Views\Admin\PrizePools\PrizePoolsView.xaml.cs(136,35): error CS0103: The name 'TxtPrizeOther' does not exist in the current context [G:\CSharp\EsportsTournamentManager\EsportsTournamentManager\EsportsTournamentManager.csproj]
G:\CSharp\EsportsTournamentManager\EsportsTournamentManager\Views\Admin\PrizePools\PrizePoolsView.xaml.cs(163,17): error CS0103: The name 'TxtPrizeAmount' does not exist in the current context [G:\CSharp\EsportsTournamentManager\EsportsTournamentManager\EsportsTournamentManager.csproj]
G:\CSharp\EsportsTournamentManager\EsportsTournamentManager\Views\Admin\PrizePools\PrizePoolsView.xaml.cs(164,17): error CS0103: The name 'TxtPrizeOther' does not exist in the current context [G:\CSharp\EsportsTournamentManager\EsportsTournamentManager\EsportsTournamentManager.csproj]
G:\CSharp\EsportsTournamentManager\EsportsTournamentManager\Views\User\UserMain.xaml.cs(306,13): error CS0103: The name 'CanvasBracket' does not exist in the current context [G:\CSharp\EsportsTournamentManager\EsportsTournamentManager\EsportsTournamentManager.csproj]
G:\CSharp\EsportsTournamentManager\EsportsTournamentManager\Views\User\UserMain.xaml.cs(320,13): error CS0103: The name 'CanvasBracket' does not exist in the current context [G:\CSharp\EsportsTournamentManager\EsportsTournamentManager\EsportsTournamentManager.csproj]
G:\CSharp\EsportsTournamentManager\EsportsTournamentManager\Views\User\UserMain.xaml.cs(321,13): error CS0103: The name 'CanvasBracket' does not exist in the current context [G:\CSharp\EsportsTournamentManager\EsportsTournamentManager\EsportsTournamentManager.csproj]
G:\CSharp\EsportsTournamentManager\EsportsTournamentManager\Views\User\UserMain.xaml.cs(360,17): error CS0103: The name 'CanvasBracket' does not exist in the current context [G:\CSharp\EsportsTournamentManager\EsportsTournamentManager\EsportsTournamentManager.csproj]
G:\CSharp\EsportsTournamentManager\EsportsTournamentManager\Views\User\UserMain.xaml.cs(376,21): error CS0103: The name 'CanvasBracket' does not exist in the current context [G:\CSharp\EsportsTournamentManager\EsportsTournamentManager\EsportsTournamentManager.csproj]
G:\CSharp\EsportsTournamentManager\EsportsTournamentManager\Views\User\UserMain.xaml.cs(404,29): error CS0103: The name 'CanvasBracket' does not exist in the current context [G:\CSharp\EsportsTournamentManager\EsportsTournamentManager\EsportsTournamentManager.csproj]
G:\CSharp\EsportsTournamentManager\EsportsTournamentManager\Views\User\Dashboard\UserMatchDetailDialog.xaml.cs(118,13): error CS0103: The name 'TabPlayerStatsMaps' does not exist in the current context [G:\CSharp\EsportsTournamentManager\EsportsTournamentManager\EsportsTournamentManager.csproj]
G:\CSharp\EsportsTournamentManager\EsportsTournamentManager\Views\User\Dashboard\UserMatchDetailDialog.xaml.cs(133,17): error CS0103: The name 'TabPlayerStatsMaps' does not exist in the current context [G:\CSharp\EsportsTournamentManager\EsportsTournamentManager\EsportsTournamentManager.csproj]
G:\CSharp\EsportsTournamentManager\EsportsTournamentManager\Views\User\Dashboard\UserMatchDetailDialog.xaml.cs(164,17): error CS0103: The name 'TabPlayerStatsMaps' does not exist in the current context [G:\CSharp\EsportsTournamentManager\EsportsTournamentManager\EsportsTournamentManager.csproj]
G:\CSharp\EsportsTournamentManager\EsportsTournamentManager\Views\Admin\Tournaments\TournamentsView.xaml.cs(367,17): error CS0103: The name 'CanvasBracket' does not exist in the current context [G:\CSharp\EsportsTournamentManager\EsportsTournamentManager\EsportsTournamentManager.csproj]
G:\CSharp\EsportsTournamentManager\EsportsTournamentManager\Views\Admin\Tournaments\TournamentsView.xaml.cs(368,17): error CS0103: The name 'ScrollRoundRobin' does not exist in the current context [G:\CSharp\EsportsTournamentManager\EsportsTournamentManager\EsportsTournamentManager.csproj]
G:\CSharp\EsportsTournamentManager\EsportsTournamentManager\Views\Admin\Tournaments\TournamentsView.xaml.cs(369,17): error CS0103: The name 'CanvasBracket' does not exist in the current context [G:\CSharp\EsportsTournamentManager\EsportsTournamentManager\EsportsTournamentManager.csproj]
G:\CSharp\EsportsTournamentManager\EsportsTournamentManager\Views\Admin\Tournaments\TournamentsView.xaml.cs(370,17): error CS0103: The name 'CanvasBracket' does not exist in the current context [G:\CSharp\EsportsTournamentManager\EsportsTournamentManager\EsportsTournamentManager.csproj]
G:\CSharp\EsportsTournamentManager\EsportsTournamentManager\Views\Admin\Tournaments\TournamentsView.xaml.cs(371,17): error CS0103: The name 'CanvasBracket' does not exist in the current context [G:\CSharp\EsportsTournamentManager\EsportsTournamentManager\EsportsTournamentManager.csproj]
G:\CSharp\EsportsTournamentManager\EsportsTournamentManager\Views\Admin\Tournaments\TournamentsView.xaml.cs(384,17): error CS0103: The name 'CanvasBracket' does not exist in the current context [G:\CSharp\EsportsTournamentManager\EsportsTournamentManager\EsportsTournamentManager.csproj]
G:\CSharp\EsportsTournamentManager\EsportsTournamentManager\Views\Admin\Tournaments\TournamentsView.xaml.cs(390,17): error CS0103: The name 'CanvasBracket' does not exist in the current context [G:\CSharp\EsportsTournamentManager\EsportsTournamentManager\EsportsTournamentManager.csproj]
G:\CSharp\EsportsTournamentManager\EsportsTournamentManager\Views\Admin\Tournaments\TournamentsView.xaml.cs(391,17): error CS0103: The name 'ScrollRoundRobin' does not exist in the current context [G:\CSharp\EsportsTournamentManager\EsportsTournamentManager\EsportsTournamentManager.csproj]
G:\CSharp\EsportsTournamentManager\EsportsTournamentManager\Views\Admin\Tournaments\TournamentsView.xaml.cs(396,17): error CS0103: The name 'CanvasBracket' does not exist in the current context [G:\CSharp\EsportsTournamentManager\EsportsTournamentManager\EsportsTournamentManager.csproj]
G:\CSharp\EsportsTournamentManager\EsportsTournamentManager\Views\Admin\Tournaments\TournamentsView.xaml.cs(397,17): error CS0103: The name 'ScrollRoundRobin' does not exist in the current context [G:\CSharp\EsportsTournamentManager\EsportsTournamentManager\EsportsTournamentManager.csproj]
G:\CSharp\EsportsTournamentManager\EsportsTournamentManager\Views\Admin\Tournaments\TournamentsView.xaml.cs(402,17): error CS0103: The name 'CanvasBracket' does not exist in the current context [G:\CSharp\EsportsTournamentManager\EsportsTournamentManager\EsportsTournamentManager.csproj]
G:\CSharp\EsportsTournamentManager\EsportsTournamentManager\Views\Admin\Tournaments\TournamentsView.xaml.cs(403,17): error CS0103: The name 'ScrollRoundRobin' does not exist in the current context [G:\CSharp\EsportsTournamentManager\EsportsTournamentManager\EsportsTournamentManager.csproj]
G:\CSharp\EsportsTournamentManager\EsportsTournamentManager\Views\Admin\Tournaments\TournamentsView.xaml.cs(418,13): error CS0103: The name 'CanvasBracket' does not exist in the current context [G:\CSharp\EsportsTournamentManager\EsportsTournamentManager\EsportsTournamentManager.csproj]
G:\CSharp\EsportsTournamentManager\EsportsTournamentManager\Views\Admin\Tournaments\TournamentsView.xaml.cs(432,13): error CS0103: The name 'CanvasBracket' does not exist in the current context [G:\CSharp\EsportsTournamentManager\EsportsTournamentManager\EsportsTournamentManager.csproj]
G:\CSharp\EsportsTournamentManager\EsportsTournamentManager\Views\Admin\Tournaments\TournamentsView.xaml.cs(433,13): error CS0103: The name 'CanvasBracket' does not exist in the current context [G:\CSharp\EsportsTournamentManager\EsportsTournamentManager\EsportsTournamentManager.csproj]
G:\CSharp\EsportsTournamentManager\EsportsTournamentManager\Views\Admin\Tournaments\TournamentsView.xaml.cs(476,17): error CS0103: The name 'CanvasBracket' does not exist in the current context [G:\CSharp\EsportsTournamentManager\EsportsTournamentManager\EsportsTournamentManager.csproj]
G:\CSharp\EsportsTournamentManager\EsportsTournamentManager\Views\Admin\Tournaments\TournamentsView.xaml.cs(493,21): error CS0103: The name 'CanvasBracket' does not exist in the current context [G:\CSharp\EsportsTournamentManager\EsportsTournamentManager\EsportsTournamentManager.csproj]
G:\CSharp\EsportsTournamentManager\EsportsTournamentManager\Views\Admin\Tournaments\TournamentsView.xaml.cs(522,29): error CS0103: The name 'CanvasBracket' does not exist in the current context [G:\CSharp\EsportsTournamentManager\EsportsTournamentManager\EsportsTournamentManager.csproj]
G:\CSharp\EsportsTournamentManager\EsportsTournamentManager\Views\User\UserMain.xaml.cs(519,13): error CS0103: The name 'PanelRoundRobin' does not exist in the current context [G:\CSharp\EsportsTournamentManager\EsportsTournamentManager\EsportsTournamentManager.csproj]
G:\CSharp\EsportsTournamentManager\EsportsTournamentManager\Views\User\UserMain.xaml.cs(536,17): error CS0103: The name 'PanelRoundRobin' does not exist in the current context [G:\CSharp\EsportsTournamentManager\EsportsTournamentManager\EsportsTournamentManager.csproj]
G:\CSharp\EsportsTournamentManager\EsportsTournamentManager\Views\User\UserMain.xaml.cs(545,17): error CS0103: The name 'PanelRoundRobin' does not exist in the current context [G:\CSharp\EsportsTournamentManager\EsportsTournamentManager\EsportsTournamentManager.csproj]
G:\CSharp\EsportsTournamentManager\EsportsTournamentManager\Views\Admin\Tournaments\TournamentsView.xaml.cs(636,13): error CS0103: The name 'PanelRoundRobin' does not exist in the current context [G:\CSharp\EsportsTournamentManager\EsportsTournamentManager\EsportsTournamentManager.csproj]
G:\CSharp\EsportsTournamentManager\EsportsTournamentManager\Views\Admin\Tournaments\TournamentsView.xaml.cs(653,17): error CS0103: The name 'PanelRoundRobin' does not exist in the current context [G:\CSharp\EsportsTournamentManager\EsportsTournamentManager\EsportsTournamentManager.csproj]
G:\CSharp\EsportsTournamentManager\EsportsTournamentManager\Views\Admin\Tournaments\TournamentsView.xaml.cs(662,17): error CS0103: The name 'PanelRoundRobin' does not exist in the current context [G:\CSharp\EsportsTournamentManager\EsportsTournamentManager\EsportsTournamentManager.csproj]
G:\CSharp\EsportsTournamentManager\EsportsTournamentManager\Views\User\UserMain.xaml.cs(551,13): error CS0103: The name 'CanvasBracket' does not exist in the current context [G:\CSharp\EsportsTournamentManager\EsportsTournamentManager\EsportsTournamentManager.csproj]
G:\CSharp\EsportsTournamentManager\EsportsTournamentManager\Views\User\UserMain.xaml.cs(560,17): error CS0103: The name 'CanvasBracket' does not exist in the current context [G:\CSharp\EsportsTournamentManager\EsportsTournamentManager\EsportsTournamentManager.csproj]
G:\CSharp\EsportsTournamentManager\EsportsTournamentManager\Views\User\UserMain.xaml.cs(561,17): error CS0103: The name 'CanvasBracket' does not exist in the current context [G:\CSharp\EsportsTournamentManager\EsportsTournamentManager\EsportsTournamentManager.csproj]
G:\CSharp\EsportsTournamentManager\EsportsTournamentManager\Views\User\UserMain.xaml.cs(602,17): error CS0103: The name 'CanvasBracket' does not exist in the current context [G:\CSharp\EsportsTournamentManager\EsportsTournamentManager\EsportsTournamentManager.csproj]
G:\CSharp\EsportsTournamentManager\EsportsTournamentManager\Views\User\UserMain.xaml.cs(603,17): error CS0103: The name 'CanvasBracket' does not exist in the current context [G:\CSharp\EsportsTournamentManager\EsportsTournamentManager\EsportsTournamentManager.csproj]
G:\CSharp\EsportsTournamentManager\EsportsTournamentManager\Views\User\UserMain.xaml.cs(705,13): error CS0103: The name 'CanvasBracket' does not exist in the current context [G:\CSharp\EsportsTournamentManager\EsportsTournamentManager\EsportsTournamentManager.csproj]
G:\CSharp\EsportsTournamentManager\EsportsTournamentManager\Views\User\UserMain.xaml.cs(713,13): error CS0103: The name 'CanvasBracket' does not exist in the current context [G:\CSharp\EsportsTournamentManager\EsportsTournamentManager\EsportsTournamentManager.csproj]
G:\CSharp\EsportsTournamentManager\EsportsTournamentManager\Views\Admin\Tournaments\TournamentsView.xaml.cs(668,13): error CS0103: The name 'CanvasBracket' does not exist in the current context [G:\CSharp\EsportsTournamentManager\EsportsTournamentManager\EsportsTournamentManager.csproj]
G:\CSharp\EsportsTournamentManager\EsportsTournamentManager\Views\Admin\Tournaments\TournamentsView.xaml.cs(677,17): error CS0103: The name 'CanvasBracket' does not exist in the current context [G:\CSharp\EsportsTournamentManager\EsportsTournamentManager\EsportsTournamentManager.csproj]
G:\CSharp\EsportsTournamentManager\EsportsTournamentManager\Views\Admin\Tournaments\TournamentsView.xaml.cs(678,17): error CS0103: The name 'CanvasBracket' does not exist in the current context [G:\CSharp\EsportsTournamentManager\EsportsTournamentManager\EsportsTournamentManager.csproj]
G:\CSharp\EsportsTournamentManager\EsportsTournamentManager\Views\Admin\Tournaments\TournamentsView.xaml.cs(728,17): error CS0103: The name 'CanvasBracket' does not exist in the current context [G:\CSharp\EsportsTournamentManager\EsportsTournamentManager\EsportsTournamentManager.csproj]
G:\CSharp\EsportsTournamentManager\EsportsTournamentManager\Views\Admin\Tournaments\TournamentsView.xaml.cs(729,17): error CS0103: The name 'CanvasBracket' does not exist in the current context [G:\CSharp\EsportsTournamentManager\EsportsTournamentManager\EsportsTournamentManager.csproj]
G:\CSharp\EsportsTournamentManager\EsportsTournamentManager\Views\User\UserMain.xaml.cs(727,13): error CS0103: The name 'CanvasBracket' does not exist in the current context [G:\CSharp\EsportsTournamentManager\EsportsTournamentManager\EsportsTournamentManager.csproj]
G:\CSharp\EsportsTournamentManager\EsportsTournamentManager\Views\Admin\Tournaments\TournamentsView.xaml.cs(845,13): error CS0103: The name 'CanvasBracket' does not exist in the current context [G:\CSharp\EsportsTournamentManager\EsportsTournamentManager\EsportsTournamentManager.csproj]
G:\CSharp\EsportsTournamentManager\EsportsTournamentManager\Views\Admin\Tournaments\TournamentsView.xaml.cs(853,13): error CS0103: The name 'CanvasBracket' does not exist in the current context [G:\CSharp\EsportsTournamentManager\EsportsTournamentManager\EsportsTournamentManager.csproj]
G:\CSharp\EsportsTournamentManager\EsportsTournamentManager\Views\Admin\Tournaments\MatchDetailDialog.xaml.cs(446,17): error CS0103: The name 'TxtMatchMvp' does not exist in the current context [G:\CSharp\EsportsTournamentManager\EsportsTournamentManager\EsportsTournamentManager.csproj]
G:\CSharp\EsportsTournamentManager\EsportsTournamentManager\Views\Admin\Tournaments\MatchDetailDialog.xaml.cs(461,17): error CS0103: The name 'TxtMatchMvp' does not exist in the current context [G:\CSharp\EsportsTournamentManager\EsportsTournamentManager\EsportsTournamentManager.csproj]
G:\CSharp\EsportsTournamentManager\EsportsTournamentManager\Views\Admin\Tournaments\MatchDetailDialog.xaml.cs(465,17): error CS0103: The name 'TxtMatchMvp' does not exist in the current context [G:\CSharp\EsportsTournamentManager\EsportsTournamentManager\EsportsTournamentManager.csproj]
G:\CSharp\EsportsTournamentManager\EsportsTournamentManager\Views\Admin\Tournaments\TournamentsView.xaml.cs(867,13): error CS0103: The name 'CanvasBracket' does not exist in the current context [G:\CSharp\EsportsTournamentManager\EsportsTournamentManager\EsportsTournamentManager.csproj]
G:\CSharp\EsportsTournamentManager\EsportsTournamentManager\Views\Admin\Tournaments\MatchDetailDialog.xaml.cs(480,13): error CS0103: The name 'TxtTeam1Score' does not exist in the current context [G:\CSharp\EsportsTournamentManager\EsportsTournamentManager\EsportsTournamentManager.csproj]
G:\CSharp\EsportsTournamentManager\EsportsTournamentManager\Views\Admin\Tournaments\MatchDetailDialog.xaml.cs(481,13): error CS0103: The name 'TxtTeam2Score' does not exist in the current context [G:\CSharp\EsportsTournamentManager\EsportsTournamentManager\EsportsTournamentManager.csproj]
G:\CSharp\EsportsTournamentManager\EsportsTournamentManager\Views\User\Dashboard\UserMatchDetailDialog.xaml.cs(214,17): error CS0103: The name 'TxtT1Kills' does not exist in the current context [G:\CSharp\EsportsTournamentManager\EsportsTournamentManager\EsportsTournamentManager.csproj]
G:\CSharp\EsportsTournamentManager\EsportsTournamentManager\Views\User\Dashboard\UserMatchDetailDialog.xaml.cs(215,17): error CS0103: The name 'TxtT2Kills' does not exist in the current context [G:\CSharp\EsportsTournamentManager\EsportsTournamentManager\EsportsTournamentManager.csproj]
G:\CSharp\EsportsTournamentManager\EsportsTournamentManager\Views\User\Dashboard\UserMatchDetailDialog.xaml.cs(216,17): error CS0103: The name 'TxtT1Damage' does not exist in the current context [G:\CSharp\EsportsTournamentManager\EsportsTournamentManager\EsportsTournamentManager.csproj]
G:\CSharp\EsportsTournamentManager\EsportsTournamentManager\Views\User\Dashboard\UserMatchDetailDialog.xaml.cs(217,17): error CS0103: The name 'TxtT2Damage' does not exist in the current context [G:\CSharp\EsportsTournamentManager\EsportsTournamentManager\EsportsTournamentManager.csproj]
G:\CSharp\EsportsTournamentManager\EsportsTournamentManager\Views\User\Dashboard\UserMatchDetailDialog.xaml.cs(218,17): error CS0103: The name 'TxtT1CS' does not exist in the current context [G:\CSharp\EsportsTournamentManager\EsportsTournamentManager\EsportsTournamentManager.csproj]
G:\CSharp\EsportsTournamentManager\EsportsTournamentManager\Views\User\Dashboard\UserMatchDetailDialog.xaml.cs(219,17): error CS0103: The name 'TxtT2CS' does not exist in the current context [G:\CSharp\EsportsTournamentManager\EsportsTournamentManager\EsportsTournamentManager.csproj]
G:\CSharp\EsportsTournamentManager\EsportsTournamentManager\Views\User\Dashboard\UserMatchDetailDialog.xaml.cs(220,17): error CS0103: The name 'TxtT1Dragons' does not exist in the current context [G:\CSharp\EsportsTournamentManager\EsportsTournamentManager\EsportsTournamentManager.csproj]
G:\CSharp\EsportsTournamentManager\EsportsTournamentManager\Views\User\Dashboard\UserMatchDetailDialog.xaml.cs(221,17): error CS0103: The name 'TxtT2Dragons' does not exist in the current context [G:\CSharp\EsportsTournamentManager\EsportsTournamentManager\EsportsTournamentManager.csproj]
G:\CSharp\EsportsTournamentManager\EsportsTournamentManager\Views\User\Dashboard\UserMatchDetailDialog.xaml.cs(222,17): error CS0103: The name 'TxtT1Towers' does not exist in the current context [G:\CSharp\EsportsTournamentManager\EsportsTournamentManager\EsportsTournamentManager.csproj]
G:\CSharp\EsportsTournamentManager\EsportsTournamentManager\Views\User\Dashboard\UserMatchDetailDialog.xaml.cs(223,17): error CS0103: The name 'TxtT2Towers' does not exist in the current context [G:\CSharp\EsportsTournamentManager\EsportsTournamentManager\EsportsTournamentManager.csproj]
G:\CSharp\EsportsTournamentManager\EsportsTournamentManager\Views\User\Dashboard\UserMatchDetailDialog.xaml.cs(225,17): error CS0103: The name 'ColT1Kills' does not exist in the current context [G:\CSharp\EsportsTournamentManager\EsportsTournamentManager\EsportsTournamentManager.csproj]
G:\CSharp\EsportsTournamentManager\EsportsTournamentManager\Views\User\Dashboard\UserMatchDetailDialog.xaml.cs(226,17): error CS0103: The name 'ColT2Kills' does not exist in the current context [G:\CSharp\EsportsTournamentManager\EsportsTournamentManager\EsportsTournamentManager.csproj]
G:\CSharp\EsportsTournamentManager\EsportsTournamentManager\Views\User\Dashboard\UserMatchDetailDialog.xaml.cs(227,17): error CS0103: The name 'ColT1Damage' does not exist in the current context [G:\CSharp\EsportsTournamentManager\EsportsTournamentManager\EsportsTournamentManager.csproj]
G:\CSharp\EsportsTournamentManager\EsportsTournamentManager\Views\User\Dashboard\UserMatchDetailDialog.xaml.cs(228,17): error CS0103: The name 'ColT2Damage' does not exist in the current context [G:\CSharp\EsportsTournamentManager\EsportsTournamentManager\EsportsTournamentManager.csproj]
G:\CSharp\EsportsTournamentManager\EsportsTournamentManager\Views\User\Dashboard\UserMatchDetailDialog.xaml.cs(229,17): error CS0103: The name 'ColT1CS' does not exist in the current context [G:\CSharp\EsportsTournamentManager\EsportsTournamentManager\EsportsTournamentManager.csproj]
G:\CSharp\EsportsTournamentManager\EsportsTournamentManager\Views\User\Dashboard\UserMatchDetailDialog.xaml.cs(230,17): error CS0103: The name 'ColT2CS' does not exist in the current context [G:\CSharp\EsportsTournamentManager\EsportsTournamentManager\EsportsTournamentManager.csproj]
G:\CSharp\EsportsTournamentManager\EsportsTournamentManager\Views\User\Dashboard\UserMatchDetailDialog.xaml.cs(231,17): error CS0103: The name 'ColT1Dragons' does not exist in the current context [G:\CSharp\EsportsTournamentManager\EsportsTournamentManager\EsportsTournamentManager.csproj]
G:\CSharp\EsportsTournamentManager\EsportsTournamentManager\Views\User\Dashboard\UserMatchDetailDialog.xaml.cs(232,17): error CS0103: The name 'ColT2Dragons' does not exist in the current context [G:\CSharp\EsportsTournamentManager\EsportsTournamentManager\EsportsTournamentManager.csproj]
G:\CSharp\EsportsTournamentManager\EsportsTournamentManager\Views\User\Dashboard\UserMatchDetailDialog.xaml.cs(233,17): error CS0103: The name 'ColT1Towers' does not exist in the current context [G:\CSharp\EsportsTournamentManager\EsportsTournamentManager\EsportsTournamentManager.csproj]
G:\CSharp\EsportsTournamentManager\EsportsTournamentManager\Views\User\Dashboard\UserMatchDetailDialog.xaml.cs(234,17): error CS0103: The name 'ColT2Towers' does not exist in the current context [G:\CSharp\EsportsTournamentManager\EsportsTournamentManager\EsportsTournamentManager.csproj]
G:\CSharp\EsportsTournamentManager\EsportsTournamentManager\Views\User\Dashboard\UserMatchDetailDialog.xaml.cs(250,13): error CS0103: The name 'TxtT1Kills' does not exist in the current context [G:\CSharp\EsportsTournamentManager\EsportsTournamentManager\EsportsTournamentManager.csproj]
G:\CSharp\EsportsTournamentManager\EsportsTournamentManager\Views\User\Dashboard\UserMatchDetailDialog.xaml.cs(251,13): error CS0103: The name 'TxtT2Kills' does not exist in the current context [G:\CSharp\EsportsTournamentManager\EsportsTournamentManager\EsportsTournamentManager.csproj]
G:\CSharp\EsportsTournamentManager\EsportsTournamentManager\Views\User\Dashboard\UserMatchDetailDialog.xaml.cs(252,13): error CS0103: The name 'TxtT1Damage' does not exist in the current context [G:\CSharp\EsportsTournamentManager\EsportsTournamentManager\EsportsTournamentManager.csproj]
G:\CSharp\EsportsTournamentManager\EsportsTournamentManager\Views\User\Dashboard\UserMatchDetailDialog.xaml.cs(253,13): error CS0103: The name 'TxtT2Damage' does not exist in the current context [G:\CSharp\EsportsTournamentManager\EsportsTournamentManager\EsportsTournamentManager.csproj]
G:\CSharp\EsportsTournamentManager\EsportsTournamentManager\Views\User\Dashboard\UserMatchDetailDialog.xaml.cs(254,13): error CS0103: The name 'TxtT1CS' does not exist in the current context [G:\CSharp\EsportsTournamentManager\EsportsTournamentManager\EsportsTournamentManager.csproj]
G:\CSharp\EsportsTournamentManager\EsportsTournamentManager\Views\User\Dashboard\UserMatchDetailDialog.xaml.cs(255,13): error CS0103: The name 'TxtT2CS' does not exist in the current context [G:\CSharp\EsportsTournamentManager\EsportsTournamentManager\EsportsTournamentManager.csproj]
G:\CSharp\EsportsTournamentManager\EsportsTournamentManager\Views\User\Dashboard\UserMatchDetailDialog.xaml.cs(256,13): error CS0103: The name 'TxtT1Dragons' does not exist in the current context [G:\CSharp\EsportsTournamentManager\EsportsTournamentManager\EsportsTournamentManager.csproj]
G:\CSharp\EsportsTournamentManager\EsportsTournamentManager\Views\User\Dashboard\UserMatchDetailDialog.xaml.cs(257,13): error CS0103: The name 'TxtT2Dragons' does not exist in the current context [G:\CSharp\EsportsTournamentManager\EsportsTournamentManager\EsportsTournamentManager.csproj]
G:\CSharp\EsportsTournamentManager\EsportsTournamentManager\Views\User\Dashboard\UserMatchDetailDialog.xaml.cs(258,13): error CS0103: The name 'TxtT1Towers' does not exist in the current context [G:\CSharp\EsportsTournamentManager\EsportsTournamentManager\EsportsTournamentManager.csproj]
G:\CSharp\EsportsTournamentManager\EsportsTournamentManager\Views\User\Dashboard\UserMatchDetailDialog.xaml.cs(259,13): error CS0103: The name 'TxtT2Towers' does not exist in the current context [G:\CSharp\EsportsTournamentManager\EsportsTournamentManager\EsportsTournamentManager.csproj]
G:\CSharp\EsportsTournamentManager\EsportsTournamentManager\Views\User\Dashboard\UserMatchDetailDialog.xaml.cs(262,13): error CS0103: The name 'ColT1Kills' does not exist in the current context [G:\CSharp\EsportsTournamentManager\EsportsTournamentManager\EsportsTournamentManager.csproj]
G:\CSharp\EsportsTournamentManager\EsportsTournamentManager\Views\User\Dashboard\UserMatchDetailDialog.xaml.cs(263,13): error CS0103: The name 'ColT2Kills' does not exist in the current context [G:\CSharp\EsportsTournamentManager\EsportsTournamentManager\EsportsTournamentManager.csproj]
G:\CSharp\EsportsTournamentManager\EsportsTournamentManager\Views\User\Dashboard\UserMatchDetailDialog.xaml.cs(266,13): error CS0103: The name 'ColT1Damage' does not exist in the current context [G:\CSharp\EsportsTournamentManager\EsportsTournamentManager\EsportsTournamentManager.csproj]
G:\CSharp\EsportsTournamentManager\EsportsTournamentManager\Views\User\Dashboard\UserMatchDetailDialog.xaml.cs(267,13): error CS0103: The name 'ColT2Damage' does not exist in the current context [G:\CSharp\EsportsTournamentManager\EsportsTournamentManager\EsportsTournamentManager.csproj]
G:\CSharp\EsportsTournamentManager\EsportsTournamentManager\Views\User\Dashboard\UserMatchDetailDialog.xaml.cs(270,13): error CS0103: The name 'ColT1CS' does not exist in the current context [G:\CSharp\EsportsTournamentManager\EsportsTournamentManager\EsportsTournamentManager.csproj]
G:\CSharp\EsportsTournamentManager\EsportsTournamentManager\Views\User\Dashboard\UserMatchDetailDialog.xaml.cs(271,13): error CS0103: The name 'ColT2CS' does not exist in the current context [G:\CSharp\EsportsTournamentManager\EsportsTournamentManager\EsportsTournamentManager.csproj]
G:\CSharp\EsportsTournamentManager\EsportsTournamentManager\Views\User\Dashboard\UserMatchDetailDialog.xaml.cs(274,13): error CS0103: The name 'ColT1Dragons' does not exist in the current context [G:\CSharp\EsportsTournamentManager\EsportsTournamentManager\EsportsTournamentManager.csproj]
G:\CSharp\EsportsTournamentManager\EsportsTournamentManager\Views\User\Dashboard\UserMatchDetailDialog.xaml.cs(275,13): error CS0103: The name 'ColT2Dragons' does not exist in the current context [G:\CSharp\EsportsTournamentManager\EsportsTournamentManager\EsportsTournamentManager.csproj]
G:\CSharp\EsportsTournamentManager\EsportsTournamentManager\Views\User\Dashboard\UserMatchDetailDialog.xaml.cs(278,13): error CS0103: The name 'ColT1Towers' does not exist in the current context [G:\CSharp\EsportsTournamentManager\EsportsTournamentManager\EsportsTournamentManager.csproj]
G:\CSharp\EsportsTournamentManager\EsportsTournamentManager\Views\User\Dashboard\UserMatchDetailDialog.xaml.cs(279,13): error CS0103: The name 'ColT2Towers' does not exist in the current context [G:\CSharp\EsportsTournamentManager\EsportsTournamentManager\EsportsTournamentManager.csproj]
G:\CSharp\EsportsTournamentManager\EsportsTournamentManager\Views\Admin\Tournaments\MatchDetailDialog.xaml.cs(523,38): error CS0103: The name 'CboStatus' does not exist in the current context [G:\CSharp\EsportsTournamentManager\EsportsTournamentManager\EsportsTournamentManager.csproj]
G:\CSharp\EsportsTournamentManager\EsportsTournamentManager\Views\User\UserMain.xaml.cs(799,17): error CS0103: The name 'TxtTeamNameTitle' does not exist in the current context [G:\CSharp\EsportsTournamentManager\EsportsTournamentManager\EsportsTournamentManager.csproj]
G:\CSharp\EsportsTournamentManager\EsportsTournamentManager\Views\User\UserMain.xaml.cs(800,17): error CS0103: The name 'TxtTeamCoach' does not exist in the current context [G:\CSharp\EsportsTournamentManager\EsportsTournamentManager\EsportsTournamentManager.csproj]
G:\CSharp\EsportsTournamentManager\EsportsTournamentManager\Views\User\UserMain.xaml.cs(803,17): error CS0103: The name 'TxtTeamWinRate' does not exist in the current context [G:\CSharp\EsportsTournamentManager\EsportsTournamentManager\EsportsTournamentManager.csproj]
G:\CSharp\EsportsTournamentManager\EsportsTournamentManager\Views\User\UserMain.xaml.cs(804,17): error CS0103: The name 'TxtTeamAvgKills' does not exist in the current context [G:\CSharp\EsportsTournamentManager\EsportsTournamentManager\EsportsTournamentManager.csproj]
G:\CSharp\EsportsTournamentManager\EsportsTournamentManager\Views\User\UserMain.xaml.cs(805,17): error CS0103: The name 'TxtTeamAvgDamage' does not exist in the current context [G:\CSharp\EsportsTournamentManager\EsportsTournamentManager\EsportsTournamentManager.csproj]
G:\CSharp\EsportsTournamentManager\EsportsTournamentManager\Views\User\UserMain.xaml.cs(806,17): error CS0103: The name 'TxtTeamAvgCS' does not exist in the current context [G:\CSharp\EsportsTournamentManager\EsportsTournamentManager\EsportsTournamentManager.csproj]
G:\CSharp\EsportsTournamentManager\EsportsTournamentManager\Views\User\UserMain.xaml.cs(809,17): error CS0103: The name 'ListTeamPlayers' does not exist in the current context [G:\CSharp\EsportsTournamentManager\EsportsTournamentManager\EsportsTournamentManager.csproj]
G:\CSharp\EsportsTournamentManager\EsportsTournamentManager\Views\User\UserMain.xaml.cs(812,17): error CS0103: The name 'ListTeamRecentMatches' does not exist in the current context [G:\CSharp\EsportsTournamentManager\EsportsTournamentManager\EsportsTournamentManager.csproj]
G:\CSharp\EsportsTournamentManager\EsportsTournamentManager\Views\User\UserMain.xaml.cs(814,27): error CS0103: The name 'PanelTeamDetail' does not exist in the current context [G:\CSharp\EsportsTournamentManager\EsportsTournamentManager\EsportsTournamentManager.csproj]
G:\CSharp\EsportsTournamentManager\EsportsTournamentManager\Views\User\UserMain.xaml.cs(832,17): error CS0103: The name 'TxtPlayerInGameName' does not exist in the current context [G:\CSharp\EsportsTournamentManager\EsportsTournamentManager\EsportsTournamentManager.csproj]
G:\CSharp\EsportsTournamentManager\EsportsTournamentManager\Views\User\UserMain.xaml.cs(833,17): error CS0103: The name 'TxtPlayerRealName' does not exist in the current context [G:\CSharp\EsportsTournamentManager\EsportsTournamentManager\EsportsTournamentManager.csproj]
G:\CSharp\EsportsTournamentManager\EsportsTournamentManager\Views\User\UserMain.xaml.cs(837,21): error CS0103: The name 'TxtPlayerTeam' does not exist in the current context [G:\CSharp\EsportsTournamentManager\EsportsTournamentManager\EsportsTournamentManager.csproj]
G:\CSharp\EsportsTournamentManager\EsportsTournamentManager\Views\User\UserMain.xaml.cs(838,21): error CS0103: The name 'TxtPlayerTeam' does not exist in the current context [G:\CSharp\EsportsTournamentManager\EsportsTournamentManager\EsportsTournamentManager.csproj]
G:\CSharp\EsportsTournamentManager\EsportsTournamentManager\Views\User\UserMain.xaml.cs(839,21): error CS0103: The name 'TxtPlayerTeam' does not exist in the current context [G:\CSharp\EsportsTournamentManager\EsportsTournamentManager\EsportsTournamentManager.csproj]
G:\CSharp\EsportsTournamentManager\EsportsTournamentManager\Views\User\UserMain.xaml.cs(843,21): error CS0103: The name 'TxtPlayerTeam' does not exist in the current context [G:\CSharp\EsportsTournamentManager\EsportsTournamentManager\EsportsTournamentManager.csproj]
G:\CSharp\EsportsTournamentManager\EsportsTournamentManager\Views\User\UserMain.xaml.cs(849,21): error CS0103: The name 'TxtPlayerAvgKDA' does not exist in the current context [G:\CSharp\EsportsTournamentManager\EsportsTournamentManager\EsportsTournamentManager.csproj]
G:\CSharp\EsportsTournamentManager\EsportsTournamentManager\Views\User\UserMain.xaml.cs(850,21): error CS0103: The name 'TxtPlayerAvgPTS' does not exist in the current context [G:\CSharp\EsportsTournamentManager\EsportsTournamentManager\EsportsTournamentManager.csproj]
G:\CSharp\EsportsTournamentManager\EsportsTournamentManager\Views\User\UserMain.xaml.cs(851,21): error CS0103: The name 'TxtPlayerAvgDamage' does not exist in the current context [G:\CSharp\EsportsTournamentManager\EsportsTournamentManager\EsportsTournamentManager.csproj]
G:\CSharp\EsportsTournamentManager\EsportsTournamentManager\Views\User\UserMain.xaml.cs(852,21): error CS0103: The name 'TxtPlayerAvgCS' does not exist in the current context [G:\CSharp\EsportsTournamentManager\EsportsTournamentManager\EsportsTournamentManager.csproj]
G:\CSharp\EsportsTournamentManager\EsportsTournamentManager\Views\User\UserMain.xaml.cs(853,21): error CS0103: The name 'TxtPlayerPosition' does not exist in the current context [G:\CSharp\EsportsTournamentManager\EsportsTournamentManager\EsportsTournamentManager.csproj]
G:\CSharp\EsportsTournamentManager\EsportsTournamentManager\Views\User\UserMain.xaml.cs(854,21): error CS0103: The name 'TxtPlayerMatchesPlayed' does not exist in the current context [G:\CSharp\EsportsTournamentManager\EsportsTournamentManager\EsportsTournamentManager.csproj]
G:\CSharp\EsportsTournamentManager\EsportsTournamentManager\Views\User\UserMain.xaml.cs(856,21): error CS0103: The name 'ListPlayerRecentMatches' does not exist in the current context [G:\CSharp\EsportsTournamentManager\EsportsTournamentManager\EsportsTournamentManager.csproj]
G:\CSharp\EsportsTournamentManager\EsportsTournamentManager\Views\User\UserMain.xaml.cs(859,21): error CS0103: The name 'PanelPlayerChampions' does not exist in the current context [G:\CSharp\EsportsTournamentManager\EsportsTournamentManager\EsportsTournamentManager.csproj]
G:\CSharp\EsportsTournamentManager\EsportsTournamentManager\Views\User\UserMain.xaml.cs(878,25): error CS0103: The name 'PanelPlayerChampions' does not exist in the current context [G:\CSharp\EsportsTournamentManager\EsportsTournamentManager\EsportsTournamentManager.csproj]
G:\CSharp\EsportsTournamentManager\EsportsTournamentManager\Views\User\UserMain.xaml.cs(882,27): error CS0103: The name 'PanelPlayerDetail' does not exist in the current context [G:\CSharp\EsportsTournamentManager\EsportsTournamentManager\EsportsTournamentManager.csproj]
    0 Warning(s)
    419 Error(s)

Time Elapsed 00:00:02.88
